Component: ARM Compiler 5.06 update 7 (build 960) Tool: armlink [4d3601]

==============================================================================

Section Cross References

    startup_stm32f10x_hd.o(STACK) refers (Special) to heapauxi.o(.text) for __use_two_region_memory
    startup_stm32f10x_hd.o(HEAP) refers (Special) to heapauxi.o(.text) for __use_two_region_memory
    startup_stm32f10x_hd.o(RESET) refers (Special) to heapauxi.o(.text) for __use_two_region_memory
    startup_stm32f10x_hd.o(RESET) refers to startup_stm32f10x_hd.o(STACK) for __initial_sp
    startup_stm32f10x_hd.o(RESET) refers to startup_stm32f10x_hd.o(.text) for Reset_Handler
    startup_stm32f10x_hd.o(RESET) refers to stm32f10x_it.o(i.NMI_Handler) for NMI_Handler
    startup_stm32f10x_hd.o(RESET) refers to stm32f10x_it.o(i.HardFault_Handler) for HardFault_Handler
    startup_stm32f10x_hd.o(RESET) refers to stm32f10x_it.o(i.MemManage_Handler) for MemManage_Handler
    startup_stm32f10x_hd.o(RESET) refers to stm32f10x_it.o(i.BusFault_Handler) for BusFault_Handler
    startup_stm32f10x_hd.o(RESET) refers to stm32f10x_it.o(i.UsageFault_Handler) for UsageFault_Handler
    startup_stm32f10x_hd.o(RESET) refers to stm32f10x_it.o(i.SVC_Handler) for SVC_Handler
    startup_stm32f10x_hd.o(RESET) refers to stm32f10x_it.o(i.DebugMon_Handler) for DebugMon_Handler
    startup_stm32f10x_hd.o(RESET) refers to stm32f10x_it.o(i.SysTick_Handler) for SysTick_Handler
    startup_stm32f10x_hd.o(RESET) refers to hw_config.o(i.USB_LP_CAN1_RX0_IRQHandler) for USB_LP_CAN1_RX0_IRQHandler
    startup_stm32f10x_hd.o(RESET) refers to stm32f10x_it.o(i.EXTI9_5_IRQHandler) for EXTI9_5_IRQHandler
    startup_stm32f10x_hd.o(RESET) refers to main.o(i.TIM2_IRQHandler) for TIM2_IRQHandler
    startup_stm32f10x_hd.o(RESET) refers to btk05.o(i.USART1_IRQHandler) for USART1_IRQHandler
    startup_stm32f10x_hd.o(RESET) refers to hw_config.o(i.USBWakeUp_IRQHandler) for USBWakeUp_IRQHandler
    startup_stm32f10x_hd.o(.text) refers (Special) to heapauxi.o(.text) for __use_two_region_memory
    startup_stm32f10x_hd.o(.text) refers to system_stm32f10x.o(i.SystemInit) for SystemInit
    startup_stm32f10x_hd.o(.text) refers to __main.o(!!!main) for __main
    startup_stm32f10x_hd.o(.text) refers to startup_stm32f10x_hd.o(HEAP) for Heap_Mem
    startup_stm32f10x_hd.o(.text) refers to startup_stm32f10x_hd.o(STACK) for Stack_Mem
    stm32f10x_adc.o(i.ADC_DeInit) refers to stm32f10x_rcc.o(i.RCC_APB2PeriphResetCmd) for RCC_APB2PeriphResetCmd
    stm32f10x_bkp.o(i.BKP_DeInit) refers to stm32f10x_rcc.o(i.RCC_BackupResetCmd) for RCC_BackupResetCmd
    stm32f10x_can.o(i.CAN_DeInit) refers to stm32f10x_rcc.o(i.RCC_APB1PeriphResetCmd) for RCC_APB1PeriphResetCmd
    stm32f10x_can.o(i.CAN_GetITStatus) refers to stm32f10x_can.o(i.CheckITStatus) for CheckITStatus
    stm32f10x_cec.o(i.CEC_DeInit) refers to stm32f10x_rcc.o(i.RCC_APB1PeriphResetCmd) for RCC_APB1PeriphResetCmd
    stm32f10x_dac.o(i.DAC_DeInit) refers to stm32f10x_rcc.o(i.RCC_APB1PeriphResetCmd) for RCC_APB1PeriphResetCmd
    stm32f10x_flash.o(i.FLASH_EnableWriteProtection) refers to stm32f10x_flash.o(i.FLASH_WaitForLastOperation) for FLASH_WaitForLastOperation
    stm32f10x_flash.o(i.FLASH_EraseAllBank1Pages) refers to stm32f10x_flash.o(i.FLASH_WaitForLastBank1Operation) for FLASH_WaitForLastBank1Operation
    stm32f10x_flash.o(i.FLASH_EraseAllPages) refers to stm32f10x_flash.o(i.FLASH_WaitForLastOperation) for FLASH_WaitForLastOperation
    stm32f10x_flash.o(i.FLASH_EraseOptionBytes) refers to stm32f10x_flash.o(i.FLASH_GetReadOutProtectionStatus) for FLASH_GetReadOutProtectionStatus
    stm32f10x_flash.o(i.FLASH_EraseOptionBytes) refers to stm32f10x_flash.o(i.FLASH_WaitForLastOperation) for FLASH_WaitForLastOperation
    stm32f10x_flash.o(i.FLASH_ErasePage) refers to stm32f10x_flash.o(i.FLASH_WaitForLastOperation) for FLASH_WaitForLastOperation
    stm32f10x_flash.o(i.FLASH_ProgramHalfWord) refers to stm32f10x_flash.o(i.FLASH_WaitForLastOperation) for FLASH_WaitForLastOperation
    stm32f10x_flash.o(i.FLASH_ProgramOptionByteData) refers to stm32f10x_flash.o(i.FLASH_WaitForLastOperation) for FLASH_WaitForLastOperation
    stm32f10x_flash.o(i.FLASH_ProgramWord) refers to stm32f10x_flash.o(i.FLASH_WaitForLastOperation) for FLASH_WaitForLastOperation
    stm32f10x_flash.o(i.FLASH_ReadOutProtection) refers to stm32f10x_flash.o(i.FLASH_WaitForLastOperation) for FLASH_WaitForLastOperation
    stm32f10x_flash.o(i.FLASH_UserOptionByteConfig) refers to stm32f10x_flash.o(i.FLASH_WaitForLastOperation) for FLASH_WaitForLastOperation
    stm32f10x_flash.o(i.FLASH_WaitForLastBank1Operation) refers to stm32f10x_flash.o(i.FLASH_GetBank1Status) for FLASH_GetBank1Status
    stm32f10x_flash.o(i.FLASH_WaitForLastOperation) refers to stm32f10x_flash.o(i.FLASH_GetBank1Status) for FLASH_GetBank1Status
    stm32f10x_gpio.o(i.GPIO_AFIODeInit) refers to stm32f10x_rcc.o(i.RCC_APB2PeriphResetCmd) for RCC_APB2PeriphResetCmd
[...]
    i.LED_SetDisplay                         0x08001844   Section        0  led.o(i.LED_SetDisplay)
    i.LED_SetFlash                           0x08001888   Section        0  led.o(i.LED_SetFlash)
    i.LED_WakeUp                             0x080018b4   Section        0  led.o(i.LED_WakeUp)
    i.Leave_LowPowerMode                     0x080018bc   Section        0  hw_config.o(i.Leave_LowPowerMode)
    i.MemManage_Handler                      0x080018dc   Section        0  stm32f10x_it.o(i.MemManage_Handler)
    i.NMI_Handler                            0x080018de   Section        0  stm32f10x_it.o(i.NMI_Handler)
    i.NOP_Process                            0x080018e0   Section        0  usb_core.o(i.NOP_Process)
    i.NVIC_Init                              0x080018e4   Section        0  misc.o(i.NVIC_Init)
    i.NVIC_PriorityGroupConfig               0x08001948   Section        0  misc.o(i.NVIC_PriorityGroupConfig)
    i.NoData_Setup0                          0x0800195c   Section        0  usb_core.o(i.NoData_Setup0)
    NoData_Setup0                            0x0800195d   Thumb Code   204  usb_core.o(i.NoData_Setup0)
    i.Out0_Process                           0x08001a3c   Section        0  usb_core.o(i.Out0_Process)
    i.PMAToUserBufferCopy                    0x08001a88   Section        0  usb_mem.o(i.PMAToUserBufferCopy)
    i.PWR_EnterSTOPMode                      0x08001aac   Section        0  stm32f10x_pwr.o(i.PWR_EnterSTOPMode)
    i.Post0_Process                          0x08001ae0   Section        0  usb_core.o(i.Post0_Process)
    i.PowerOn                                0x08001b20   Section        0  usb_pwr.o(i.PowerOn)
    i.RCC_APB1PeriphClockCmd                 0x08001b4c   Section        0  stm32f10x_rcc.o(i.RCC_APB1PeriphClockCmd)
    i.RCC_APB1PeriphResetCmd                 0x08001b68   Section        0  stm32f10x_rcc.o(i.RCC_APB1PeriphResetCmd)
    i.RCC_APB2PeriphClockCmd                 0x08001b84   Section        0  stm32f10x_rcc.o(i.RCC_APB2PeriphClockCmd)
    i.RCC_APB2PeriphResetCmd                 0x08001ba0   Section        0  stm32f10x_rcc.o(i.RCC_APB2PeriphResetCmd)
    i.RCC_GetClocksFreq                      0x08001bbc   Section        0  stm32f10x_rcc.o(i.RCC_GetClocksFreq)
    i.RCC_USBCLKConfig                       0x08001c68   Section        0  stm32f10x_rcc.o(i.RCC_USBCLKConfig)
    i.Resume                                 0x08001c74   Section        0  usb_pwr.o(i.Resume)
    i.Resume_Init                            0x08001d10   Section        0  usb_pwr.o(i.Resume_Init)
    i.SVC_Handler                            0x08001d30   Section        0  stm32f10x_it.o(i.SVC_Handler)
    i.SetBTABLE                              0x08001d34   Section        0  usb_regs.o(i.SetBTABLE)
    i.SetDeviceAddress                       0x08001d44   Section        0  usb_core.o(i.SetDeviceAddress)
    i.SetEPRxAddr                            0x08001d8c   Section        0  usb_regs.o(i.SetEPRxAddr)
    i.SetEPRxCount                           0x08001dac   Section        0  usb_regs.o(i.SetEPRxCount)
    i.SetEPRxStatus                          0x08001df0   Section        0  usb_regs.o(i.SetEPRxStatus)
    i.SetEPRxValid                           0x08001e20   Section        0  usb_regs.o(i.SetEPRxValid)
    i.SetEPTxAddr                            0x08001e48   Section        0  usb_regs.o(i.SetEPTxAddr)
    i.SetEPTxCount                           0x08001e68   Section        0  usb_regs.o(i.SetEPTxCount)
    i.SetEPTxStatus                          0x08001e84   Section        0  usb_regs.o(i.SetEPTxStatus)
    i.SetEPTxValid                           0x08001eb4   Section        0  usb_regs.o(i.SetEPTxValid)
    i.SetEPType                              0x08001edc   Section        0  usb_regs.o(i.SetEPType)
    i.SetSysClock                            0x08001ef8   Section        0  system_stm32f10x.o(i.SetSysClock)
    SetSysClock                              0x08001ef9   Thumb Code     4  system_stm32f10x.o(i.SetSysClock)
    i.SetSysClockTo72                        0x08001efc   Section        0  system_stm32f10x.o(i.SetSysClockTo72)
    SetSysClockTo72                          0x08001efd   Thumb Code   166  system_stm32f10x.o(i.SetSysClockTo72)
    i.Set_USBClock                           0x08001fac   Section        0  hw_config.o(i.Set_USBClock)
    i.Setup0_Process                         0x08001fc0   Section        0  usb_core.o(i.Setup0_Process)
    i.Standard_ClearFeature                  0x08002048   Section        0  usb_core.o(i.Standard_ClearFeature)
    i.Standard_GetConfiguration              0x08002158   Section        0  usb_core.o(i.Standard_GetConfiguration)
    i.Standard_GetDescriptorData             0x08002180   Section        0  usb_core.o(i.Standard_GetDescriptorData)
    i.Standard_GetInterface                  0x080021a0   Section        0  usb_core.o(i.Standard_GetInterface)
    i.Standard_GetStatus                     0x080021c8   Section        0  usb_core.o(i.Standard_GetStatus)
    i.Standard_SetConfiguration              0x08002284   Section        0  usb_core.o(i.Standard_SetConfiguration)
    i.Standard_SetDeviceFeature              0x080022bc   Section        0  usb_core.o(i.Standard_SetDeviceFeature)
    i.Standard_SetEndPointFeature            0x080022e0   Section        0  usb_core.o(i.Standard_SetEndPointFeature)
    i.Standard_SetInterface                  0x08002374   Section        0  usb_core.o(i.Standard_SetInterface)
    i.Suspend                                0x080023c0   Section        0  usb_pwr.o(i.Suspend)
    i.SysTick_CLKSourceConfig                0x08002440   Section        0  misc.o(i.SysTick_CLKSourceConfig)
    i.SysTick_Handler                        0x0800245c   Section        0  stm32f10x_it.o(i.SysTick_Handler)
    i.SystemInit                             0x08002460   Section        0  system_stm32f10x.o(i.SystemInit)
    i.TIM2_IRQHandler                        0x080024b0   Section        0  main.o(i.TIM2_IRQHandler)
    i.TIM2_Int_Init                          0x080024fc   Section        0  main.o(i.TIM2_Int_Init)
    i.TIM_ClearITPendingBit                  0x08002558   Section        0  stm32f10x_tim.o(i.TIM_ClearITPendingBit)
    i.TIM_Cmd                                0x0800255e   Section        0  stm32f10x_tim.o(i.TIM_Cmd)
    i.TIM_GetITStatus                        0x08002576   Section        0  stm32f10x_tim.o(i.TIM_GetITStatus)
    i.TIM_ITConfig                           0x0800258e   Section        0  stm32f10x_tim.o(i.TIM_ITConfig)
    i.TIM_TimeBaseInit                       0x080025a4   Section        0  stm32f10x_tim.o(i.TIM_TimeBaseInit)
    i.Try_Switch_to_BLUETEETH_Mode           0x08002640   Section        0  main.o(i.Try_Switch_to_BLUETEETH_Mode)
    i.Try_Switch_to_USB_Mode                 0x08002678   Section        0  main.o(i.Try_Switch_to_USB_Mode)
    i.USART1_IRQHandler                      0x080026b0   Section        0  btk05.o(i.USART1_IRQHandler)
    i.USART_ClearFlag                        0x080026ec   Section        0  stm32f10x_usart.o(i.USART_ClearFlag)
    i.USART_ClearITPendingBit                0x080026f4   Section        0  stm32f10x_usart.o(i.USART_ClearITPendingBit)
    i.USART_Cmd                              0x08002704   Section        0  stm32f10x_usart.o(i.USART_Cmd)
    i.USART_DeInit                           0x0800271c   Section        0  stm32f10x_usart.o(i.USART_DeInit)
    i.USART_GetFlagStatus                    0x080027c0   Section        0  stm32f10x_usart.o(i.USART_GetFlagStatus)
    i.USART_GetITStatus                      0x080027ce   Section        0  stm32f10x_usart.o(i.USART_GetITStatus)
    i.USART_ITConfig                         0x0800280e   Section        0  stm32f10x_usart.o(i.USART_ITConfig)
    i.USART_Init                             0x08002844   Section        0  stm32f10x_usart.o(i.USART_Init)
    i.USART_ReceiveData                      0x08002900   Section        0  stm32f10x_usart.o(i.USART_ReceiveData)
    i.USART_SendData                         0x08002908   Section        0  stm32f10x_usart.o(i.USART_SendData)
    i.USBWakeUp_IRQHandler                   0x08002910   Section        0  hw_config.o(i.USBWakeUp_IRQHandler)
    i.USB_Cable_Config                       0x08002918   Section        0  hw_config.o(i.USB_Cable_Config)
    i.USB_Init                               0x0800291c   Section        0  usb_init.o(i.USB_Init)
    i.USB_Interrupts_Config                  0x08002944   Section        0  hw_config.o(i.USB_Interrupts_Config)
    i.USB_Istr                               0x08002990   Section        0  usb_istr.o(i.USB_Istr)
    i.USB_LP_CAN1_RX0_IRQHandler             0x08002aec   Section        0  hw_config.o(i.USB_LP_CAN1_RX0_IRQHandler)
    i.USB_Mode                               0x08002af0   Section        0  main.o(i.USB_Mode)
    i.USB_Port_Set                           0x08002b10   Section        0  hw_config.o(i.USB_Port_Set)
    i.USB_SIL_Init                           0x08002b64   Section        0  usb_sil.o(i.USB_SIL_Init)
    i.USB_SIL_Write                          0x08002b84   Section        0  usb_sil.o(i.USB_SIL_Write)
    i.UsageFault_Handler                     0x08002baa   Section        0  stm32f10x_it.o(i.UsageFault_Handler)
    i.UserToPMABufferCopy                    0x08002bac   Section        0  usb_mem.o(i.UserToPMABufferCopy)
    i.clear_keyboard_state                   0x08002bd8   Section        0  mykeyboard.o(i.clear_keyboard_state)
    i.main                                   0x08002c0c   Section        0  main.o(i.main)
    i.myKeyBoard_ControlKeyProcess           0x08002d4c   Section        0  mykeyboard.o(i.myKeyBoard_ControlKeyProcess)
    i.myKeyBoard_GPIO_Init                   0x08002e34   Section        0  mykeyboard.o(i.myKeyBoard_GPIO_Init)
    i.myKeyBoard_JudgeKeyPressWithName       0x08002e90   Section        0  mykeyboard.o(i.myKeyBoard_JudgeKeyPressWithName)
    i.myKeyBoard_JudgeKeyStateChange         0x08002ee0   Section        0  mykeyboard.o(i.myKeyBoard_JudgeKeyStateChange)
    i.myKeyBoard_KeyScan                     0x08002f4c   Section        0  mykeyboard.o(i.myKeyBoard_KeyScan)
    i.myKeyBoard_KeyScan_rowScan             0x08002f88   Section        0  mykeyboard.o(i.myKeyBoard_KeyScan_rowScan)
    i.myKeyBoard_ScanKeyAndUpdataATBuffer    0x08003068   Section        0  mykeyboard.o(i.myKeyBoard_ScanKeyAndUpdataATBuffer)
    i.myKeyBoard_UpdataATDataPack            0x0800308c   Section        0  mykeyboard.o(i.myKeyBoard_UpdataATDataPack)
    i.myUSB_Init                             0x0800337c   Section        0  main.o(i.myUSB_Init)
    i.sysInit                                0x08003394   Section        0  main.o(i.sysInit)
    .constdata                               0x08003400   Section        4  led.o(.constdata)
    .constdata                               0x08003404   Section      128  mykeyboard.o(.constdata)
    .constdata                               0x08003484   Section       18  usb_desc.o(.constdata)
    .constdata                               0x08003496   Section       41  usb_desc.o(.constdata)
    .constdata                               0x080034bf   Section       61  usb_desc.o(.constdata)
    .constdata                               0x080034fc   Section        4  usb_desc.o(.constdata)
    .constdata                               0x08003500   Section       38  usb_desc.o(.constdata)
    .constdata                               0x08003526   Section       40  usb_desc.o(.constdata)
    .conststring                             0x08003550   Section      413  mykeyboard.o(.conststring)
    .data                                    0x20000000   Section       20  stm32f10x_rcc.o(.data)
    ADCPrescTable                            0x20000000   Data           4  stm32f10x_rcc.o(.data)
    APBAHBPrescTable                         0x20000004   Data          16  stm32f10x_rcc.o(.data)
    .data                                    0x20000014   Section       12  main.o(.data)
    sleepTime1SCounter                       0x2000001a   Data           2  main.o(.data)
    usbConfigStableTime                      0x2000001c   Data           4  main.o(.data)
    .data                                    0x20000020   Section       20  system_stm32f10x.o(.data)
    .data                                    0x20000034   Section        4  delay.o(.data)
    fac_us                                   0x20000034   Data           1  delay.o(.data)
    fac_ms                                   0x20000036   Data           2  delay.o(.data)
    .data                                    0x20000038   Section        5  led.o(.data)
    .data                                    0x20000040   Section      392  mykeyboard.o(.data)
    .data                                    0x200001c8   Section       12  btk05.o(.data)
    .data                                    0x200001d4   Section        3  btk05.o(.data)
    .data                                    0x200001d7   Section        8  btk05.o(.data)
    .data                                    0x200001df   Section        1  deepsleep.o(.data)
    g_InDeepSleep                            0x200001df   Data           1  deepsleep.o(.data)
    .data                                    0x200001e0   Section        4  usb_core.o(.data)
    .data                                    0x200001e4   Section        1  usb_init.o(.data)
    .data                                    0x200001e8   Section       12  usb_init.o(.data)
    .data                                    0x200001f4   Section        2  usb_init.o(.data)
    .data                                    0x200001f6   Section        4  usb_int.o(.data)
    .data                                    0x200001fa   Section        1  hw_config.o(.data)
    .data                                    0x200001fb   Section       26  usb_desc.o(.data)
    .data                                    0x20000218   Section       12  usb_istr.o(.data)
    .data                                    0x20000224   Section       28  usb_istr.o(.data)
    .data                                    0x20000240   Section       28  usb_istr.o(.data)
    .data                                    0x2000025c   Section        2  usb_prop.o(.data)
    .data                                    0x20000260   Section      116  usb_prop.o(.data)
    .data                                    0x200002d4   Section       36  usb_prop.o(.data)
    .data                                    0x200002f8   Section        4  usb_pwr.o(.data)
    .data                                    0x200002fc   Section        1  usb_pwr.o(.data)
    .data                                    0x20000300   Section        8  usb_pwr.o(.data)
    .bss                                     0x20000308   Section       12  led.o(.bss)
    .bss                                     0x20000314   Section      210  mykeyboard.o(.bss)
    .bss                                     0x200003e6   Section       10  btk05.o(.bss)
    .bss                                     0x200003f0   Section       28  usb_init.o(.bss)
    .bss                                     0x2000040c   Section       32  usb_pwr.o(.bss)
    .bss                                     0x2000042c   Section       96  libspace.o(.bss)
    HEAP                                     0x20000490   Section      512  startup_stm32f10x_hd.o(HEAP)
    Heap_Mem                                 0x20000490   Data         512  startup_stm32f10x_hd.o(HEAP)
    STACK                                    0x20000690   Section     1024  startup_stm32f10x_hd.o(STACK)
    Stack_Mem                                0x20000690   Data        1024  startup_stm32f10x_hd.o(STACK)
    __initial_sp                             0x20000a90   Data           0  startup_stm32f10x_hd.o(STACK)

    Global Symbols

    Symbol Name                              Value     Ov Type        Size  Object(Section)

    BuildAttributes$$THM_ISAv4$P$D$K$B$S$PE$A:L22UL41UL21$X:L11$S22US41US21$IEEE1$IW$USESV6$~STKCKD$USESV7$~SHL$OSPACE$ROPI$EBA8$UX$STANDARDLIB$REQ8$PRES8$EABIv2 0x00000000   Number         0  anon$$obj.o ABSOLUTE
    __ARM_use_no_argv                        0x00000000   Number         0  main.o ABSOLUTE
    __ARM_exceptions_init                     - Undefined Weak Reference
    __alloca_initialize                       - Undefined Weak Reference
    __arm_fini_                               - Undefined Weak Reference
    __arm_preinit_                            - Undefined Weak Reference
    __cpp_initialize__aeabi_                  - Undefined Weak Reference
    __cxa_finalize                            - Undefined Weak Reference
    __rt_locale                               - Undefined Weak Reference
    __sigvec_lookup                           - Undefined Weak Reference
    _atexit_init                              - Undefined Weak Reference
    _call_atexit_fns                          - Undefined Weak Reference
    _clock_init                               - Undefined Weak Reference
    _fp_trap_init                             - Undefined Weak Reference
    _fp_trap_shutdown                         - Undefined Weak Reference
    _get_lc_collate                           - Undefined Weak Reference
    _get_lc_ctype                             - Undefined Weak Reference
    _get_lc_monetary                          - Undefined Weak Reference
    _get_lc_numeric                           - Undefined Weak Reference
    _get_lc_time                              - Undefined Weak Reference
    _getenv_init                              - Undefined Weak Reference
    _handle_redirection                       - Undefined Weak Reference
    _init_alloc                               - Undefined Weak Reference
    _init_user_alloc                          - Undefined Weak Reference
    _initio                                   - Undefined Weak Reference
    _rand_init                                - Undefined Weak Reference
    _signal_finish                            - Undefined Weak Reference
    _signal_init                              - Undefined Weak Reference
    _terminate_alloc                          - Undefined Weak Reference
    _terminate_user_alloc                     - Undefined Weak Reference
    _terminateio                              - Undefined Weak Reference
    __Vectors_Size                           0x00000130   Number         0  startup_stm32f10x_hd.o ABSOLUTE
    __Vectors                                0x08000000   Data           4  startup_stm32f10x_hd.o(RESET)
    __Vectors_End                            0x08000130   Data           0  startup_stm32f10x_hd.o(RESET)
    __main                                   0x08000131   Thumb Code     8  __main.o(!!!main)
    __scatterload                            0x08000139   Thumb Code     0  __scatter.o(!!!scatter)
    __scatterload_rt2                        0x08000139   Thumb Code    44  __scatter.o(!!!scatter)
    __scatterload_rt2_thumb_only             0x08000139   Thumb Code     0  __scatter.o(!!!scatter)
    __scatterload_null                       0x08000147   Thumb Code     0  __scatter.o(!!!scatter)
    __decompress                             0x0800016d   Thumb Code    90  __dczerorl2.o(!!dczerorl2)
    __decompress1                            0x0800016d   Thumb Code     0  __dczerorl2.o(!!dczerorl2)
    __scatterload_zeroinit                   0x080001c9   Thumb Code    28  __scatter_zi.o(!!handler_zi)
    __rt_lib_init                            0x080001e5   Thumb Code     0  libinit.o(.ARM.Collect$$libinit$$00000000)
    __rt_lib_init_alloca_1                   0x080001e7   Thumb Code     0  libinit2.o(.ARM.Collect$$libinit$$0000002E)
    __rt_lib_init_argv_1                     0x080001e7   Thumb Code     0  libinit2.o(.ARM.Collect$$libinit$$0000002C)
    __rt_lib_init_atexit_1                   0x080001e7   Thumb Code     0  libinit2.o(.ARM.Collect$$libinit$$0000001B)
    __rt_lib_init_clock_1                    0x080001e7   Thumb Code     0  libinit2.o(.ARM.Collect$$libinit$$00000021)
    __rt_lib_init_cpp_1                      0x080001e7   Thumb Code     0  libinit2.o(.ARM.Collect$$libinit$$00000032)
    __rt_lib_init_exceptions_1               0x080001e7   Thumb Code     0  libinit2.o(.ARM.Collect$$libinit$$00000030)
    __rt_lib_init_fp_1                       0x080001e7   Thumb Code     0  libinit2.o(.ARM.Collect$$libinit$$00000002)
    __rt_lib_init_fp_trap_1                  0x080001e7   Thumb Code     0  libinit2.o(.ARM.Collect$$libinit$$0000001F)
    __rt_lib_init_getenv_1                   0x080001e7   Thumb Code     0  libinit2.o(.ARM.Collect$$libinit$$00000023)
    __rt_lib_init_heap_1                     0x080001e7   Thumb Code     0  libinit2.o(.ARM.Collect$$libinit$$0000000A)
    __rt_lib_init_lc_collate_1               0x080001e7   Thumb Code     0  libinit2.o(.ARM.Collect$$libinit$$00000011)
    __rt_lib_init_lc_ctype_1                 0x080001e7   Thumb Code     0  libinit2.o(.ARM.Collect$$libinit$$00000013)
    __rt_lib_init_lc_monetary_1              0x080001e7   Thumb Code     0  libinit2.o(.ARM.Collect$$libinit$$00000015)
    __rt_lib_init_lc_numeric_1               0x080001e7   Thumb Code     0  libinit2.o(.ARM.Collect$$libinit$$00000017)
    __rt_lib_init_lc_time_1                  0x080001e7   Thumb Code     0  libinit2.o(.ARM.Collect$$libinit$$00000019)
    __rt_lib_init_preinit_1                  0x080001e7   Thumb Code     0  libinit2.o(.ARM.Collect$$libinit$$00000004)
    __rt_lib_init_rand_1                     0x080001e7   Thumb Code     0  libinit2.o(.ARM.Collect$$libinit$$0000000E)
    __rt_lib_init_return                     0x080001e7   Thumb Code     0  libinit2.o(.ARM.Collect$$libinit$$00000033)
    __rt_lib_init_signal_1                   0x080001e7   Thumb Code     0  libinit2.o(.ARM.Collect$$libinit$$0000001D)
    __rt_lib_init_stdio_1                    0x080001e7   Thumb Code     0  libinit2.o(.ARM.Collect$$libinit$$00000025)
    __rt_lib_init_user_alloc_1               0x080001e7   Thumb Code     0  libinit2.o(.ARM.Collect$$libinit$$0000000C)
    __rt_lib_shutdown                        0x080001e9   Thumb Code     0  libshutdown.o(.ARM.Collect$$libshutdown$$00000000)
    __rt_lib_shutdown_cpp_1                  0x080001eb   Thumb Code     0  libshutdown2.o(.ARM.Collect$$libshutdown$$00000004)
    __rt_lib_shutdown_fini_1                 0x080001eb   Thumb Code     0  libshutdown2.o(.ARM.Collect$$libshutdown$$00000002)
    __rt_lib_shutdown_fp_trap_1              0x080001eb   Thumb Code     0  libshutdown2.o(.ARM.Collect$$libshutdown$$00000009)
    __rt_lib_shutdown_heap_1                 0x080001eb   Thumb Code     0  libshutdown2.o(.ARM.Collect$$libshutdown$$00000011)
    __rt_lib_shutdown_return                 0x080001eb   Thumb Code     0  libshutdown2.o(.ARM.Collect$$libshutdown$$00000012)
    __rt_lib_shutdown_signal_1               0x080001eb   Thumb Code     0  libshutdown2.o(.ARM.Collect$$libshutdown$$0000000C)
    __rt_lib_shutdown_stdio_1                0x080001eb   Thumb Code     0  libshutdown2.o(.ARM.Collect$$libshutdown$$00000006)
    __rt_lib_shutdown_user_alloc_1           0x080001eb   Thumb Code     0  libshutdown2.o(.ARM.Collect$$libshutdown$$0000000E)
    __rt_entry                               0x080001ed   Thumb Code     0  __rtentry.o(.ARM.Collect$$rtentry$$00000000)
    __rt_entry_presh_1                       0x080001ed   Thumb Code     0  __rtentry2.o(.ARM.Collect$$rtentry$$00000002)
    __rt_entry_sh                            0x080001ed   Thumb Code     0  __rtentry4.o(.ARM.Collect$$rtentry$$00000004)
    __rt_entry_li                            0x080001f3   Thumb Code     0  __rtentry2.o(.ARM.Collect$$rtentry$$0000000A)
    __rt_entry_postsh_1                      0x080001f3   Thumb Code     0  __rtentry2.o(.ARM.Collect$$rtentry$$00000009)
    __rt_entry_main                          0x080001f7   Thumb Code     0  __rtentry2.o(.ARM.Collect$$rtentry$$0000000D)
    __rt_entry_postli_1                      0x080001f7   Thumb Code     0  __rtentry2.o(.ARM.Collect$$rtentry$$0000000C)
    __rt_exit                                0x080001ff   Thumb Code     0  rtexit.o(.ARM.Collect$$rtexit$$00000000)
    __rt_exit_ls                             0x08000201   Thumb Code     0  rtexit2.o(.ARM.Collect$$rtexit$$00000003)
    __rt_exit_prels_1                        0x08000201   Thumb Code     0  rtexit2.o(.ARM.Collect$$rtexit$$00000002)
    __rt_exit_exit                           0x08000205   Thumb Code     0  rtexit2.o(.ARM.Collect$$rtexit$$00000004)
    Reset_Handler                            0x0800020d   Thumb Code     8  startup_stm32f10x_hd.o(.text)
    PendSV_Handler                           0x08000223   Thumb Code     2  startup_stm32f10x_hd.o(.text)
    ADC1_2_IRQHandler                        0x08000227   Thumb Code     0  startup_stm32f10x_hd.o(.text)
    ADC3_IRQHandler                          0x08000227   Thumb Code     0  startup_stm32f10x_hd.o(.text)
    CAN1_RX1_IRQHandler                      0x08000227   Thumb Code     0  startup_stm32f10x_hd.o(.text)
    CAN1_SCE_IRQHandler                      0x08000227   Thumb Code     0  startup_stm32f10x_hd.o(.text)
    DMA1_Channel1_IRQHandler                 0x08000227   Thumb Code     0  startup_stm32f10x_hd.o(.text)
    DMA1_Channel2_IRQHandler                 0x08000227   Thumb Code     0  startup_stm32f10x_hd.o(.text)
    DMA1_Channel3_IRQHandler                 0x08000227   Thumb Code     0  startup_stm32f10x_hd.o(.text)
    DMA1_Channel4_IRQHandler                 0x08000227   Thumb Code     0  startup_stm32f10x_hd.o(.text)
    DMA1_Channel5_IRQHandler                 0x08000227   Thumb Code     0  startup_stm32f10x_hd.o(.text)
    DMA1_Channel6_IRQHandler                 0x08000227   Thumb Code     0  startup_stm32f10x_hd.o(.text)
    DMA1_Channel7_IRQHandler                 0x08000227   Thumb Code     0  startup_stm32f10x_hd.o(.text)
    DMA2_Channel1_IRQHandler                 0x08000227   Thumb Code     0  startup_stm32f10x_hd.o(.text)
    DMA2_Channel2_IRQHandler                 0x08000227   Thumb Code     0  startup_stm32f10x_hd.o(.text)
    DMA2_Channel3_IRQHandler                 0x08000227   Thumb Code     0  startup_stm32f10x_hd.o(.text)
    DMA2_Channel4_5_IRQHandler               0x08000227   Thumb Code     0  startup_stm32f10x_hd.o(.text)
    EXTI0_IRQHandler                         0x08000227   Thumb Code     0  startup_stm32f10x_hd.o(.text)
    EXTI15_10_IRQHandler                     0x08000227   Thumb Code     0  startup_stm32f10x_hd.o(.text)
    EXTI1_IRQHandler                         0x08000227   Thumb Code     0  startup_stm32f10x_hd.o(.text)
    EXTI2_IRQHandler                         0x08000227   Thumb Code     0  startup_stm32f10x_hd.o(.text)
    EXTI3_IRQHandler                         0x08000227   Thumb Code     0  startup_stm32f10x_hd.o(.text)
    EXTI4_IRQHandler                         0x08000227   Thumb Code     0  startup_stm32f10x_hd.o(.text)
    FLASH_IRQHandler                         0x08000227   Thumb Code     0  startup_stm32f10x_hd.o(.text)
    FSMC_IRQHandler                          0x08000227   Thumb Code     0  startup_stm32f10x_hd.o(.text)
    I2C1_ER_IRQHandler                       0x08000227   Thumb Code     0  startup_stm32f10x_hd.o(.text)
    I2C1_EV_IRQHandler                       0x08000227   Thumb Code     0  startup_stm32f10x_hd.o(.text)
    I2C2_ER_IRQHandler                       0x08000227   Thumb Code     0  startup_stm32f10x_hd.o(.text)
    I2C2_EV_IRQHandler                       0x08000227   Thumb Code     0  startup_stm32f10x_hd.o(.text)
    PVD_IRQHandler                           0x08000227   Thumb Code     0  startup_stm32f10x_hd.o(.text)
    RCC_IRQHandler                           0x08000227   Thumb Code     0  startup_stm32f10x_hd.o(.text)
    RTCAlarm_IRQHandler                      0x08000227   Thumb Code     0  startup_stm32f10x_hd.o(.text)
    RTC_IRQHandler                           0x08000227   Thumb Code     0  startup_stm32f10x_hd.o(.text)
    SDIO_IRQHandler                          0x08000227   Thumb Code     0  startup_stm32f10x_hd.o(.text)
    SPI1_IRQHandler                          0x08000227   Thumb Code     0  startup_stm32f10x_hd.o(.text)
    SPI2_IRQHandler                          0x08000227   Thumb Code     0  startup_stm32f10x_hd.o(.text)
    SPI3_IRQHandler                          0x08000227   Thumb Code     0  startup_stm32f10x_hd.o(.text)
    TAMPER_IRQHandler                        0x08000227   Thumb Code     0  startup_stm32f10x_hd.o(.text)
    TIM1_BRK_IRQHandler                      0x08000227   Thumb Code     0  startup_stm32f10x_hd.o(.text)
    TIM1_CC_IRQHandler                       0x08000227   Thumb Code     0  startup_stm32f10x_hd.o(.text)
    TIM1_TRG_COM_IRQHandler                  0x08000227   Thumb Code     0  startup_stm32f10x_hd.o(.text)
    TIM1_UP_IRQHandler                       0x08000227   Thumb Code     0  startup_stm32f10x_hd.o(.text)
    TIM3_IRQHandler                          0x08000227   Thumb Code     0  startup_stm32f10x_hd.o(.text)
    TIM4_IRQHandler                          0x08000227   Thumb Code     0  startup_stm32f10x_hd.o(.text)
    TIM5_IRQHandler                          0x08000227   Thumb Code     0  startup_stm32f10x_hd.o(.text)
    TIM6_IRQHandler                          0x08000227   Thumb Code     0  startup_stm32f10x_hd.o(.text)
    TIM7_IRQHandler                          0x08000227   Thumb Code     0  startup_stm32f10x_hd.o(.text)
    TIM8_BRK_IRQHandler                      0x08000227   Thumb Code     0  startup_stm32f10x_hd.o(.text)
    TIM8_CC_IRQHandler                       0x08000227   Thumb Code     0  startup_stm32f10x_hd.o(.text)
    TIM8_TRG_COM_IRQHandler                  0x08000227   Thumb Code     0  startup_stm32f10x_hd.o(.text)
    TIM8_UP_IRQHandler                       0x08000227   Thumb Code     0  startup_stm32f10x_hd.o(.text)
    UART4_IRQHandler                         0x08000227   Thumb Code     0  startup_stm32f10x_hd.o(.text)
    UART5_IRQHandler                         0x08000227   Thumb Code     0  startup_stm32f10x_hd.o(.text)
    USART2_IRQHandler                        0x08000227   Thumb Code     0  startup_stm32f10x_hd.o(.text)
    USART3_IRQHandler                        0x08000227   Thumb Code     0  startup_stm32f10x_hd.o(.text)
    USB_HP_CAN1_TX_IRQHandler                0x08000227   Thumb Code     0  startup_stm32f10x_hd.o(.text)
    WWDG_IRQHandler                          0x08000227   Thumb Code     0  startup_stm32f10x_hd.o(.text)
    __user_initial_stackheap                 0x08000229   Thumb Code     0  startup_stm32f10x_hd.o(.text)
    strcmp                                   0x0800024d   Thumb Code   128  strcmpv7m.o(.text)
    __use_two_region_memory                  0x080002cd   Thumb Code     2  heapauxi.o(.text)
    __rt_heap_escrow$2region                 0x080002cf   Thumb Code     2  heapauxi.o(.text)
    __rt_heap_expand$2region                 0x080002d1   Thumb Code     2  heapauxi.o(.text)
    __user_setup_stackheap                   0x080002d3   Thumb Code    74  sys_stackheap_outer.o(.text)
    exit                                     0x0800031d   Thumb Code    18  exit.o(.text)
    __user_libspace                          0x08000331   Thumb Code     8  libspace.o(.text)
    __user_perproc_libspace                  0x08000331   Thumb Code     0  libspace.o(.text)
    __user_perthread_libspace                0x08000331   Thumb Code     0  libspace.o(.text)
    _sys_exit                                0x08000339   Thumb Code     8  sys_exit.o(.text)
    __I$use$semihosting                      0x08000345   Thumb Code     0  use_no_semi.o(.text)
    __use_no_semihosting_swi                 0x08000345   Thumb Code     2  use_no_semi.o(.text)
    __semihosting_library_function           0x08000347   Thumb Code     0  indicate_semi.o(.text)
    BLUETEETH_Mode                           0x08000349   Thumb Code    24  main.o(i.BLUETEETH_Mode)
    BTK05_ATMode                             0x08000365   Thumb Code    38  btk05.o(i.BTK05_ATMode)
    BTK05_ATMode_Init                        0x08000395   Thumb Code    40  btk05.o(i.BTK05_ATMode_Init)
    BTK05_DeleteConnectInfo                  0x080003c1   Thumb Code    34  btk05.o(i.BTK05_DeleteConnectInfo)
    BTK05_Init                               0x080003f1   Thumb Code    22  btk05.o(i.BTK05_Init)
    BTK05_KEYMode                            0x08000409   Thumb Code     6  btk05.o(i.BTK05_KEYMode)
    BTK05_LowEnerageMode                     0x08000419   Thumb Code    34  btk05.o(i.BTK05_LowEnerageMode)
    BTK05_PairMode                           0x0800044d   Thumb Code    34  btk05.o(i.BTK05_PairMode)
    BTK05_RESET                              0x08000479   Thumb Code    34  btk05.o(i.BTK05_RESET)
    BTK05_Sleep                              0x080004a9   Thumb Code    26  btk05.o(i.BTK05_Sleep)
    BTK05_UART_Init                          0x080004cd   Thumb Code   184  btk05.o(i.BTK05_UART_Init)
    BTK05_UART_SendATCmd                     0x0800058d   Thumb Code   116  btk05.o(i.BTK05_UART_SendATCmd)
    BTK05_UART_SendChar                      0x08000609   Thumb Code    36  btk05.o(i.BTK05_UART_SendChar)
    BTK05_UART_SendKeyData                   0x08000631   Thumb Code    26  btk05.o(i.BTK05_UART_SendKeyData)
    BTK05_WAKEUP_Init                        0x0800064d   Thumb Code    40  btk05.o(i.BTK05_WAKEUP_Init)
    BTK05_Wake                               0x08000679   Thumb Code    26  btk05.o(i.BTK05_Wake)
    BusFault_Handler                         0x0800069d   Thumb Code     2  stm32f10x_it.o(i.BusFault_Handler)
    ByteSwap                                 0x0800069f   Thumb Code    10  usb_regs.o(i.ByteSwap)
    CTR_LP                                   0x080006a9   Thumb Code   408  usb_int.o(i.CTR_LP)
    ClearDTOG_RX                             0x0800085d   Thumb Code    36  usb_regs.o(i.ClearDTOG_RX)
    ClearDTOG_TX                             0x08000885   Thumb Code    36  usb_regs.o(i.ClearDTOG_TX)
    Clear_Status_Out                         0x080008ad   Thumb Code    28  usb_regs.o(i.Clear_Status_Out)
    ConsumerKeyProcess                       0x080008cd   Thumb Code    76  mykeyboard.o(i.ConsumerKeyProcess)
    DebugMon_Handler                         0x08000c31   Thumb Code     2  stm32f10x_it.o(i.DebugMon_Handler)
    DelayInit                                0x08000c35   Thumb Code    46  delay.o(i.DelayInit)
    DelayMs                                  0x08000c71   Thumb Code    46  delay.o(i.DelayMs)
    DelayUs                                  0x08000ca5   Thumb Code    46  delay.o(i.DelayUs)
    EP1_IN_Callback                          0x08000cd9   Thumb Code     8  usb_endp.o(i.EP1_IN_Callback)
    EXTI9_5_IRQHandler                       0x08000ce5   Thumb Code    24  stm32f10x_it.o(i.EXTI9_5_IRQHandler)
    EXTI_ClearITPendingBit                   0x08000cfd   Thumb Code     6  stm32f10x_exti.o(i.EXTI_ClearITPendingBit)
    EXTI_GetITStatus                         0x08000d09   Thumb Code    28  stm32f10x_exti.o(i.EXTI_GetITStatus)
    EXTI_Init                                0x08000d29   Thumb Code   110  stm32f10x_exti.o(i.EXTI_Init)
    Enter_Deep_Sleep                         0x08000d9d   Thumb Code   396  deepsleep.o(i.Enter_Deep_Sleep)
    Enter_LowPowerMode                       0x08000f51   Thumb Code     8  hw_config.o(i.Enter_LowPowerMode)
    GPIO_DeInit                              0x08000f5d   Thumb Code   188  stm32f10x_gpio.o(i.GPIO_DeInit)
    GPIO_Init                                0x08001035   Thumb Code   166  stm32f10x_gpio.o(i.GPIO_Init)
    GPIO_ReadInputDataBit                    0x080010db   Thumb Code    14  stm32f10x_gpio.o(i.GPIO_ReadInputDataBit)
    GPIO_ResetBits                           0x080010e9   Thumb Code     4  stm32f10x_gpio.o(i.GPIO_ResetBits)
    GPIO_SetBits                             0x080010ed   Thumb Code     4  stm32f10x_gpio.o(i.GPIO_SetBits)
    GetEPRxAddr                              0x080010f1   Thumb Code    22  usb_regs.o(i.GetEPRxAddr)
    GetEPTxAddr                              0x08001111   Thumb Code    20  usb_regs.o(i.GetEPTxAddr)
    Get_SerialNum                            0x0800112d   Thumb Code    46  hw_config.o(i.Get_SerialNum)
    HardFault_Handler                        0x08001165   Thumb Code     2  stm32f10x_it.o(i.HardFault_Handler)
    I2C_WriteByte                            0x08001167   Thumb Code    48  led.o(i.I2C_WriteByte)
    IIC_Send_Byte                            0x08001199   Thumb Code   102  led.o(i.IIC_Send_Byte)
    IIC_Start                                0x08001205   Thumb Code    68  led.o(i.IIC_Start)
    IIC_Stop                                 0x0800124d   Thumb Code    68  led.o(i.IIC_Stop)
    IIC_Wait_Ack                             0x08001295   Thumb Code    92  led.o(i.IIC_Wait_Ack)
    In0_Process                              0x080012f5   Thumb Code    82  usb_core.o(i.In0_Process)
    Joystick_Data_Setup                      0x08001391   Thumb Code    76  usb_prop.o(i.Joystick_Data_Setup)
    Joystick_GetConfigDescriptor             0x080013ed   Thumb Code     6  usb_prop.o(i.Joystick_GetConfigDescriptor)
    Joystick_GetDeviceDescriptor             0x080013f9   Thumb Code     6  usb_prop.o(i.Joystick_GetDeviceDescriptor)
    Joystick_GetHIDDescriptor                0x08001405   Thumb Code     6  usb_prop.o(i.Joystick_GetHIDDescriptor)
    Joystick_GetProtocolValue                0x08001411   Thumb Code    20  usb_prop.o(i.Joystick_GetProtocolValue)
    Joystick_GetReportDescriptor             0x0800142d   Thumb Code     6  usb_prop.o(i.Joystick_GetReportDescriptor)
    Joystick_GetStringDescriptor             0x08001439   Thumb Code    24  usb_prop.o(i.Joystick_GetStringDescriptor)
    Joystick_Get_Interface_Setting           0x08001459   Thumb Code    18  usb_prop.o(i.Joystick_Get_Interface_Setting)
    Joystick_NoData_Setup                    0x0800146d   Thumb Code    26  usb_prop.o(i.Joystick_NoData_Setup)
    Joystick_Reset                           0x0800148d   Thumb Code   140  usb_prop.o(i.Joystick_Reset)
    Joystick_SetConfiguration                0x08001529   Thumb Code    16  usb_prop.o(i.Joystick_SetConfiguration)
    Joystick_SetDeviceAddress                0x08001541   Thumb Code     8  usb_prop.o(i.Joystick_SetDeviceAddress)
    Joystick_SetProtocol                     0x0800154d   Thumb Code    14  usb_prop.o(i.Joystick_SetProtocol)
    Joystick_Status_In                       0x08001565   Thumb Code     2  usb_prop.o(i.Joystick_Status_In)
    Joystick_Status_Out                      0x08001567   Thumb Code     2  usb_prop.o(i.Joystick_Status_Out)
    Joystick_init                            0x08001569   Thumb Code    28  usb_prop.o(i.Joystick_init)
    Keyboard_Send                            0x0800158d   Thumb Code    22  hw_config.o(i.Keyboard_Send)
    LED_DrawPoint                            0x080015a5   Thumb Code    42  led.o(i.LED_DrawPoint)
    LED_ESCOFF                               0x080015d5   Thumb Code    34  led.o(i.LED_ESCOFF)
    LED_FreashRam                            0x080015fd   Thumb Code   112  led.o(i.LED_FreashRam)
    LED_GoToSleep                            0x08001671   Thumb Code     8  led.o(i.LED_GoToSleep)
    LED_HT16K33_Init                         0x08001679   Thumb Code    40  led.o(i.LED_HT16K33_Init)
    LED_I2C_Configuration                    0x080016a5   Thumb Code    48  led.o(i.LED_I2C_Configuration)
    LED_LOGO_GPIO_Init                       0x080016d9   Thumb Code    18  led.o(i.LED_LOGO_GPIO_Init)
    LED_Mode1                                0x080016f5   Thumb Code    38  led.o(i.LED_Mode1)
    LED_Mode2                                0x08001721   Thumb Code   118  led.o(i.LED_Mode2)
    LED_Mode3                                0x0800179d   Thumb Code    58  led.o(i.LED_Mode3)
    LED_RamClearWith                         0x080017dd   Thumb Code    42  led.o(i.LED_RamClearWith)
    LED_SetBreathEfect                       0x0800180d   Thumb Code    30  led.o(i.LED_SetBreathEfect)
    LED_SetBrightness                        0x08001831   Thumb Code    20  led.o(i.LED_SetBrightness)
    LED_SetDisplay                           0x08001845   Thumb Code    66  led.o(i.LED_SetDisplay)
    LED_SetFlash                             0x08001889   Thumb Code    40  led.o(i.LED_SetFlash)
    LED_WakeUp                               0x080018b5   Thumb Code     8  led.o(i.LED_WakeUp)
    Leave_LowPowerMode                       0x080018bd   Thumb Code    22  hw_config.o(i.Leave_LowPowerMode)
    MemManage_Handler                        0x080018dd   Thumb Code     2  stm32f10x_it.o(i.MemManage_Handler)
    NMI_Handler                              0x080018df   Thumb Code     2  stm32f10x_it.o(i.NMI_Handler)
    NOP_Process                              0x080018e1   Thumb Code     2  usb_core.o(i.NOP_Process)
    NVIC_Init                                0x080018e5   Thumb Code    96  misc.o(i.NVIC_Init)
    NVIC_PriorityGroupConfig                 0x08001949   Thumb Code    10  misc.o(i.NVIC_PriorityGroupConfig)
    Out0_Process                             0x08001a3d   Thumb Code    68  usb_core.o(i.Out0_Process)
    PMAToUserBufferCopy                      0x08001a89   Thumb Code    30  usb_mem.o(i.PMAToUserBufferCopy)
    PWR_EnterSTOPMode                        0x08001aad   Thumb Code    42  stm32f10x_pwr.o(i.PWR_EnterSTOPMode)
    Post0_Process                            0x08001ae1   Thumb Code    48  usb_core.o(i.Post0_Process)
    PowerOn                                  0x08001b21   Thumb Code    36  usb_pwr.o(i.PowerOn)
    RCC_APB1PeriphClockCmd                   0x08001b4d   Thumb Code    22  stm32f10x_rcc.o(i.RCC_APB1PeriphClockCmd)
    RCC_APB1PeriphResetCmd                   0x08001b69   Thumb Code    22  stm32f10x_rcc.o(i.RCC_APB1PeriphResetCmd)
    RCC_APB2PeriphClockCmd                   0x08001b85   Thumb Code    22  stm32f10x_rcc.o(i.RCC_APB2PeriphClockCmd)
    RCC_APB2PeriphResetCmd                   0x08001ba1   Thumb Code    22  stm32f10x_rcc.o(i.RCC_APB2PeriphResetCmd)
    RCC_GetClocksFreq                        0x08001bbd   Thumb Code   154  stm32f10x_rcc.o(i.RCC_GetClocksFreq)
    RCC_USBCLKConfig                         0x08001c69   Thumb Code     6  stm32f10x_rcc.o(i.RCC_USBCLKConfig)
    Resume                                   0x08001c75   Thumb Code   146  usb_pwr.o(i.Resume)
    Resume_Init                              0x08001d11   Thumb Code    26  usb_pwr.o(i.Resume_Init)
    SVC_Handler                              0x08001d31   Thumb Code     2  stm32f10x_it.o(i.SVC_Handler)
    SetBTABLE                                0x08001d35   Thumb Code    10  usb_regs.o(i.SetBTABLE)
    SetDeviceAddress                         0x08001d45   Thumb Code    58  usb_core.o(i.SetDeviceAddress)
    SetEPRxAddr                              0x08001d8d   Thumb Code    24  usb_regs.o(i.SetEPRxAddr)
    SetEPRxCount                             0x08001dad   Thumb Code    60  usb_regs.o(i.SetEPRxCount)
    SetEPRxStatus                            0x08001df1   Thumb Code    44  usb_regs.o(i.SetEPRxStatus)
    SetEPRxValid                             0x08001e21   Thumb Code    36  usb_regs.o(i.SetEPRxValid)
    SetEPTxAddr                              0x08001e49   Thumb Code    22  usb_regs.o(i.SetEPTxAddr)
    SetEPTxCount                             0x08001e69   Thumb Code    20  usb_regs.o(i.SetEPTxCount)
    SetEPTxStatus                            0x08001e85   Thumb Code    44  usb_regs.o(i.SetEPTxStatus)
    SetEPTxValid                             0x08001eb5   Thumb Code    36  usb_regs.o(i.SetEPTxValid)
    SetEPType                                0x08001edd   Thumb Code    24  usb_regs.o(i.SetEPType)
    Set_USBClock                             0x08001fad   Thumb Code    20  hw_config.o(i.Set_USBClock)
    Setup0_Process                           0x08001fc1   Thumb Code   122  usb_core.o(i.Setup0_Process)
    Standard_ClearFeature                    0x08002049   Thumb Code   252  usb_core.o(i.Standard_ClearFeature)
    Standard_GetConfiguration                0x08002159   Thumb Code    32  usb_core.o(i.Standard_GetConfiguration)
    Standard_GetDescriptorData               0x08002181   Thumb Code    26  usb_core.o(i.Standard_GetDescriptorData)
    Standard_GetInterface                    0x080021a1   Thumb Code    32  usb_core.o(i.Standard_GetInterface)
    Standard_GetStatus                       0x080021c9   Thumb Code   172  usb_core.o(i.Standard_GetStatus)
    Standard_SetConfiguration                0x08002285   Thumb Code    42  usb_core.o(i.Standard_SetConfiguration)
    Standard_SetDeviceFeature                0x080022bd   Thumb Code    26  usb_core.o(i.Standard_SetDeviceFeature)
    Standard_SetEndPointFeature              0x080022e1   Thumb Code   132  usb_core.o(i.Standard_SetEndPointFeature)
    Standard_SetInterface                    0x08002375   Thumb Code    64  usb_core.o(i.Standard_SetInterface)
    Suspend                                  0x080023c1   Thumb Code   116  usb_pwr.o(i.Suspend)
    SysTick_CLKSourceConfig                  0x08002441   Thumb Code    28  misc.o(i.SysTick_CLKSourceConfig)
    SysTick_Handler                          0x0800245d   Thumb Code     2  stm32f10x_it.o(i.SysTick_Handler)
    SystemInit                               0x08002461   Thumb Code    64  system_stm32f10x.o(i.SystemInit)
    TIM2_IRQHandler                          0x080024b1   Thumb Code    70  main.o(i.TIM2_IRQHandler)
    TIM2_Int_Init                            0x080024fd   Thumb Code    92  main.o(i.TIM2_Int_Init)
    TIM_ClearITPendingBit                    0x08002559   Thumb Code     6  stm32f10x_tim.o(i.TIM_ClearITPendingBit)
    TIM_Cmd                                  0x0800255f   Thumb Code    24  stm32f10x_tim.o(i.TIM_Cmd)
    TIM_GetITStatus                          0x08002577   Thumb Code    24  stm32f10x_tim.o(i.TIM_GetITStatus)
    TIM_ITConfig                             0x0800258f   Thumb Code    20  stm32f10x_tim.o(i.TIM_ITConfig)
    TIM_TimeBaseInit                         0x080025a5   Thumb Code   114  stm32f10x_tim.o(i.TIM_TimeBaseInit)
    Try_Switch_to_BLUETEETH_Mode             0x08002641   Thumb Code    48  main.o(i.Try_Switch_to_BLUETEETH_Mode)
    Try_Switch_to_USB_Mode                   0x08002679   Thumb Code    48  main.o(i.Try_Switch_to_USB_Mode)
    USART1_IRQHandler                        0x080026b1   Thumb Code    48  btk05.o(i.USART1_IRQHandler)
    USART_ClearFlag                          0x080026ed   Thumb Code     8  stm32f10x_usart.o(i.USART_ClearFlag)
    USART_ClearITPendingBit                  0x080026f5   Thumb Code    16  stm32f10x_usart.o(i.USART_ClearITPendingBit)
    USART_Cmd                                0x08002705   Thumb Code    24  stm32f10x_usart.o(i.USART_Cmd)
    USART_DeInit                             0x0800271d   Thumb Code   144  stm32f10x_usart.o(i.USART_DeInit)
    USART_GetFlagStatus                      0x080027c1   Thumb Code    14  stm32f10x_usart.o(i.USART_GetFlagStatus)
    USART_GetITStatus                        0x080027cf   Thumb Code    64  stm32f10x_usart.o(i.USART_GetITStatus)
    USART_ITConfig                           0x0800280f   Thumb Code    54  stm32f10x_usart.o(i.USART_ITConfig)
    USART_Init                               0x08002845   Thumb Code   182  stm32f10x_usart.o(i.USART_Init)
    USART_ReceiveData                        0x08002901   Thumb Code     8  stm32f10x_usart.o(i.USART_ReceiveData)
    USART_SendData                           0x08002909   Thumb Code     8  stm32f10x_usart.o(i.USART_SendData)
    USBWakeUp_IRQHandler                     0x08002911   Thumb Code     8  hw_config.o(i.USBWakeUp_IRQHandler)
    USB_Cable_Config                         0x08002919   Thumb Code     2  hw_config.o(i.USB_Cable_Config)
    USB_Init                                 0x0800291d   Thumb Code    22  usb_init.o(i.USB_Init)
    USB_Interrupts_Config                    0x08002945   Thumb Code    76  hw_config.o(i.USB_Interrupts_Config)
    USB_Istr                                 0x08002991   Thumb Code   322  usb_istr.o(i.USB_Istr)
    USB_LP_CAN1_RX0_IRQHandler               0x08002aed   Thumb Code     4  hw_config.o(i.USB_LP_CAN1_RX0_IRQHandler)
    USB_Mode                                 0x08002af1   Thumb Code    28  main.o(i.USB_Mode)
    USB_Port_Set                             0x08002b11   Thumb Code    80  hw_config.o(i.USB_Port_Set)
    USB_SIL_Init                             0x08002b65   Thumb Code    24  usb_sil.o(i.USB_SIL_Init)
    USB_SIL_Write                            0x08002b85   Thumb Code    38  usb_sil.o(i.USB_SIL_Write)
    UsageFault_Handler                       0x08002bab   Thumb Code     2  stm32f10x_it.o(i.UsageFault_Handler)
    UserToPMABufferCopy                      0x08002bad   Thumb Code    38  usb_mem.o(i.UserToPMABufferCopy)
    clear_keyboard_state                     0x08002bd9   Thumb Code    44  mykeyboard.o(i.clear_keyboard_state)
    main                                     0x08002c0d   Thumb Code   296  main.o(i.main)
    myKeyBoard_ControlKeyProcess             0x08002d4d   Thumb Code   174  mykeyboard.o(i.myKeyBoard_ControlKeyProcess)
    myKeyBoard_GPIO_Init                     0x08002e35   Thumb Code    80  mykeyboard.o(i.myKeyBoard_GPIO_Init)
    myKeyBoard_JudgeKeyPressWithName         0x08002e91   Thumb Code    72  mykeyboard.o(i.myKeyBoard_JudgeKeyPressWithName)
    myKeyBoard_JudgeKeyStateChange           0x08002ee1   Thumb Code   100  mykeyboard.o(i.myKeyBoard_JudgeKeyStateChange)
    myKeyBoard_KeyScan                       0x08002f4d   Thumb Code    48  mykeyboard.o(i.myKeyBoard_KeyScan)
    myKeyBoard_KeyScan_rowScan               0x08002f89   Thumb Code   214  mykeyboard.o(i.myKeyBoard_KeyScan_rowScan)
    myKeyBoard_ScanKeyAndUpdataATBuffer      0x08003069   Thumb Code    32  mykeyboard.o(i.myKeyBoard_ScanKeyAndUpdataATBuffer)
    myKeyBoard_UpdataATDataPack              0x0800308d   Thumb Code   624  mykeyboard.o(i.myKeyBoard_UpdataATDataPack)
    myUSB_Init                               0x0800337d   Thumb Code    24  main.o(i.myUSB_Init)
    sysInit                                  0x08003395   Thumb Code    96  main.o(i.sysInit)
    myKeyBoard_KeyMap_ATValue                0x08003404   Data          96  mykeyboard.o(.constdata)
    key_Col_Pin                              0x08003464   Data          32  mykeyboard.o(.constdata)
    Joystick_DeviceDescriptor                0x08003484   Data          18  usb_desc.o(.constdata)
    Joystick_ConfigDescriptor                0x08003496   Data          41  usb_desc.o(.constdata)
    Joystick_ReportDescriptor                0x080034bf   Data          61  usb_desc.o(.constdata)
    Joystick_StringLangID                    0x080034fc   Data           4  usb_desc.o(.constdata)
    Joystick_StringVendor                    0x08003500   Data          38  usb_desc.o(.constdata)
    Joystick_StringProduct                   0x08003526   Data          40  usb_desc.o(.constdata)
    Region$$Table$$Base                      0x080036f0   Number         0  anon$$obj.o(Region$$Table)
    Region$$Table$$Limit                     0x08003710   Number         0  anon$$obj.o(Region$$Table)
    sleepTime50MsCounter                     0x20000014   Data           1  main.o(.data)
    LED_breath_Flag                          0x20000015   Data           1  main.o(.data)
    LED_LOGOBreath_Flag                      0x20000016   Data           1  main.o(.data)
    system_Status                            0x20000017   Data           1  main.o(.data)
    g_USBModeFlag                            0x20000018   Data           1  main.o(.data)
    g_startUSBConfigStableTimer              0x20000019   Data           1  main.o(.data)
    SystemCoreClock                          0x20000020   Data           4  system_stm32f10x.o(.data)
    AHBPrescTable                            0x20000024   Data          16  system_stm32f10x.o(.data)
    LED_Brightness                           0x20000038   Data           1  led.o(.data)
    LED_FlashSwitchFlag                      0x20000039   Data           1  led.o(.data)
    LED_BreathEfectFlag                      0x2000003a   Data           1  led.o(.data)
    LED_Delt_Flag                            0x2000003b   Data           1  led.o(.data)
    LED_Status                               0x2000003c   Data           1  led.o(.data)
    ATKeyControlByte5                        0x20000040   Data           1  mykeyboard.o(.data)
    LOGO_LED_Status                          0x20000041   Data           1  mykeyboard.o(.data)
    myKeyBoard_KeyStateChangedFlag           0x20000042   Data           1  mykeyboard.o(.data)
    myKeyBoard_KeyIsControl                  0x20000043   Data           1  mykeyboard.o(.data)
    g_myKeyBoard_DataWaitForUploadFlag       0x20000044   Data           1  mykeyboard.o(.data)
    specialKeyenum                           0x20000045   Data           1  mykeyboard.o(.data)
    myKeyBoard_KeyMap_Name                   0x20000048   Data         384  mykeyboard.o(.data)
    BTK05_ATKeyDataPack                      0x200001c8   Data          12  btk05.o(.data)
    ATReturnSuccessedFlag                    0x200001d4   Data           1  btk05.o(.data)
    RxBuffer_OK_Tail                         0x200001d5   Data           1  btk05.o(.data)
    BTK05_Status                             0x200001d6   Data           1  btk05.o(.data)
    BTK05_ConsumerPack                       0x200001d7   Data           8  btk05.o(.data)
    Data_Mul_MaxPacketSize                   0x200001e0   Data           1  usb_core.o(.data)
    StatusInfo                               0x200001e2   Data           2  usb_core.o(.data)
    EPindex                                  0x200001e4   Data           1  usb_init.o(.data)
    pInformation                             0x200001e8   Data           4  usb_init.o(.data)
    pProperty                                0x200001ec   Data           4  usb_init.o(.data)
    pUser_Standard_Requests                  0x200001f0   Data           4  usb_init.o(.data)
    wInterrupt_Mask                          0x200001f4   Data           2  usb_init.o(.data)
    SaveRState                               0x200001f6   Data           2  usb_int.o(.data)
    SaveTState                               0x200001f8   Data           2  usb_int.o(.data)
    PrevXferComplete                         0x200001fa   Data           1  hw_config.o(.data)
    Joystick_StringSerial                    0x200001fb   Data          26  usb_desc.o(.data)
    bIntPackSOF                              0x20000218   Data           1  usb_istr.o(.data)
    wIstr                                    0x2000021a   Data           2  usb_istr.o(.data)
    esof_counter                             0x2000021c   Data           4  usb_istr.o(.data)
    wCNTR                                    0x20000220   Data           4  usb_istr.o(.data)
    pEpInt_IN                                0x20000224   Data          28  usb_istr.o(.data)
    pEpInt_OUT                               0x20000240   Data          28  usb_istr.o(.data)
    Device_Table                             0x2000025c   Data           2  usb_prop.o(.data)
    ProtocolValue                            0x20000260   Data           4  usb_prop.o(.data)
    Device_Descriptor                        0x20000264   Data           8  usb_prop.o(.data)
    Config_Descriptor                        0x2000026c   Data           8  usb_prop.o(.data)
    Joystick_Report_Descriptor               0x20000274   Data           8  usb_prop.o(.data)
    Mouse_Hid_Descriptor                     0x2000027c   Data           8  usb_prop.o(.data)
    Device_Property                          0x20000284   Data          48  usb_prop.o(.data)
    String_Descriptor                        0x200002b4   Data          32  usb_prop.o(.data)
    User_Standard_Requests                   0x200002d4   Data          36  usb_prop.o(.data)
    bDeviceState                             0x200002f8   Data           4  usb_pwr.o(.data)
    fSuspendEnabled                          0x200002fc   Data           1  usb_pwr.o(.data)
    ResumeS                                  0x20000300   Data           2  usb_pwr.o(.data)
    remotewakeupon                           0x20000304   Data           4  usb_pwr.o(.data)
    LED_Ram                                  0x20000308   Data          12  led.o(.bss)
    myKeyBoard_KeyState                      0x20000314   Data          96  mykeyboard.o(.bss)
    myKeyBoard_KeyState_Ex                   0x20000374   Data          96  mykeyboard.o(.bss)
    ATKeyData                                0x200003d4   Data          18  mykeyboard.o(.bss)
    RxBuffer_OK                              0x200003e6   Data          10  btk05.o(.bss)
    Device_Info                              0x200003f0   Data          28  usb_init.o(.bss)
    EP                                       0x2000040c   Data          32  usb_pwr.o(.bss)
    __libspace_start                         0x2000042c   Data          96  libspace.o(.bss)
    __temporary_stack_top$libspace           0x2000048c   Data           0  libspace.o(.bss)



==============================================================================

Memory Map of the image

  Image Entry point : 0x08000131

  Load Region LR_IROM1 (Base: 0x08000000, Size: 0x00003a18, Max: 0x00040000, ABSOLUTE, COMPRESSED[0x000038b8])

    Execution Region ER_IROM1 (Exec base: 0x08000000, Load base: 0x08000000, Size: 0x00003710, Max: 0x00040000, ABSOLUTE)

    Exec Addr    Load Addr    Size         Type   Attr      Idx    E Section Name        Object

    0x08000000   0x08000000   0x00000130   Data   RO           19    RESET               startup_stm32f10x_hd.o
    0x08000130   0x08000130   0x00000008   Code   RO         4620  * !!!main             c_w.l(__main.o)
    0x08000138   0x08000138   0x00000034   Code   RO         4781    !!!scatter          c_w.l(__scatter.o)
    0x0800016c   0x0800016c   0x0000005a   Code   RO         4779    !!dczerorl2         c_w.l(__dczerorl2.o)
    0x080001c6   0x080001c6   0x00000002   PAD
    0x080001c8   0x080001c8   0x0000001c   Code   RO         4783    !!handler_zi        c_w.l(__scatter_zi.o)
    0x080001e4   0x080001e4   0x00000002   Code   RO         4647    .ARM.Collect$$libinit$$00000000  c_w.l(libinit.o)
    0x080001e6   0x080001e6   0x00000000   Code   RO         4654    .ARM.Collect$$libinit$$00000002  c_w.l(libinit2.o)
    0x080001e6   0x080001e6   0x00000000   Code   RO         4656    .ARM.Collect$$libinit$$00000004  c_w.l(libinit2.o)
    0x080001e6   0x080001e6   0x00000000   Code   RO         4659    .ARM.Collect$$libinit$$0000000A  c_w.l(libinit2.o)
    0x080001e6   0x080001e6   0x00000000   Code   RO         4661    .ARM.Collect$$libinit$$0000000C  c_w.l(libinit2.o)
    0x080001e6   0x080001e6   0x00000000   Code   RO         4663    .ARM.Collect$$libinit$$0000000E  c_w.l(libinit2.o)
    0x080001e6   0x080001e6   0x00000000   Code   RO         4666    .ARM.Collect$$libinit$$00000011  c_w.l(libinit2.o)
    0x080001e6   0x080001e6   0x00000000   Code   RO         4668    .ARM.Collect$$libinit$$00000013  c_w.l(libinit2.o)
    0x080001e6   0x080001e6   0x00000000   Code   RO         4670    .ARM.Collect$$libinit$$00000015  c_w.l(libinit2.o)
    0x080001e6   0x080001e6   0x00000000   Code   RO         4672    .ARM.Collect$$libinit$$00000017  c_w.l(libinit2.o)
    0x080001e6   0x080001e6   0x00000000   Code   RO         4674    .ARM.Collect$$libinit$$00000019  c_w.l(libinit2.o)
    0x080001e6   0x080001e6   0x00000000   Code   RO         4676    .ARM.Collect$$libinit$$0000001B  c_w.l(libinit2.o)
    0x080001e6   0x080001e6   0x00000000   Code   RO         4678    .ARM.Collect$$libinit$$0000001D  c_w.l(libinit2.o)
    0x080001e6   0x080001e6   0x00000000   Code   RO         4680    .ARM.Collect$$libinit$$0000001F  c_w.l(libinit2.o)
    0x080001e6   0x080001e6   0x00000000   Code   RO         4682    .ARM.Collect$$libinit$$00000021  c_w.l(libinit2.o)
    0x080001e6   0x080001e6   0x00000000   Code   RO         4684    .ARM.Collect$$libinit$$00000023  c_w.l(libinit2.o)
    0x080001e6   0x080001e6   0x00000000   Code   RO         4686    .ARM.Collect$$libinit$$00000025  c_w.l(libinit2.o)
    0x080001e6   0x080001e6   0x00000000   Code   RO         4690    .ARM.Collect$$libinit$$0000002C  c_w.l(libinit2.o)
    0x080001e6   0x080001e6   0x00000000   Code   RO         4692    .ARM.Collect$$libinit$$0000002E  c_w.l(libinit2.o)
    0x080001e6   0x080001e6   0x00000000   Code   RO         4694    .ARM.Collect$$libinit$$00000030  c_w.l(libinit2.o)
    0x080001e6   0x080001e6   0x00000000   Code   RO         4696    .ARM.Collect$$libinit$$00000032  c_w.l(libinit2.o)
    0x080001e6   0x080001e6   0x00000002   Code   RO         4697    .ARM.Collect$$libinit$$00000033  c_w.l(libinit2.o)
    0x080001e8   0x080001e8   0x00000002   Code   RO         4717    .ARM.Collect$$libshutdown$$00000000  c_w.l(libshutdown.o)
    0x080001ea   0x080001ea   0x00000000   Code   RO         4730    .ARM.Collect$$libshutdown$$00000002  c_w.l(libshutdown2.o)
    0x080001ea   0x080001ea   0x00000000   Code   RO         4732    .ARM.Collect$$libshutdown$$00000004  c_w.l(libshutdown2.o)
    0x080001ea   0x080001ea   0x00000000   Code   RO         4734    .ARM.Collect$$libshutdown$$00000006  c_w.l(libshutdown2.o)
    0x080001ea   0x080001ea   0x00000000   Code   RO         4737    .ARM.Collect$$libshutdown$$00000009  c_w.l(libshutdown2.o)
    0x080001ea   0x080001ea   0x00000000   Code   RO         4740    .ARM.Collect$$libshutdown$$0000000C  c_w.l(libshutdown2.o)
    0x080001ea   0x080001ea   0x00000000   Code   RO         4742    .ARM.Collect$$libshutdown$$0000000E  c_w.l(libshutdown2.o)
    0x080001ea   0x080001ea   0x00000000   Code   RO         4745    .ARM.Collect$$libshutdown$$00000011  c_w.l(libshutdown2.o)
    0x080001ea   0x080001ea   0x00000002   Code   RO         4746    .ARM.Collect$$libshutdown$$00000012  c_w.l(libshutdown2.o)
    0x080001ec   0x080001ec   0x00000000   Code   RO         4622    .ARM.Collect$$rtentry$$00000000  c_w.l(__rtentry.o)
    0x080001ec   0x080001ec   0x00000000   Code   RO         4624    .ARM.Collect$$rtentry$$00000002  c_w.l(__rtentry2.o)
    0x080001ec   0x080001ec   0x00000006   Code   RO         4636    .ARM.Collect$$rtentry$$00000004  c_w.l(__rtentry4.o)
    0x080001f2   0x080001f2   0x00000000   Code   RO         4626    .ARM.Collect$$rtentry$$00000009  c_w.l(__rtentry2.o)
    0x080001f2   0x080001f2   0x00000004   Code   RO         4627    .ARM.Collect$$rtentry$$0000000A  c_w.l(__rtentry2.o)
    0x080001f6   0x080001f6   0x00000000   Code   RO         4629    .ARM.Collect$$rtentry$$0000000C  c_w.l(__rtentry2.o)
    0x080001f6   0x080001f6   0x00000008   Code   RO         4630    .ARM.Collect$$rtentry$$0000000D  c_w.l(__rtentry2.o)
    0x080001fe   0x080001fe   0x00000002   Code   RO         4651    .ARM.Collect$$rtexit$$00000000  c_w.l(rtexit.o)
    0x08000200   0x08000200   0x00000000   Code   RO         4699    .ARM.Collect$$rtexit$$00000002  c_w.l(rtexit2.o)
    0x08000200   0x08000200   0x00000004   Code   RO         4700    .ARM.Collect$$rtexit$$00000003  c_w.l(rtexit2.o)
    0x08000204   0x08000204   0x00000006   Code   RO         4701    .ARM.Collect$$rtexit$$00000004  c_w.l(rtexit2.o)
    0x0800020a   0x0800020a   0x00000002   PAD
    0x0800020c   0x0800020c   0x00000040   Code   RO           20    .text               startup_stm32f10x_hd.o
    0x0800024c   0x0800024c   0x00000080   Code   RO         4616    .text               c_w.l(strcmpv7m.o)
    0x080002cc   0x080002cc   0x00000006   Code   RO         4618    .text               c_w.l(heapauxi.o)
    0x080002d2   0x080002d2   0x0000004a   Code   RO         4638    .text               c_w.l(sys_stackheap_outer.o)
    0x0800031c   0x0800031c   0x00000012   Code   RO         4640    .text               c_w.l(exit.o)
    0x0800032e   0x0800032e   0x00000002   PAD
    0x08000330   0x08000330   0x00000008   Code   RO         4648    .text               c_w.l(libspace.o)
    0x08000338   0x08000338   0x0000000c   Code   RO         4709    .text               c_w.l(sys_exit.o)
    0x08000344   0x08000344   0x00000002   Code   RO         4720    .text               c_w.l(use_no_semi.o)
    0x08000346   0x08000346   0x00000000   Code   RO         4722    .text               c_w.l(indicate_semi.o)
    0x08000346   0x08000346   0x00000002   PAD
    0x08000348   0x08000348   0x0000001c   Code   RO         3074    i.BLUETEETH_Mode    main.o
    0x08000364   0x08000364   0x00000030   Code   RO         3595    i.BTK05_ATMode      btk05.o
    0x08000394   0x08000394   0x0000002c   Code   RO         3596    i.BTK05_ATMode_Init  btk05.o
    0x080003c0   0x080003c0   0x00000030   Code   RO         3597    i.BTK05_DeleteConnectInfo  btk05.o
    0x080003f0   0x080003f0   0x00000016   Code   RO         3598    i.BTK05_Init        btk05.o
    0x08000406   0x08000406   0x00000002   PAD
    0x08000408   0x08000408   0x00000010   Code   RO         3599    i.BTK05_KEYMode     btk05.o
    0x08000418   0x08000418   0x00000034   Code   RO         3600    i.BTK05_LowEnerageMode  btk05.o
    0x0800044c   0x0800044c   0x0000002c   Code   RO         3601    i.BTK05_PairMode    btk05.o
    0x08000478   0x08000478   0x00000030   Code   RO         3602    i.BTK05_RESET       btk05.o
    0x080004a8   0x080004a8   0x00000024   Code   RO         3603    i.BTK05_Sleep       btk05.o
    0x080004cc   0x080004cc   0x000000c0   Code   RO         3604    i.BTK05_UART_Init   btk05.o
    0x0800058c   0x0800058c   0x0000007c   Code   RO         3605    i.BTK05_UART_SendATCmd  btk05.o
    0x08000608   0x08000608   0x00000028   Code   RO         3606    i.BTK05_UART_SendChar  btk05.o
    0x08000630   0x08000630   0x0000001a   Code   RO         3607    i.BTK05_UART_SendKeyData  btk05.o
    0x0800064a   0x0800064a   0x00000002   PAD
    0x0800064c   0x0800064c   0x0000002c   Code   RO         3609    i.BTK05_WAKEUP_Init  btk05.o
    0x08000678   0x08000678   0x00000024   Code   RO         3610    i.BTK05_Wake        btk05.o
    0x0800069c   0x0800069c   0x00000002   Code   RO         3211    i.BusFault_Handler  stm32f10x_it.o
    0x0800069e   0x0800069e   0x0000000a   Code   RO         3929    i.ByteSwap          usb_regs.o
    0x080006a8   0x080006a8   0x000001b4   Code   RO         3882    i.CTR_LP            usb_int.o
    0x0800085c   0x0800085c   0x00000028   Code   RO         3930    i.ClearDTOG_RX      usb_regs.o
    0x08000884   0x08000884   0x00000028   Code   RO         3931    i.ClearDTOG_TX      usb_regs.o
    0x080008ac   0x080008ac   0x00000020   Code   RO         3936    i.Clear_Status_Out  usb_regs.o
    0x080008cc   0x080008cc   0x00000054   Code   RO         3517    i.ConsumerKeyProcess  mykeyboard.o
    0x08000920   0x08000920   0x000000b8   Code   RO         3736    i.DataStageIn       usb_core.o
    0x080009d8   0x080009d8   0x000000a0   Code   RO         3737    i.DataStageOut      usb_core.o
    0x08000a78   0x08000a78   0x000001b8   Code   RO         3738    i.Data_Setup0       usb_core.o
    0x08000c30   0x08000c30   0x00000002   Code   RO         3212    i.DebugMon_Handler  stm32f10x_it.o
    0x08000c32   0x08000c32   0x00000002   PAD
    0x08000c34   0x08000c34   0x0000003c   Code   RO         3305    i.DelayInit         delay.o
    0x08000c70   0x08000c70   0x00000034   Code   RO         3306    i.DelayMs           delay.o
    0x08000ca4   0x08000ca4   0x00000034   Code   RO         3308    i.DelayUs           delay.o
    0x08000cd8   0x08000cd8   0x0000000c   Code   RO         4418    i.EP1_IN_Callback   usb_endp.o
    0x08000ce4   0x08000ce4   0x00000018   Code   RO         3213    i.EXTI9_5_IRQHandler  stm32f10x_it.o
    0x08000cfc   0x08000cfc   0x0000000c   Code   RO          896    i.EXTI_ClearITPendingBit  stm32f10x_exti.o
    0x08000d08   0x08000d08   0x00000020   Code   RO          900    i.EXTI_GetITStatus  stm32f10x_exti.o
    0x08000d28   0x08000d28   0x00000074   Code   RO          901    i.EXTI_Init         stm32f10x_exti.o
    0x08000d9c   0x08000d9c   0x000001b4   Code   RO         3714    i.Enter_Deep_Sleep  deepsleep.o
    0x08000f50   0x08000f50   0x0000000c   Code   RO         4313    i.Enter_LowPowerMode  hw_config.o
    0x08000f5c   0x08000f5c   0x000000d8   Code   RO         1247    i.GPIO_DeInit       stm32f10x_gpio.o
    0x08001034   0x08001034   0x000000a6   Code   RO         1252    i.GPIO_Init         stm32f10x_gpio.o
    0x080010da   0x080010da   0x0000000e   Code   RO         1256    i.GPIO_ReadInputDataBit  stm32f10x_gpio.o
    0x080010e8   0x080010e8   0x00000004   Code   RO         1259    i.GPIO_ResetBits    stm32f10x_gpio.o
    0x080010ec   0x080010ec   0x00000004   Code   RO         1260    i.GPIO_SetBits      stm32f10x_gpio.o
    0x080010f0   0x080010f0   0x00000020   Code   RO         3948    i.GetEPRxAddr       usb_regs.o
    0x08001110   0x08001110   0x0000001c   Code   RO         3951    i.GetEPTxAddr       usb_regs.o
    0x0800112c   0x0800112c   0x00000038   Code   RO         4314    i.Get_SerialNum     hw_config.o
    0x08001164   0x08001164   0x00000002   Code   RO         3214    i.HardFault_Handler  stm32f10x_it.o
    0x08001166   0x08001166   0x00000030   Code   RO         3337    i.I2C_WriteByte     led.o
    0x08001196   0x08001196   0x00000002   PAD
    0x08001198   0x08001198   0x0000006c   Code   RO         3341    i.IIC_Send_Byte     led.o
    0x08001204   0x08001204   0x00000048   Code   RO         3342    i.IIC_Start         led.o
    0x0800124c   0x0800124c   0x00000048   Code   RO         3343    i.IIC_Stop          led.o
    0x08001294   0x08001294   0x00000060   Code   RO         3344    i.IIC_Wait_Ack      led.o
    0x080012f4   0x080012f4   0x00000060   Code   RO         3739    i.In0_Process       usb_core.o
    0x08001354   0x08001354   0x0000003a   Code   RO         4315    i.IntToUnicode      hw_config.o
    0x0800138e   0x0800138e   0x00000002   PAD
    0x08001390   0x08001390   0x0000005c   Code   RO         4454    i.Joystick_Data_Setup  usb_prop.o
    0x080013ec   0x080013ec   0x0000000c   Code   RO         4455    i.Joystick_GetConfigDescriptor  usb_prop.o
    0x080013f8   0x080013f8   0x0000000c   Code   RO         4456    i.Joystick_GetDeviceDescriptor  usb_prop.o
    0x08001404   0x08001404   0x0000000c   Code   RO         4457    i.Joystick_GetHIDDescriptor  usb_prop.o
    0x08001410   0x08001410   0x0000001c   Code   RO         4458    i.Joystick_GetProtocolValue  usb_prop.o
    0x0800142c   0x0800142c   0x0000000c   Code   RO         4459    i.Joystick_GetReportDescriptor  usb_prop.o
    0x08001438   0x08001438   0x00000020   Code   RO         4460    i.Joystick_GetStringDescriptor  usb_prop.o
    0x08001458   0x08001458   0x00000012   Code   RO         4461    i.Joystick_Get_Interface_Setting  usb_prop.o
    0x0800146a   0x0800146a   0x00000002   PAD
    0x0800146c   0x0800146c   0x00000020   Code   RO         4462    i.Joystick_NoData_Setup  usb_prop.o
    0x0800148c   0x0800148c   0x0000009c   Code   RO         4463    i.Joystick_Reset    usb_prop.o
    0x08001528   0x08001528   0x00000018   Code   RO         4464    i.Joystick_SetConfiguration  usb_prop.o
    0x08001540   0x08001540   0x0000000c   Code   RO         4465    i.Joystick_SetDeviceAddress  usb_prop.o
    0x0800154c   0x0800154c   0x00000018   Code   RO         4466    i.Joystick_SetProtocol  usb_prop.o
    0x08001564   0x08001564   0x00000002   Code   RO         4467    i.Joystick_Status_In  usb_prop.o
    0x08001566   0x08001566   0x00000002   Code   RO         4468    i.Joystick_Status_Out  usb_prop.o
    0x08001568   0x08001568   0x00000024   Code   RO         4469    i.Joystick_init     usb_prop.o
    0x0800158c   0x0800158c   0x00000016   Code   RO         4317    i.Keyboard_Send     hw_config.o
    0x080015a2   0x080015a2   0x00000002   PAD
    0x080015a4   0x080015a4   0x00000030   Code   RO         3347    i.LED_DrawPoint     led.o
    0x080015d4   0x080015d4   0x00000028   Code   RO         3348    i.LED_ESCOFF        led.o
    0x080015fc   0x080015fc   0x00000074   Code   RO         3349    i.LED_FreashRam     led.o
    0x08001670   0x08001670   0x00000008   Code   RO         3350    i.LED_GoToSleep     led.o
    0x08001678   0x08001678   0x0000002c   Code   RO         3351    i.LED_HT16K33_Init  led.o
    0x080016a4   0x080016a4   0x00000034   Code   RO         3352    i.LED_I2C_Configuration  led.o
    0x080016d8   0x080016d8   0x0000001c   Code   RO         3353    i.LED_LOGO_GPIO_Init  led.o
    0x080016f4   0x080016f4   0x0000002c   Code   RO         3354    i.LED_Mode1         led.o
    0x08001720   0x08001720   0x0000007c   Code   RO         3355    i.LED_Mode2         led.o
    0x0800179c   0x0800179c   0x00000040   Code   RO         3356    i.LED_Mode3         led.o
    0x080017dc   0x080017dc   0x00000030   Code   RO         3358    i.LED_RamClearWith  led.o
    0x0800180c   0x0800180c   0x00000024   Code   RO         3359    i.LED_SetBreathEfect  led.o
    0x08001830   0x08001830   0x00000014   Code   RO         3360    i.LED_SetBrightness  led.o
    0x08001844   0x08001844   0x00000042   Code   RO         3361    i.LED_SetDisplay    led.o
    0x08001886   0x08001886   0x00000002   PAD
    0x08001888   0x08001888   0x0000002c   Code   RO         3362    i.LED_SetFlash      led.o
    0x080018b4   0x080018b4   0x00000008   Code   RO         3363    i.LED_WakeUp        led.o
    0x080018bc   0x080018bc   0x00000020   Code   RO         4318    i.Leave_LowPowerMode  hw_config.o
    0x080018dc   0x080018dc   0x00000002   Code   RO         3215    i.MemManage_Handler  stm32f10x_it.o
    0x080018de   0x080018de   0x00000002   Code   RO         3216    i.NMI_Handler       stm32f10x_it.o
    0x080018e0   0x080018e0   0x00000002   Code   RO         3740    i.NOP_Process       usb_core.o
    0x080018e2   0x080018e2   0x00000002   PAD
    0x080018e4   0x080018e4   0x00000064   Code   RO           24    i.NVIC_Init         misc.o
    0x08001948   0x08001948   0x00000014   Code   RO           25    i.NVIC_PriorityGroupConfig  misc.o
    0x0800195c   0x0800195c   0x000000e0   Code   RO         3741    i.NoData_Setup0     usb_core.o
    0x08001a3c   0x08001a3c   0x0000004c   Code   RO         3742    i.Out0_Process      usb_core.o
    0x08001a88   0x08001a88   0x00000024   Code   RO         3911    i.PMAToUserBufferCopy  usb_mem.o
    0x08001aac   0x08001aac   0x00000034   Code   RO         1613    i.PWR_EnterSTOPMode  stm32f10x_pwr.o
    0x08001ae0   0x08001ae0   0x00000040   Code   RO         3743    i.Post0_Process     usb_core.o
    0x08001b20   0x08001b20   0x0000002c   Code   RO         4570    i.PowerOn           usb_pwr.o
    0x08001b4c   0x08001b4c   0x0000001c   Code   RO         1671    i.RCC_APB1PeriphClockCmd  stm32f10x_rcc.o
    0x08001b68   0x08001b68   0x0000001c   Code   RO         1672    i.RCC_APB1PeriphResetCmd  stm32f10x_rcc.o
    0x08001b84   0x08001b84   0x0000001c   Code   RO         1673    i.RCC_APB2PeriphClockCmd  stm32f10x_rcc.o
    0x08001ba0   0x08001ba0   0x0000001c   Code   RO         1674    i.RCC_APB2PeriphResetCmd  stm32f10x_rcc.o
    0x08001bbc   0x08001bbc   0x000000ac   Code   RO         1681    i.RCC_GetClocksFreq  stm32f10x_rcc.o
    0x08001c68   0x08001c68   0x0000000c   Code   RO         1699    i.RCC_USBCLKConfig  stm32f10x_rcc.o
    0x08001c74   0x08001c74   0x0000009c   Code   RO         4571    i.Resume            usb_pwr.o
    0x08001d10   0x08001d10   0x00000020   Code   RO         4572    i.Resume_Init       usb_pwr.o
    0x08001d30   0x08001d30   0x00000002   Code   RO         3217    i.SVC_Handler       stm32f10x_it.o
    0x08001d32   0x08001d32   0x00000002   PAD
    0x08001d34   0x08001d34   0x00000010   Code   RO         3959    i.SetBTABLE         usb_regs.o
    0x08001d44   0x08001d44   0x00000048   Code   RO         3744    i.SetDeviceAddress  usb_core.o
    0x08001d8c   0x08001d8c   0x00000020   Code   RO         3973    i.SetEPRxAddr       usb_regs.o
    0x08001dac   0x08001dac   0x00000044   Code   RO         3974    i.SetEPRxCount      usb_regs.o
    0x08001df0   0x08001df0   0x00000030   Code   RO         3975    i.SetEPRxStatus     usb_regs.o
    0x08001e20   0x08001e20   0x00000028   Code   RO         3976    i.SetEPRxValid      usb_regs.o
    0x08001e48   0x08001e48   0x00000020   Code   RO         3977    i.SetEPTxAddr       usb_regs.o
    0x08001e68   0x08001e68   0x0000001c   Code   RO         3978    i.SetEPTxCount      usb_regs.o
    0x08001e84   0x08001e84   0x00000030   Code   RO         3979    i.SetEPTxStatus     usb_regs.o
    0x08001eb4   0x08001eb4   0x00000028   Code   RO         3980    i.SetEPTxValid      usb_regs.o
    0x08001edc   0x08001edc   0x0000001c   Code   RO         3981    i.SetEPType         usb_regs.o
    0x08001ef8   0x08001ef8   0x00000004   Code   RO         3271    i.SetSysClock       system_stm32f10x.o
    0x08001efc   0x08001efc   0x000000b0   Code   RO         3272    i.SetSysClockTo72   system_stm32f10x.o
    0x08001fac   0x08001fac   0x00000014   Code   RO         4319    i.Set_USBClock      hw_config.o
    0x08001fc0   0x08001fc0   0x00000088   Code   RO         3745    i.Setup0_Process    usb_core.o
    0x08002048   0x08002048   0x00000110   Code   RO         3746    i.Standard_ClearFeature  usb_core.o
    0x08002158   0x08002158   0x00000028   Code   RO         3747    i.Standard_GetConfiguration  usb_core.o
    0x08002180   0x08002180   0x00000020   Code   RO         3748    i.Standard_GetDescriptorData  usb_core.o
    0x080021a0   0x080021a0   0x00000028   Code   RO         3749    i.Standard_GetInterface  usb_core.o
    0x080021c8   0x080021c8   0x000000bc   Code   RO         3750    i.Standard_GetStatus  usb_core.o
    0x08002284   0x08002284   0x00000038   Code   RO         3751    i.Standard_SetConfiguration  usb_core.o
    0x080022bc   0x080022bc   0x00000024   Code   RO         3752    i.Standard_SetDeviceFeature  usb_core.o
    0x080022e0   0x080022e0   0x00000094   Code   RO         3753    i.Standard_SetEndPointFeature  usb_core.o
    0x08002374   0x08002374   0x0000004c   Code   RO         3754    i.Standard_SetInterface  usb_core.o
    0x080023c0   0x080023c0   0x00000080   Code   RO         4573    i.Suspend           usb_pwr.o
    0x08002440   0x08002440   0x0000001c   Code   RO           28    i.SysTick_CLKSourceConfig  misc.o
    0x0800245c   0x0800245c   0x00000002   Code   RO         3218    i.SysTick_Handler   stm32f10x_it.o
    0x0800245e   0x0800245e   0x00000002   PAD
    0x08002460   0x08002460   0x00000050   Code   RO         3274    i.SystemInit        system_stm32f10x.o
    0x080024b0   0x080024b0   0x0000004c   Code   RO         3075    i.TIM2_IRQHandler   main.o
    0x080024fc   0x080024fc   0x0000005c   Code   RO         3076    i.TIM2_Int_Init     main.o
    0x08002558   0x08002558   0x00000006   Code   RO         2303    i.TIM_ClearITPendingBit  stm32f10x_tim.o
    0x0800255e   0x0800255e   0x00000018   Code   RO         2308    i.TIM_Cmd           stm32f10x_tim.o
    0x08002576   0x08002576   0x00000018   Code   RO         2329    i.TIM_GetITStatus   stm32f10x_tim.o
    0x0800258e   0x0800258e   0x00000014   Code   RO         2333    i.TIM_ITConfig      stm32f10x_tim.o
    0x080025a2   0x080025a2   0x00000002   PAD
    0x080025a4   0x080025a4   0x0000009c   Code   RO         2379    i.TIM_TimeBaseInit  stm32f10x_tim.o
    0x08002640   0x08002640   0x00000038   Code   RO         3078    i.Try_Switch_to_BLUETEETH_Mode  main.o
    0x08002678   0x08002678   0x00000038   Code   RO         3079    i.Try_Switch_to_USB_Mode  main.o
    0x080026b0   0x080026b0   0x0000003c   Code   RO         3611    i.USART1_IRQHandler  btk05.o
    0x080026ec   0x080026ec   0x00000008   Code   RO         2840    i.USART_ClearFlag   stm32f10x_usart.o
    0x080026f4   0x080026f4   0x00000010   Code   RO         2841    i.USART_ClearITPendingBit  stm32f10x_usart.o
    0x08002704   0x08002704   0x00000018   Code   RO         2844    i.USART_Cmd         stm32f10x_usart.o
    0x0800271c   0x0800271c   0x000000a4   Code   RO         2846    i.USART_DeInit      stm32f10x_usart.o
    0x080027c0   0x080027c0   0x0000000e   Code   RO         2847    i.USART_GetFlagStatus  stm32f10x_usart.o
    0x080027ce   0x080027ce   0x00000040   Code   RO         2848    i.USART_GetITStatus  stm32f10x_usart.o
    0x0800280e   0x0800280e   0x00000036   Code   RO         2850    i.USART_ITConfig    stm32f10x_usart.o
    0x08002844   0x08002844   0x000000bc   Code   RO         2851    i.USART_Init        stm32f10x_usart.o
    0x08002900   0x08002900   0x00000008   Code   RO         2858    i.USART_ReceiveData  stm32f10x_usart.o
    0x08002908   0x08002908   0x00000008   Code   RO         2861    i.USART_SendData    stm32f10x_usart.o
    0x08002910   0x08002910   0x00000008   Code   RO         4320    i.USBWakeUp_IRQHandler  hw_config.o
    0x08002918   0x08002918   0x00000002   Code   RO         4321    i.USB_Cable_Config  hw_config.o
    0x0800291a   0x0800291a   0x00000002   PAD
    0x0800291c   0x0800291c   0x00000028   Code   RO         3855    i.USB_Init          usb_init.o
    0x08002944   0x08002944   0x0000004c   Code   RO         4322    i.USB_Interrupts_Config  hw_config.o
    0x08002990   0x08002990   0x0000015c   Code   RO         4431    i.USB_Istr          usb_istr.o
    0x08002aec   0x08002aec   0x00000004   Code   RO         4323    i.USB_LP_CAN1_RX0_IRQHandler  hw_config.o
    0x08002af0   0x08002af0   0x00000020   Code   RO         3080    i.USB_Mode          main.o
    0x08002b10   0x08002b10   0x00000054   Code   RO         4324    i.USB_Port_Set      hw_config.o
    0x08002b64   0x08002b64   0x00000020   Code   RO         4289    i.USB_SIL_Init      usb_sil.o
    0x08002b84   0x08002b84   0x00000026   Code   RO         4291    i.USB_SIL_Write     usb_sil.o
    0x08002baa   0x08002baa   0x00000002   Code   RO         3219    i.UsageFault_Handler  stm32f10x_it.o
    0x08002bac   0x08002bac   0x0000002c   Code   RO         3912    i.UserToPMABufferCopy  usb_mem.o
    0x08002bd8   0x08002bd8   0x00000034   Code   RO         3518    i.clear_keyboard_state  mykeyboard.o
    0x08002c0c   0x08002c0c   0x00000140   Code   RO         3081    i.main              main.o
    0x08002d4c   0x08002d4c   0x000000e8   Code   RO         3519    i.myKeyBoard_ControlKeyProcess  mykeyboard.o
    0x08002e34   0x08002e34   0x0000005c   Code   RO         3520    i.myKeyBoard_GPIO_Init  mykeyboard.o
    0x08002e90   0x08002e90   0x00000050   Code   RO         3521    i.myKeyBoard_JudgeKeyPressWithName  mykeyboard.o
    0x08002ee0   0x08002ee0   0x0000006c   Code   RO         3522    i.myKeyBoard_JudgeKeyStateChange  mykeyboard.o
    0x08002f4c   0x08002f4c   0x0000003c   Code   RO         3523    i.myKeyBoard_KeyScan  mykeyboard.o
    0x08002f88   0x08002f88   0x000000e0   Code   RO         3524    i.myKeyBoard_KeyScan_rowScan  mykeyboard.o
    0x08003068   0x08003068   0x00000024   Code   RO         3525    i.myKeyBoard_ScanKeyAndUpdataATBuffer  mykeyboard.o
    0x0800308c   0x0800308c   0x000002f0   Code   RO         3526    i.myKeyBoard_UpdataATDataPack  mykeyboard.o
    0x0800337c   0x0800337c   0x00000018   Code   RO         3082    i.myUSB_Init        main.o
    0x08003394   0x08003394   0x0000006c   Code   RO         3083    i.sysInit           main.o
    0x08003400   0x08003400   0x00000004   Data   RO         3365    .constdata          led.o
    0x08003404   0x08003404   0x00000080   Data   RO         3528    .constdata          mykeyboard.o
    0x08003484   0x08003484   0x00000012   Data   RO         4400    .constdata          usb_desc.o
    0x08003496   0x08003496   0x00000029   Data   RO         4401    .constdata          usb_desc.o
    0x080034bf   0x080034bf   0x0000003d   Data   RO         4402    .constdata          usb_desc.o
    0x080034fc   0x080034fc   0x00000004   Data   RO         4403    .constdata          usb_desc.o
    0x08003500   0x08003500   0x00000026   Data   RO         4404    .constdata          usb_desc.o
    0x08003526   0x08003526   0x00000028   Data   RO         4405    .constdata          usb_desc.o
    0x0800354e   0x0800354e   0x00000002   PAD
    0x08003550   0x08003550   0x0000019d   Data   RO         3529    .conststring        mykeyboard.o
    0x080036ed   0x080036ed   0x00000003   PAD
    0x080036f0   0x080036f0   0x00000020   Data   RO         4777    Region$$Table       anon$$obj.o


    Execution Region RW_IRAM1 (Exec base: 0x20000000, Load base: 0x08003710, Size: 0x00000a90, Max: 0x0000c000, ABSOLUTE, COMPRESSED[0x000001a8])

    Exec Addr    Load Addr    Size         Type   Attr      Idx    E Section Name        Object

    0x20000000   COMPRESSED   0x00000014   Data   RW         1701    .data               stm32f10x_rcc.o
    0x20000014   COMPRESSED   0x0000000c   Data   RW         3084    .data               main.o
    0x20000020   COMPRESSED   0x00000014   Data   RW         3275    .data               system_stm32f10x.o
    0x20000034   COMPRESSED   0x00000004   Data   RW         3309    .data               delay.o
    0x20000038   COMPRESSED   0x00000005   Data   RW         3366    .data               led.o
    0x2000003d   COMPRESSED   0x00000003   PAD
    0x20000040   COMPRESSED   0x00000188   Data   RW         3530    .data               mykeyboard.o
    0x200001c8   COMPRESSED   0x0000000c   Data   RW         3614    .data               btk05.o
    0x200001d4   COMPRESSED   0x00000003   Data   RW         3615    .data               btk05.o
    0x200001d7   COMPRESSED   0x00000008   Data   RW         3617    .data               btk05.o
    0x200001df   COMPRESSED   0x00000001   Data   RW         3715    .data               deepsleep.o
    0x200001e0   COMPRESSED   0x00000004   Data   RW         3755    .data               usb_core.o
    0x200001e4   COMPRESSED   0x00000001   Data   RW         3857    .data               usb_init.o
    0x200001e5   COMPRESSED   0x00000003   PAD
    0x200001e8   COMPRESSED   0x0000000c   Data   RW         3858    .data               usb_init.o
    0x200001f4   COMPRESSED   0x00000002   Data   RW         3860    .data               usb_init.o
    0x200001f6   COMPRESSED   0x00000004   Data   RW         3883    .data               usb_int.o
    0x200001fa   COMPRESSED   0x00000001   Data   RW         4325    .data               hw_config.o
    0x200001fb   COMPRESSED   0x0000001a   Data   RW         4406    .data               usb_desc.o
    0x20000215   COMPRESSED   0x00000003   PAD
    0x20000218   COMPRESSED   0x0000000c   Data   RW         4432    .data               usb_istr.o
    0x20000224   COMPRESSED   0x0000001c   Data   RW         4433    .data               usb_istr.o
    0x20000240   COMPRESSED   0x0000001c   Data   RW         4434    .data               usb_istr.o
    0x2000025c   COMPRESSED   0x00000002   Data   RW         4470    .data               usb_prop.o
    0x2000025e   COMPRESSED   0x00000002   PAD
    0x20000260   COMPRESSED   0x00000074   Data   RW         4471    .data               usb_prop.o
    0x200002d4   COMPRESSED   0x00000024   Data   RW         4472    .data               usb_prop.o
    0x200002f8   COMPRESSED   0x00000004   Data   RW         4575    .data               usb_pwr.o
    0x200002fc   COMPRESSED   0x00000001   Data   RW         4576    .data               usb_pwr.o
    0x200002fd   COMPRESSED   0x00000003   PAD
    0x20000300   COMPRESSED   0x00000008   Data   RW         4577    .data               usb_pwr.o
    0x20000308        -       0x0000000c   Zero   RW         3364    .bss                led.o
    0x20000314        -       0x000000d2   Zero   RW         3527    .bss                mykeyboard.o
    0x200003e6        -       0x0000000a   Zero   RW         3613    .bss                btk05.o
    0x200003f0        -       0x0000001c   Zero   RW         3856    .bss                usb_init.o
    0x2000040c        -       0x00000020   Zero   RW         4574    .bss                usb_pwr.o
    0x2000042c        -       0x00000060   Zero   RW         4649    .bss                c_w.l(libspace.o)
    0x2000048c   COMPRESSED   0x00000004   PAD
    0x20000490        -       0x00000200   Zero   RW           18    HEAP                startup_stm32f10x_hd.o
    0x20000690        -       0x00000400   Zero   RW           17    STACK               startup_stm32f10x_hd.o


==============================================================================

Image component sizes


      Code (inc. data)   RO Data    RW Data    ZI Data      Debug   Object Name

       880        136          0         23         10      10747   btk05.o
         0          0          0          0          0       4540   core_cm3.o
       436         40          0          1          0      16126   deepsleep.o
       164         26          0          4          0       1752   delay.o
       374         28          0          1          0       6890   hw_config.o
      1186         86          4          5         12      13702   led.o
       792         66          0         12          0       8954   main.o
       148         14          0          0          0     254621   misc.o
      1720        262        541        392        210      10995   mykeyboard.o
        64         26        304          0       1536        820   startup_stm32f10x_hd.o
       160         16          0          0          0       2368   stm32f10x_exti.o
       404         28          0          0          0       4770   stm32f10x_gpio.o
        40          0          0          0          0       4082   stm32f10x_it.o
        52         10          0          0          0        628   stm32f10x_pwr.o
       296         48          0         20          0       6427   stm32f10x_rcc.o
       230         42          0          0          0       3830   stm32f10x_tim.o
       548         26          0          0          0       8592   stm32f10x_usart.o
       260         26          0         20          0       2405   system_stm32f10x.o
      2342        280          0          4          0      16295   usb_core.o
         0          0        202         26          0       1245   usb_desc.o
        12          4          0          0          0        462   usb_endp.o
        40         18          0         15         28       4382   usb_init.o
       436         28          0          4          0       2068   usb_int.o
       348         26          0         68          0       1919   usb_istr.o
        80         12          0          0          0       2156   usb_mem.o
       506        108          0        154          0      12960   usb_prop.o
       360         42          0         13         32       4148   usb_pwr.o
       562         90          0          0          0      10000   usb_regs.o
        70          8          0          0          0       1759   usb_sil.o

    ----------------------------------------------------------------------
     12536       1496       1088        776       1828     419643   Object Totals
         0          0         32          0          0          0   (incl. Generated)
        26          0          5         14          0          0   (incl. Padding)

    ----------------------------------------------------------------------

      Code (inc. data)   RO Data    RW Data    ZI Data      Debug   Library Member Name

        90          0          0          0          0          0   __dczerorl2.o
         8          0          0          0          0         68   __main.o
         0          0          0          0          0          0   __rtentry.o
        12          0          0          0          0          0   __rtentry2.o
         6          0          0          0          0          0   __rtentry4.o
        52          8          0          0          0          0   __scatter.o
        28          0          0          0          0          0   __scatter_zi.o
        18          0          0          0          0         80   exit.o
         6          0          0          0          0        152   heapauxi.o
         0          0          0          0          0          0   indicate_semi.o
         2          0          0          0          0          0   libinit.o
         2          0          0          0          0          0   libinit2.o
         2          0          0          0          0          0   libshutdown.o
         2          0          0          0          0          0   libshutdown2.o
         8          4          0          0         96         68   libspace.o
         2          0          0          0          0          0   rtexit.o
        10          0          0          0          0          0   rtexit2.o
       128          0          0          0          0         68   strcmpv7m.o
        12          4          0          0          0         68   sys_exit.o
        74          0          0          0          0         80   sys_stackheap_outer.o
         2          0          0          0          0         68   use_no_semi.o

    ----------------------------------------------------------------------
       472         16          0          0        100        652   Library Totals
         8          0          0          0          4          0   (incl. Padding)

    ----------------------------------------------------------------------

      Code (inc. data)   RO Data    RW Data    ZI Data      Debug   Library Name

       464         16          0          0         96        652   c_w.l

    ----------------------------------------------------------------------
       472         16          0          0        100        652   Library Totals

    ----------------------------------------------------------------------

==============================================================================


      Code (inc. data)   RO Data    RW Data    ZI Data      Debug   

     13008       1512       1088        776       1928     411035   Grand Totals
     13008       1512       1088        424       1928     411035   ELF Image Totals (compressed)
     13008       1512       1088        424          0          0   ROM Totals

==============================================================================

    Total RO  Size (Code + RO Data)                14096 (  13.77kB)
    Total RW  Size (RW Data + ZI Data)              2704 (   2.64kB)
    Total ROM Size (Code + RO Data + RW Data)      14520 (  14.18kB)

==============================================================================

