Component: ARM Compiler 5.06 update 7 (build 960) Tool: armlink [4d3601]

==============================================================================

Section Cross References

    startup_stm32f10x_hd.o(STACK) refers (Special) to heapauxi.o(.text) for __use_two_region_memory
    startup_stm32f10x_hd.o(HEAP) refers (Special) to heapauxi.o(.text) for __use_two_region_memory
    startup_stm32f10x_hd.o(RESET) refers (Special) to heapauxi.o(.text) for __use_two_region_memory
    startup_stm32f10x_hd.o(RESET) refers to startup_stm32f10x_hd.o(STACK) for __initial_sp
    startup_stm32f10x_hd.o(RESET) refers to startup_stm32f10x_hd.o(.text) for Reset_Handler
    startup_stm32f10x_hd.o(RESET) refers to stm32f10x_it.o(i.NMI_Handler) for NMI_Handler
    startup_stm32f10x_hd.o(RESET) refers to stm32f10x_it.o(i.HardFault_Handler) for HardFault_Handler
    startup_stm32f10x_hd.o(RESET) refers to stm32f10x_it.o(i.MemManage_Handler) for MemManage_Handler
    startup_stm32f10x_hd.o(RESET) refers to stm32f10x_it.o(i.BusFault_Handler) for BusFault_Handler
    startup_stm32f10x_hd.o(RESET) refers to stm32f10x_it.o(i.UsageFault_Handler) for UsageFault_Handler
    startup_stm32f10x_hd.o(RESET) refers to stm32f10x_it.o(i.SVC_Handler) for SVC_Handler
    startup_stm32f10x_hd.o(RESET) refers to stm32f10x_it.o(i.DebugMon_Handler) for DebugMon_Handler
    startup_stm32f10x_hd.o(RESET) refers to stm32f10x_it.o(i.SysTick_Handler) for SysTick_Handler
    startup_stm32f10x_hd.o(RESET) refers to hw_config.o(i.USB_LP_CAN1_RX0_IRQHandler) for USB_LP_CAN1_RX0_IRQHandler
    startup_stm32f10x_hd.o(RESET) refers to main.o(i.TIM2_IRQHandler) for TIM2_IRQHandler
    startup_stm32f10x_hd.o(RESET) refers to btk05.o(i.USART1_IRQHandler) for USART1_IRQHandler
    startup_stm32f10x_hd.o(RESET) refers to hw_config.o(i.USBWakeUp_IRQHandler) for USBWakeUp_IRQHandler
    startup_stm32f10x_hd.o(.text) refers (Special) to heapauxi.o(.text) for __use_two_region_memory
    startup_stm32f10x_hd.o(.text) refers to system_stm32f10x.o(i.SystemInit) for SystemInit
    startup_stm32f10x_hd.o(.text) refers to __main.o(!!!main) for __main
    startup_stm32f10x_hd.o(.text) refers to startup_stm32f10x_hd.o(HEAP) for Heap_Mem
    startup_stm32f10x_hd.o(.text) refers to startup_stm32f10x_hd.o(STACK) for Stack_Mem
    stm32f10x_adc.o(i.ADC_DeInit) refers to stm32f10x_rcc.o(i.RCC_APB2PeriphResetCmd) for RCC_APB2PeriphResetCmd
    stm32f10x_bkp.o(i.BKP_DeInit) refers to stm32f10x_rcc.o(i.RCC_BackupResetCmd) for RCC_BackupResetCmd
    stm32f10x_can.o(i.CAN_DeInit) refers to stm32f10x_rcc.o(i.RCC_APB1PeriphResetCmd) for RCC_APB1PeriphResetCmd
    stm32f10x_can.o(i.CAN_GetITStatus) refers to stm32f10x_can.o(i.CheckITStatus) for CheckITStatus
    stm32f10x_cec.o(i.CEC_DeInit) refers to stm32f10x_rcc.o(i.RCC_APB1PeriphResetCmd) for RCC_APB1PeriphResetCmd
    stm32f10x_dac.o(i.DAC_DeInit) refers to stm32f10x_rcc.o(i.RCC_APB1PeriphResetCmd) for RCC_APB1PeriphResetCmd
    stm32f10x_flash.o(i.FLASH_EnableWriteProtection) refers to stm32f10x_flash.o(i.FLASH_WaitForLastOperation) for FLASH_WaitForLastOperation
    stm32f10x_flash.o(i.FLASH_EraseAllBank1Pages) refers to stm32f10x_flash.o(i.FLASH_WaitForLastBank1Operation) for FLASH_WaitForLastBank1Operation
    stm32f10x_flash.o(i.FLASH_EraseAllPages) refers to stm32f10x_flash.o(i.FLASH_WaitForLastOperation) for FLASH_WaitForLastOperation
    stm32f10x_flash.o(i.FLASH_EraseOptionBytes) refers to stm32f10x_flash.o(i.FLASH_GetReadOutProtectionStatus) for FLASH_GetReadOutProtectionStatus
    stm32f10x_flash.o(i.FLASH_EraseOptionBytes) refers to stm32f10x_flash.o(i.FLASH_WaitForLastOperation) for FLASH_WaitForLastOperation
    stm32f10x_flash.o(i.FLASH_ErasePage) refers to stm32f10x_flash.o(i.FLASH_WaitForLastOperation) for FLASH_WaitForLastOperation
    stm32f10x_flash.o(i.FLASH_ProgramHalfWord) refers to stm32f10x_flash.o(i.FLASH_WaitForLastOperation) for FLASH_WaitForLastOperation
    stm32f10x_flash.o(i.FLASH_ProgramOptionByteData) refers to stm32f10x_flash.o(i.FLASH_WaitForLastOperation) for FLASH_WaitForLastOperation
    stm32f10x_flash.o(i.FLASH_ProgramWord) refers to stm32f10x_flash.o(i.FLASH_WaitForLastOperation) for FLASH_WaitForLastOperation
    stm32f10x_flash.o(i.FLASH_ReadOutProtection) refers to stm32f10x_flash.o(i.FLASH_WaitForLastOperation) for FLASH_WaitForLastOperation
    stm32f10x_flash.o(i.FLASH_UserOptionByteConfig) refers to stm32f10x_flash.o(i.FLASH_WaitForLastOperation) for FLASH_WaitForLastOperation
    stm32f10x_flash.o(i.FLASH_WaitForLastBank1Operation) refers to stm32f10x_flash.o(i.FLASH_GetBank1Status) for FLASH_GetBank1Status
    stm32f10x_flash.o(i.FLASH_WaitForLastOperation) refers to stm32f10x_flash.o(i.FLASH_GetBank1Status) for FLASH_GetBank1Status
    stm32f10x_gpio.o(i.GPIO_AFIODeInit) refers to stm32f10x_rcc.o(i.RCC_APB2PeriphResetCmd) for RCC_APB2PeriphResetCmd
    stm32f10x_gpio.o(i.GPIO_DeInit) refers to stm32f10x_rcc.o(i.RCC_APB2PeriphResetCmd) for RCC_APB2PeriphResetCmd
[...]
    i.GPIO_SetBits                           0x080011d8   Section        0  stm32f10x_gpio.o(i.GPIO_SetBits)
    i.GetEPRxAddr                            0x080011dc   Section        0  usb_regs.o(i.GetEPRxAddr)
    i.GetEPTxAddr                            0x080011fc   Section        0  usb_regs.o(i.GetEPTxAddr)
    i.Get_SerialNum                          0x0800121c   Section        0  hw_config.o(i.Get_SerialNum)
    i.HardFault_Handler                      0x08001250   Section        0  stm32f10x_it.o(i.HardFault_Handler)
    i.I2C_WriteByte                          0x08001254   Section        0  led.o(i.I2C_WriteByte)
    i.IIC_Send_Byte                          0x08001284   Section        0  led.o(i.IIC_Send_Byte)
    i.IIC_Start                              0x080012f4   Section        0  led.o(i.IIC_Start)
    i.IIC_Stop                               0x08001340   Section        0  led.o(i.IIC_Stop)
    i.IIC_Wait_Ack                           0x0800138c   Section        0  led.o(i.IIC_Wait_Ack)
    i.In0_Process                            0x080013f0   Section        0  usb_core.o(i.In0_Process)
    i.IntToUnicode                           0x08001460   Section        0  hw_config.o(i.IntToUnicode)
    IntToUnicode                             0x08001461   Thumb Code    62  hw_config.o(i.IntToUnicode)
    i.Joystick_Data_Setup                    0x080014a0   Section        0  usb_prop.o(i.Joystick_Data_Setup)
    i.Joystick_GetConfigDescriptor           0x0800151c   Section        0  usb_prop.o(i.Joystick_GetConfigDescriptor)
    i.Joystick_GetDeviceDescriptor           0x08001530   Section        0  usb_prop.o(i.Joystick_GetDeviceDescriptor)
    i.Joystick_GetHIDDescriptor              0x08001544   Section        0  usb_prop.o(i.Joystick_GetHIDDescriptor)
    i.Joystick_GetProtocolValue              0x08001558   Section        0  usb_prop.o(i.Joystick_GetProtocolValue)
    i.Joystick_GetReportDescriptor           0x08001574   Section        0  usb_prop.o(i.Joystick_GetReportDescriptor)
    i.Joystick_GetStringDescriptor           0x08001588   Section        0  usb_prop.o(i.Joystick_GetStringDescriptor)
    i.Joystick_Get_Interface_Setting         0x080015b0   Section        0  usb_prop.o(i.Joystick_Get_Interface_Setting)
    i.Joystick_NoData_Setup                  0x080015c8   Section        0  usb_prop.o(i.Joystick_NoData_Setup)
    i.Joystick_Reset                         0x080015ec   Section        0  usb_prop.o(i.Joystick_Reset)
    i.Joystick_SetConfiguration              0x08001690   Section        0  usb_prop.o(i.Joystick_SetConfiguration)
    i.Joystick_SetDeviceAddress              0x080016a8   Section        0  usb_prop.o(i.Joystick_SetDeviceAddress)
    i.Joystick_SetProtocol                   0x080016b4   Section        0  usb_prop.o(i.Joystick_SetProtocol)
    i.Joystick_Status_In                     0x080016cc   Section        0  usb_prop.o(i.Joystick_Status_In)
    i.Joystick_Status_Out                    0x080016ce   Section        0  usb_prop.o(i.Joystick_Status_Out)
    i.Joystick_init                          0x080016d0   Section        0  usb_prop.o(i.Joystick_init)
    i.Keyboard_Send                          0x080016f8   Section        0  hw_config.o(i.Keyboard_Send)
    i.LED_BreathProcess                      0x08001710   Section        0  led.o(i.LED_BreathProcess)
    i.LED_DrawPoint                          0x0800177c   Section        0  led.o(i.LED_DrawPoint)
    i.LED_ESCOFF                             0x080017ec   Section        0  led.o(i.LED_ESCOFF)
    i.LED_FreashRam                          0x08001810   Section        0  led.o(i.LED_FreashRam)
    i.LED_GoToSleep                          0x08001884   Section        0  led.o(i.LED_GoToSleep)
    i.LED_HT16K33_Init                       0x08001890   Section        0  led.o(i.LED_HT16K33_Init)
    i.LED_I2C_Configuration                  0x080018bc   Section        0  led.o(i.LED_I2C_Configuration)
    i.LED_LOGO_GPIO_Init                     0x080018f0   Section        0  led.o(i.LED_LOGO_GPIO_Init)
    i.LED_Mode1                              0x0800190c   Section        0  led.o(i.LED_Mode1)
    i.LED_Mode2                              0x08001938   Section        0  led.o(i.LED_Mode2)
    i.LED_Mode3                              0x080019b4   Section        0  led.o(i.LED_Mode3)
    i.LED_RamClearWith                       0x080019f4   Section        0  led.o(i.LED_RamClearWith)
    i.LED_SetBreathEfect                     0x08001a28   Section        0  led.o(i.LED_SetBreathEfect)
    i.LED_SetBrightness                      0x08001a58   Section        0  led.o(i.LED_SetBrightness)
    i.LED_SetDisplay                         0x08001a72   Section        0  led.o(i.LED_SetDisplay)
    i.LED_SetFlash                           0x08001ac8   Section        0  led.o(i.LED_SetFlash)
    i.LED_WakeUp                             0x08001b00   Section        0  led.o(i.LED_WakeUp)
    i.Leave_LowPowerMode                     0x08001b0c   Section        0  hw_config.o(i.Leave_LowPowerMode)
    i.MemManage_Handler                      0x08001b2c   Section        0  stm32f10x_it.o(i.MemManage_Handler)
    i.NMI_Handler                            0x08001b30   Section        0  stm32f10x_it.o(i.NMI_Handler)
    i.NOP_Process                            0x08001b32   Section        0  usb_core.o(i.NOP_Process)
    i.NVIC_Init                              0x08001b34   Section        0  misc.o(i.NVIC_Init)
    i.NVIC_PriorityGroupConfig               0x08001ba4   Section        0  misc.o(i.NVIC_PriorityGroupConfig)
    i.NoData_Setup0                          0x08001bb8   Section        0  usb_core.o(i.NoData_Setup0)
    NoData_Setup0                            0x08001bb9   Thumb Code   290  usb_core.o(i.NoData_Setup0)
    i.Out0_Process                           0x08001cf0   Section        0  usb_core.o(i.Out0_Process)
    i.PMAToUserBufferCopy                    0x08001d40   Section        0  usb_mem.o(i.PMAToUserBufferCopy)
    i.Post0_Process                          0x08001d68   Section        0  usb_core.o(i.Post0_Process)
    i.PowerOn                                0x08001db0   Section        0  usb_pwr.o(i.PowerOn)
    i.RCC_APB1PeriphClockCmd                 0x08001df0   Section        0  stm32f10x_rcc.o(i.RCC_APB1PeriphClockCmd)
    i.RCC_APB1PeriphResetCmd                 0x08001e10   Section        0  stm32f10x_rcc.o(i.RCC_APB1PeriphResetCmd)
    i.RCC_APB2PeriphClockCmd                 0x08001e30   Section        0  stm32f10x_rcc.o(i.RCC_APB2PeriphClockCmd)
    i.RCC_APB2PeriphResetCmd                 0x08001e50   Section        0  stm32f10x_rcc.o(i.RCC_APB2PeriphResetCmd)
    i.RCC_GetClocksFreq                      0x08001e70   Section        0  stm32f10x_rcc.o(i.RCC_GetClocksFreq)
    i.RCC_USBCLKConfig                       0x08001f44   Section        0  stm32f10x_rcc.o(i.RCC_USBCLKConfig)
    i.Resume                                 0x08001f50   Section        0  usb_pwr.o(i.Resume)
    i.Resume_Init                            0x08002020   Section        0  usb_pwr.o(i.Resume_Init)
    i.SVC_Handler                            0x08002044   Section        0  stm32f10x_it.o(i.SVC_Handler)
    i.SetBTABLE                              0x08002048   Section        0  usb_regs.o(i.SetBTABLE)
    i.SetDeviceAddress                       0x08002058   Section        0  usb_core.o(i.SetDeviceAddress)
    i.SetEPRxAddr                            0x080020a8   Section        0  usb_regs.o(i.SetEPRxAddr)
    i.SetEPRxCount                           0x080020cc   Section        0  usb_regs.o(i.SetEPRxCount)
    i.SetEPRxStatus                          0x08002118   Section        0  usb_regs.o(i.SetEPRxStatus)
    i.SetEPRxValid                           0x08002158   Section        0  usb_regs.o(i.SetEPRxValid)
    i.SetEPTxAddr                            0x0800218c   Section        0  usb_regs.o(i.SetEPTxAddr)
    i.SetEPTxCount                           0x080021ac   Section        0  usb_regs.o(i.SetEPTxCount)
    i.SetEPTxStatus                          0x080021c8   Section        0  usb_regs.o(i.SetEPTxStatus)
    i.SetEPTxValid                           0x08002208   Section        0  usb_regs.o(i.SetEPTxValid)
    i.SetEPType                              0x0800223c   Section        0  usb_regs.o(i.SetEPType)
    i.SetSysClock                            0x08002260   Section        0  system_stm32f10x.o(i.SetSysClock)
    SetSysClock                              0x08002261   Thumb Code     8  system_stm32f10x.o(i.SetSysClock)
    i.SetSysClockTo72                        0x08002268   Section        0  system_stm32f10x.o(i.SetSysClockTo72)
    SetSysClockTo72                          0x08002269   Thumb Code   214  system_stm32f10x.o(i.SetSysClockTo72)
    i.Set_USBClock                           0x08002348   Section        0  hw_config.o(i.Set_USBClock)
    i.Setup0_Process                         0x0800235c   Section        0  usb_core.o(i.Setup0_Process)
    i.Standard_ClearFeature                  0x08002414   Section        0  usb_core.o(i.Standard_ClearFeature)
    i.Standard_GetConfiguration              0x08002580   Section        0  usb_core.o(i.Standard_GetConfiguration)
    i.Standard_GetDescriptorData             0x080025ac   Section        0  usb_core.o(i.Standard_GetDescriptorData)
    i.Standard_GetInterface                  0x080025d0   Section        0  usb_core.o(i.Standard_GetInterface)
    i.Standard_GetStatus                     0x080025fc   Section        0  usb_core.o(i.Standard_GetStatus)
    i.Standard_SetConfiguration              0x080026fc   Section        0  usb_core.o(i.Standard_SetConfiguration)
    i.Standard_SetDeviceFeature              0x08002744   Section        0  usb_core.o(i.Standard_SetDeviceFeature)
    i.Standard_SetEndPointFeature            0x0800276c   Section        0  usb_core.o(i.Standard_SetEndPointFeature)
    i.Standard_SetInterface                  0x0800283c   Section        0  usb_core.o(i.Standard_SetInterface)
    i.Suspend                                0x080028a8   Section        0  usb_pwr.o(i.Suspend)
    i.SysTick_CLKSourceConfig                0x08002944   Section        0  misc.o(i.SysTick_CLKSourceConfig)
    i.SysTick_Handler                        0x0800296c   Section        0  stm32f10x_it.o(i.SysTick_Handler)
    i.SystemInit                             0x08002970   Section        0  system_stm32f10x.o(i.SystemInit)
    i.TIM2_IRQHandler                        0x080029d0   Section        0  main.o(i.TIM2_IRQHandler)
    i.TIM2_Int_Init                          0x08002a38   Section        0  main.o(i.TIM2_Int_Init)
    i.TIM_ClearITPendingBit                  0x08002a94   Section        0  stm32f10x_tim.o(i.TIM_ClearITPendingBit)
    i.TIM_Cmd                                0x08002a9a   Section        0  stm32f10x_tim.o(i.TIM_Cmd)
    i.TIM_GetITStatus                        0x08002ab2   Section        0  stm32f10x_tim.o(i.TIM_GetITStatus)
    i.TIM_ITConfig                           0x08002ad4   Section        0  stm32f10x_tim.o(i.TIM_ITConfig)
    i.TIM_TimeBaseInit                       0x08002ae8   Section        0  stm32f10x_tim.o(i.TIM_TimeBaseInit)
    i.USART1_IRQHandler                      0x08002b8c   Section        0  btk05.o(i.USART1_IRQHandler)
    i.USART_ClearFlag                        0x08002bd0   Section        0  stm32f10x_usart.o(i.USART_ClearFlag)
    i.USART_ClearITPendingBit                0x08002be2   Section        0  stm32f10x_usart.o(i.USART_ClearITPendingBit)
    i.USART_Cmd                              0x08002c00   Section        0  stm32f10x_usart.o(i.USART_Cmd)
    i.USART_DeInit                           0x08002c18   Section        0  stm32f10x_usart.o(i.USART_DeInit)
    i.USART_GetFlagStatus                    0x08002cb4   Section        0  stm32f10x_usart.o(i.USART_GetFlagStatus)
    i.USART_GetITStatus                      0x08002cce   Section        0  stm32f10x_usart.o(i.USART_GetITStatus)
    i.USART_ITConfig                         0x08002d22   Section        0  stm32f10x_usart.o(i.USART_ITConfig)
    i.USART_Init                             0x08002d6c   Section        0  stm32f10x_usart.o(i.USART_Init)
    i.USART_ReceiveData                      0x08002e44   Section        0  stm32f10x_usart.o(i.USART_ReceiveData)
    i.USART_SendData                         0x08002e4e   Section        0  stm32f10x_usart.o(i.USART_SendData)
    i.USBWakeUp_IRQHandler                   0x08002e56   Section        0  hw_config.o(i.USBWakeUp_IRQHandler)
    i.USB_Cable_Config                       0x08002e62   Section        0  hw_config.o(i.USB_Cable_Config)
    i.USB_Init                               0x08002e64   Section        0  usb_init.o(i.USB_Init)
    i.USB_Interrupts_Config                  0x08002ea0   Section        0  hw_config.o(i.USB_Interrupts_Config)
    i.USB_Istr                               0x08002ef4   Section        0  usb_istr.o(i.USB_Istr)
    i.USB_LP_CAN1_RX0_IRQHandler             0x080030c0   Section        0  hw_config.o(i.USB_LP_CAN1_RX0_IRQHandler)
    i.USB_Mode                               0x080030c8   Section        0  main.o(i.USB_Mode)
    i.USB_Port_Set                           0x080030ec   Section        0  hw_config.o(i.USB_Port_Set)
    i.USB_SIL_Init                           0x08003144   Section        0  usb_sil.o(i.USB_SIL_Init)
    i.USB_SIL_Write                          0x08003168   Section        0  usb_sil.o(i.USB_SIL_Write)
    i.UsageFault_Handler                     0x08003196   Section        0  stm32f10x_it.o(i.UsageFault_Handler)
    i.UserToPMABufferCopy                    0x0800319c   Section        0  usb_mem.o(i.UserToPMABufferCopy)
    i.main                                   0x080031d4   Section        0  main.o(i.main)
    i.myKeyBoard_ControlKeyProcess           0x08003358   Section        0  mykeyboard.o(i.myKeyBoard_ControlKeyProcess)
    i.myKeyBoard_GPIO_Init                   0x08003488   Section        0  mykeyboard.o(i.myKeyBoard_GPIO_Init)
    i.myKeyBoard_JudgeKeyPressWithName       0x080034ec   Section        0  mykeyboard.o(i.myKeyBoard_JudgeKeyPressWithName)
    i.myKeyBoard_JudgeKeyStateChange         0x08003544   Section        0  mykeyboard.o(i.myKeyBoard_JudgeKeyStateChange)
    i.myKeyBoard_KeyScan                     0x080035bc   Section        0  mykeyboard.o(i.myKeyBoard_KeyScan)
    i.myKeyBoard_KeyScan_rowScan             0x080035f8   Section        0  mykeyboard.o(i.myKeyBoard_KeyScan_rowScan)
    i.myKeyBoard_ScanKeyAndUpdataATBuffer    0x080036e8   Section        0  mykeyboard.o(i.myKeyBoard_ScanKeyAndUpdataATBuffer)
    i.myKeyBoard_UpdataATDataPack            0x08003714   Section        0  mykeyboard.o(i.myKeyBoard_UpdataATDataPack)
    i.myUSB_Init                             0x08003a64   Section        0  main.o(i.myUSB_Init)
    i.sysInit                                0x08003a7c   Section        0  main.o(i.sysInit)
    .constdata                               0x08003ae8   Section        4  led.o(.constdata)
    .constdata                               0x08003aec   Section      128  mykeyboard.o(.constdata)
    .constdata                               0x08003b6c   Section      202  usb_desc.o(.constdata)
    .conststring                             0x08003c38   Section      413  mykeyboard.o(.conststring)
    .data                                    0x20000000   Section       20  stm32f10x_rcc.o(.data)
    APBAHBPrescTable                         0x20000000   Data          16  stm32f10x_rcc.o(.data)
    ADCPrescTable                            0x20000010   Data           4  stm32f10x_rcc.o(.data)
    .data                                    0x20000014   Section       11  main.o(.data)
    sleepTime1SCounter                       0x20000014   Data           2  main.o(.data)
    .data                                    0x20000020   Section       20  system_stm32f10x.o(.data)
    .data                                    0x20000034   Section        4  delay.o(.data)
    fac_us                                   0x20000034   Data           1  delay.o(.data)
    fac_ms                                   0x20000036   Data           2  delay.o(.data)
    .data                                    0x20000038   Section        5  led.o(.data)
    .data                                    0x20000040   Section      390  mykeyboard.o(.data)
    .data                                    0x200001c6   Section       24  btk05.o(.data)
    .data                                    0x200001de   Section        3  usb_core.o(.data)
    .data                                    0x200001e4   Section       20  usb_init.o(.data)
    .data                                    0x200001f8   Section        4  usb_int.o(.data)
    .data                                    0x200001fc   Section        1  hw_config.o(.data)
    .data                                    0x200001fd   Section       26  usb_desc.o(.data)
    .data                                    0x20000218   Section       68  usb_istr.o(.data)
    .data                                    0x2000025c   Section      156  usb_prop.o(.data)
    .data                                    0x200002f8   Section       12  usb_pwr.o(.data)
    .bss                                     0x20000304   Section       12  led.o(.bss)
    .bss                                     0x20000310   Section      210  mykeyboard.o(.bss)
    .bss                                     0x200003e2   Section       60  btk05.o(.bss)
    .bss                                     0x20000420   Section       28  usb_init.o(.bss)
    .bss                                     0x2000043c   Section       32  usb_pwr.o(.bss)
    .bss                                     0x2000045c   Section       96  libspace.o(.bss)
    HEAP                                     0x200004c0   Section      512  startup_stm32f10x_hd.o(HEAP)
    Heap_Mem                                 0x200004c0   Data         512  startup_stm32f10x_hd.o(HEAP)
    STACK                                    0x200006c0   Section     1024  startup_stm32f10x_hd.o(STACK)
    Stack_Mem                                0x200006c0   Data        1024  startup_stm32f10x_hd.o(STACK)
    __initial_sp                             0x20000ac0   Data           0  startup_stm32f10x_hd.o(STACK)

    Global Symbols

    Symbol Name                              Value     Ov Type        Size  Object(Section)

    BuildAttributes$$THM_ISAv4$P$D$K$B$S$PE$A:L22UL41UL21$X:L11$S22US41US21$IEEE1$IW$USESV6$~STKCKD$USESV7$~SHL$OSPACE$ROPI$EBA8$UX$STANDARDLIB$REQ8$PRES8$EABIv2 0x00000000   Number         0  anon$$obj.o ABSOLUTE
    __ARM_use_no_argv                        0x00000000   Number         0  main.o ABSOLUTE
    __ARM_exceptions_init                     - Undefined Weak Reference
    __alloca_initialize                       - Undefined Weak Reference
    __arm_fini_                               - Undefined Weak Reference
    __arm_preinit_                            - Undefined Weak Reference
    __cpp_initialize__aeabi_                  - Undefined Weak Reference
    __cxa_finalize                            - Undefined Weak Reference
    __rt_locale                               - Undefined Weak Reference
    __sigvec_lookup                           - Undefined Weak Reference
    _atexit_init                              - Undefined Weak Reference
    _call_atexit_fns                          - Undefined Weak Reference
    _clock_init                               - Undefined Weak Reference
    _fp_trap_init                             - Undefined Weak Reference
    _fp_trap_shutdown                         - Undefined Weak Reference
    _get_lc_collate                           - Undefined Weak Reference
    _get_lc_ctype                             - Undefined Weak Reference
    _get_lc_monetary                          - Undefined Weak Reference
    _get_lc_numeric                           - Undefined Weak Reference
    _get_lc_time                              - Undefined Weak Reference
    _getenv_init                              - Undefined Weak Reference
    _handle_redirection                       - Undefined Weak Reference
    _init_alloc                               - Undefined Weak Reference
    _init_user_alloc                          - Undefined Weak Reference
    _initio                                   - Undefined Weak Reference
    _rand_init                                - Undefined Weak Reference
    _signal_finish                            - Undefined Weak Reference
    _signal_init                              - Undefined Weak Reference
    _terminate_alloc                          - Undefined Weak Reference
    _terminate_user_alloc                     - Undefined Weak Reference
    _terminateio                              - Undefined Weak Reference
    __Vectors_Size                           0x00000130   Number         0  startup_stm32f10x_hd.o ABSOLUTE
    __Vectors                                0x08000000   Data           4  startup_stm32f10x_hd.o(RESET)
    __Vectors_End                            0x08000130   Data           0  startup_stm32f10x_hd.o(RESET)
    __main                                   0x08000131   Thumb Code     8  __main.o(!!!main)
    __scatterload                            0x08000139   Thumb Code     0  __scatter.o(!!!scatter)
    __scatterload_rt2                        0x08000139   Thumb Code    44  __scatter.o(!!!scatter)
    __scatterload_rt2_thumb_only             0x08000139   Thumb Code     0  __scatter.o(!!!scatter)
    __scatterload_null                       0x08000147   Thumb Code     0  __scatter.o(!!!scatter)
    __decompress                             0x0800016d   Thumb Code    90  __dczerorl2.o(!!dczerorl2)
    __decompress1                            0x0800016d   Thumb Code     0  __dczerorl2.o(!!dczerorl2)
    __scatterload_zeroinit                   0x080001c9   Thumb Code    28  __scatter_zi.o(!!handler_zi)
    __rt_lib_init                            0x080001e5   Thumb Code     0  libinit.o(.ARM.Collect$$libinit$$00000000)
    __rt_lib_init_alloca_1                   0x080001e7   Thumb Code     0  libinit2.o(.ARM.Collect$$libinit$$0000002E)
    __rt_lib_init_argv_1                     0x080001e7   Thumb Code     0  libinit2.o(.ARM.Collect$$libinit$$0000002C)
    __rt_lib_init_atexit_1                   0x080001e7   Thumb Code     0  libinit2.o(.ARM.Collect$$libinit$$0000001B)
    __rt_lib_init_clock_1                    0x080001e7   Thumb Code     0  libinit2.o(.ARM.Collect$$libinit$$00000021)
    __rt_lib_init_cpp_1                      0x080001e7   Thumb Code     0  libinit2.o(.ARM.Collect$$libinit$$00000032)
    __rt_lib_init_exceptions_1               0x080001e7   Thumb Code     0  libinit2.o(.ARM.Collect$$libinit$$00000030)
    __rt_lib_init_fp_1                       0x080001e7   Thumb Code     0  libinit2.o(.ARM.Collect$$libinit$$00000002)
    __rt_lib_init_fp_trap_1                  0x080001e7   Thumb Code     0  libinit2.o(.ARM.Collect$$libinit$$0000001F)
    __rt_lib_init_getenv_1                   0x080001e7   Thumb Code     0  libinit2.o(.ARM.Collect$$libinit$$00000023)
    __rt_lib_init_heap_1                     0x080001e7   Thumb Code     0  libinit2.o(.ARM.Collect$$libinit$$0000000A)
    __rt_lib_init_lc_collate_1               0x080001e7   Thumb Code     0  libinit2.o(.ARM.Collect$$libinit$$00000011)
    __rt_lib_init_lc_ctype_1                 0x080001e7   Thumb Code     0  libinit2.o(.ARM.Collect$$libinit$$00000013)
    __rt_lib_init_lc_monetary_1              0x080001e7   Thumb Code     0  libinit2.o(.ARM.Collect$$libinit$$00000015)
    __rt_lib_init_lc_numeric_1               0x080001e7   Thumb Code     0  libinit2.o(.ARM.Collect$$libinit$$00000017)
    __rt_lib_init_lc_time_1                  0x080001e7   Thumb Code     0  libinit2.o(.ARM.Collect$$libinit$$00000019)
    __rt_lib_init_preinit_1                  0x080001e7   Thumb Code     0  libinit2.o(.ARM.Collect$$libinit$$00000004)
    __rt_lib_init_rand_1                     0x080001e7   Thumb Code     0  libinit2.o(.ARM.Collect$$libinit$$0000000E)
    __rt_lib_init_return                     0x080001e7   Thumb Code     0  libinit2.o(.ARM.Collect$$libinit$$00000033)
    __rt_lib_init_signal_1                   0x080001e7   Thumb Code     0  libinit2.o(.ARM.Collect$$libinit$$0000001D)
    __rt_lib_init_stdio_1                    0x080001e7   Thumb Code     0  libinit2.o(.ARM.Collect$$libinit$$00000025)
    __rt_lib_init_user_alloc_1               0x080001e7   Thumb Code     0  libinit2.o(.ARM.Collect$$libinit$$0000000C)
    __rt_lib_shutdown                        0x080001e9   Thumb Code     0  libshutdown.o(.ARM.Collect$$libshutdown$$00000000)
    __rt_lib_shutdown_cpp_1                  0x080001eb   Thumb Code     0  libshutdown2.o(.ARM.Collect$$libshutdown$$00000004)
    __rt_lib_shutdown_fini_1                 0x080001eb   Thumb Code     0  libshutdown2.o(.ARM.Collect$$libshutdown$$00000002)
    __rt_lib_shutdown_fp_trap_1              0x080001eb   Thumb Code     0  libshutdown2.o(.ARM.Collect$$libshutdown$$00000009)
    __rt_lib_shutdown_heap_1                 0x080001eb   Thumb Code     0  libshutdown2.o(.ARM.Collect$$libshutdown$$00000011)
    __rt_lib_shutdown_return                 0x080001eb   Thumb Code     0  libshutdown2.o(.ARM.Collect$$libshutdown$$00000012)
    __rt_lib_shutdown_signal_1               0x080001eb   Thumb Code     0  libshutdown2.o(.ARM.Collect$$libshutdown$$0000000C)
    __rt_lib_shutdown_stdio_1                0x080001eb   Thumb Code     0  libshutdown2.o(.ARM.Collect$$libshutdown$$00000006)
    __rt_lib_shutdown_user_alloc_1           0x080001eb   Thumb Code     0  libshutdown2.o(.ARM.Collect$$libshutdown$$0000000E)
    __rt_entry                               0x080001ed   Thumb Code     0  __rtentry.o(.ARM.Collect$$rtentry$$00000000)
    __rt_entry_presh_1                       0x080001ed   Thumb Code     0  __rtentry2.o(.ARM.Collect$$rtentry$$00000002)
    __rt_entry_sh                            0x080001ed   Thumb Code     0  __rtentry4.o(.ARM.Collect$$rtentry$$00000004)
    __rt_entry_li                            0x080001f3   Thumb Code     0  __rtentry2.o(.ARM.Collect$$rtentry$$0000000A)
    __rt_entry_postsh_1                      0x080001f3   Thumb Code     0  __rtentry2.o(.ARM.Collect$$rtentry$$00000009)
    __rt_entry_main                          0x080001f7   Thumb Code     0  __rtentry2.o(.ARM.Collect$$rtentry$$0000000D)
    __rt_entry_postli_1                      0x080001f7   Thumb Code     0  __rtentry2.o(.ARM.Collect$$rtentry$$0000000C)
    __rt_exit                                0x080001ff   Thumb Code     0  rtexit.o(.ARM.Collect$$rtexit$$00000000)
    __rt_exit_ls                             0x08000201   Thumb Code     0  rtexit2.o(.ARM.Collect$$rtexit$$00000003)
    __rt_exit_prels_1                        0x08000201   Thumb Code     0  rtexit2.o(.ARM.Collect$$rtexit$$00000002)
    __rt_exit_exit                           0x08000205   Thumb Code     0  rtexit2.o(.ARM.Collect$$rtexit$$00000004)
    Reset_Handler                            0x0800020d   Thumb Code     8  startup_stm32f10x_hd.o(.text)
    PendSV_Handler                           0x08000223   Thumb Code     2  startup_stm32f10x_hd.o(.text)
    ADC1_2_IRQHandler                        0x08000227   Thumb Code     0  startup_stm32f10x_hd.o(.text)
    ADC3_IRQHandler                          0x08000227   Thumb Code     0  startup_stm32f10x_hd.o(.text)
    CAN1_RX1_IRQHandler                      0x08000227   Thumb Code     0  startup_stm32f10x_hd.o(.text)
    CAN1_SCE_IRQHandler                      0x08000227   Thumb Code     0  startup_stm32f10x_hd.o(.text)
    DMA1_Channel1_IRQHandler                 0x08000227   Thumb Code     0  startup_stm32f10x_hd.o(.text)
    DMA1_Channel2_IRQHandler                 0x08000227   Thumb Code     0  startup_stm32f10x_hd.o(.text)
    DMA1_Channel3_IRQHandler                 0x08000227   Thumb Code     0  startup_stm32f10x_hd.o(.text)
    DMA1_Channel4_IRQHandler                 0x08000227   Thumb Code     0  startup_stm32f10x_hd.o(.text)
    DMA1_Channel5_IRQHandler                 0x08000227   Thumb Code     0  startup_stm32f10x_hd.o(.text)
    DMA1_Channel6_IRQHandler                 0x08000227   Thumb Code     0  startup_stm32f10x_hd.o(.text)
    DMA1_Channel7_IRQHandler                 0x08000227   Thumb Code     0  startup_stm32f10x_hd.o(.text)
    DMA2_Channel1_IRQHandler                 0x08000227   Thumb Code     0  startup_stm32f10x_hd.o(.text)
    DMA2_Channel2_IRQHandler                 0x08000227   Thumb Code     0  startup_stm32f10x_hd.o(.text)
    DMA2_Channel3_IRQHandler                 0x08000227   Thumb Code     0  startup_stm32f10x_hd.o(.text)
    DMA2_Channel4_5_IRQHandler               0x08000227   Thumb Code     0  startup_stm32f10x_hd.o(.text)
    EXTI0_IRQHandler                         0x08000227   Thumb Code     0  startup_stm32f10x_hd.o(.text)
    EXTI15_10_IRQHandler                     0x08000227   Thumb Code     0  startup_stm32f10x_hd.o(.text)
    EXTI1_IRQHandler                         0x08000227   Thumb Code     0  startup_stm32f10x_hd.o(.text)
    EXTI2_IRQHandler                         0x08000227   Thumb Code     0  startup_stm32f10x_hd.o(.text)
    EXTI3_IRQHandler                         0x08000227   Thumb Code     0  startup_stm32f10x_hd.o(.text)
    EXTI4_IRQHandler                         0x08000227   Thumb Code     0  startup_stm32f10x_hd.o(.text)
    EXTI9_5_IRQHandler                       0x08000227   Thumb Code     0  startup_stm32f10x_hd.o(.text)
    FLASH_IRQHandler                         0x08000227   Thumb Code     0  startup_stm32f10x_hd.o(.text)
    FSMC_IRQHandler                          0x08000227   Thumb Code     0  startup_stm32f10x_hd.o(.text)
    I2C1_ER_IRQHandler                       0x08000227   Thumb Code     0  startup_stm32f10x_hd.o(.text)
    I2C1_EV_IRQHandler                       0x08000227   Thumb Code     0  startup_stm32f10x_hd.o(.text)
    I2C2_ER_IRQHandler                       0x08000227   Thumb Code     0  startup_stm32f10x_hd.o(.text)
    I2C2_EV_IRQHandler                       0x08000227   Thumb Code     0  startup_stm32f10x_hd.o(.text)
    PVD_IRQHandler                           0x08000227   Thumb Code     0  startup_stm32f10x_hd.o(.text)
    RCC_IRQHandler                           0x08000227   Thumb Code     0  startup_stm32f10x_hd.o(.text)
    RTCAlarm_IRQHandler                      0x08000227   Thumb Code     0  startup_stm32f10x_hd.o(.text)
    RTC_IRQHandler                           0x08000227   Thumb Code     0  startup_stm32f10x_hd.o(.text)
    SDIO_IRQHandler                          0x08000227   Thumb Code     0  startup_stm32f10x_hd.o(.text)
    SPI1_IRQHandler                          0x08000227   Thumb Code     0  startup_stm32f10x_hd.o(.text)
    SPI2_IRQHandler                          0x08000227   Thumb Code     0  startup_stm32f10x_hd.o(.text)
    SPI3_IRQHandler                          0x08000227   Thumb Code     0  startup_stm32f10x_hd.o(.text)
    TAMPER_IRQHandler                        0x08000227   Thumb Code     0  startup_stm32f10x_hd.o(.text)
    TIM1_BRK_IRQHandler                      0x08000227   Thumb Code     0  startup_stm32f10x_hd.o(.text)
    TIM1_CC_IRQHandler                       0x08000227   Thumb Code     0  startup_stm32f10x_hd.o(.text)
    TIM1_TRG_COM_IRQHandler                  0x08000227   Thumb Code     0  startup_stm32f10x_hd.o(.text)
    TIM1_UP_IRQHandler                       0x08000227   Thumb Code     0  startup_stm32f10x_hd.o(.text)
    TIM3_IRQHandler                          0x08000227   Thumb Code     0  startup_stm32f10x_hd.o(.text)
    TIM4_IRQHandler                          0x08000227   Thumb Code     0  startup_stm32f10x_hd.o(.text)
    TIM5_IRQHandler                          0x08000227   Thumb Code     0  startup_stm32f10x_hd.o(.text)
    TIM6_IRQHandler                          0x08000227   Thumb Code     0  startup_stm32f10x_hd.o(.text)
    TIM7_IRQHandler                          0x08000227   Thumb Code     0  startup_stm32f10x_hd.o(.text)
    TIM8_BRK_IRQHandler                      0x08000227   Thumb Code     0  startup_stm32f10x_hd.o(.text)
    TIM8_CC_IRQHandler                       0x08000227   Thumb Code     0  startup_stm32f10x_hd.o(.text)
    TIM8_TRG_COM_IRQHandler                  0x08000227   Thumb Code     0  startup_stm32f10x_hd.o(.text)
    TIM8_UP_IRQHandler                       0x08000227   Thumb Code     0  startup_stm32f10x_hd.o(.text)
    UART4_IRQHandler                         0x08000227   Thumb Code     0  startup_stm32f10x_hd.o(.text)
    UART5_IRQHandler                         0x08000227   Thumb Code     0  startup_stm32f10x_hd.o(.text)
    USART2_IRQHandler                        0x08000227   Thumb Code     0  startup_stm32f10x_hd.o(.text)
    USART3_IRQHandler                        0x08000227   Thumb Code     0  startup_stm32f10x_hd.o(.text)
    USB_HP_CAN1_TX_IRQHandler                0x08000227   Thumb Code     0  startup_stm32f10x_hd.o(.text)
    WWDG_IRQHandler                          0x08000227   Thumb Code     0  startup_stm32f10x_hd.o(.text)
    __user_initial_stackheap                 0x08000229   Thumb Code     0  startup_stm32f10x_hd.o(.text)
    strcmp                                   0x0800024d   Thumb Code   128  strcmpv7m.o(.text)
    __use_two_region_memory                  0x080002cd   Thumb Code     2  heapauxi.o(.text)
    __rt_heap_escrow$2region                 0x080002cf   Thumb Code     2  heapauxi.o(.text)
    __rt_heap_expand$2region                 0x080002d1   Thumb Code     2  heapauxi.o(.text)
    __user_setup_stackheap                   0x080002d3   Thumb Code    74  sys_stackheap_outer.o(.text)
    exit                                     0x0800031d   Thumb Code    18  exit.o(.text)
    __user_libspace                          0x08000331   Thumb Code     8  libspace.o(.text)
    __user_perproc_libspace                  0x08000331   Thumb Code     0  libspace.o(.text)
    __user_perthread_libspace                0x08000331   Thumb Code     0  libspace.o(.text)
    _sys_exit                                0x08000339   Thumb Code     8  sys_exit.o(.text)
    __I$use$semihosting                      0x08000345   Thumb Code     0  use_no_semi.o(.text)
    __use_no_semihosting_swi                 0x08000345   Thumb Code     2  use_no_semi.o(.text)
    __semihosting_library_function           0x08000347   Thumb Code     0  indicate_semi.o(.text)
    BLUETEETH_Mode                           0x08000349   Thumb Code    28  main.o(i.BLUETEETH_Mode)
    BTK05_ATMode                             0x0800036d   Thumb Code    34  btk05.o(i.BTK05_ATMode)
    BTK05_ATMode_Init                        0x08000399   Thumb Code    38  btk05.o(i.BTK05_ATMode_Init)
    BTK05_DeleteConnectInfo                  0x080003c5   Thumb Code    28  btk05.o(i.BTK05_DeleteConnectInfo)
    BTK05_Init                               0x080003ed   Thumb Code    20  btk05.o(i.BTK05_Init)
    BTK05_KEYMode                            0x08000401   Thumb Code    10  btk05.o(i.BTK05_KEYMode)
    BTK05_LowEnerageMode                     0x08000415   Thumb Code    28  btk05.o(i.BTK05_LowEnerageMode)
    BTK05_PairMode                           0x08000441   Thumb Code    28  btk05.o(i.BTK05_PairMode)
    BTK05_RESET                              0x08000465   Thumb Code    28  btk05.o(i.BTK05_RESET)
    BTK05_Sleep                              0x0800048d   Thumb Code    24  btk05.o(i.BTK05_Sleep)
    BTK05_UART_Init                          0x080004ad   Thumb Code   184  btk05.o(i.BTK05_UART_Init)
    BTK05_UART_SendATCmd                     0x0800056d   Thumb Code   130  btk05.o(i.BTK05_UART_SendATCmd)
    BTK05_UART_SendChar                      0x080005fd   Thumb Code    36  btk05.o(i.BTK05_UART_SendChar)
    BTK05_UART_SendKeyData                   0x08000625   Thumb Code    26  btk05.o(i.BTK05_UART_SendKeyData)
    BTK05_WAKEUP_Init                        0x08000641   Thumb Code    38  btk05.o(i.BTK05_WAKEUP_Init)
    BTK05_Wake                               0x0800066d   Thumb Code    24  btk05.o(i.BTK05_Wake)
    BusFault_Handler                         0x0800068d   Thumb Code     4  stm32f10x_it.o(i.BusFault_Handler)
    ByteSwap                                 0x08000691   Thumb Code    12  usb_regs.o(i.ByteSwap)
    CTR_LP                                   0x0800069d   Thumb Code   616  usb_int.o(i.CTR_LP)
    ClearDTOG_RX                             0x08000925   Thumb Code    48  usb_regs.o(i.ClearDTOG_RX)
    ClearDTOG_TX                             0x08000959   Thumb Code    48  usb_regs.o(i.ClearDTOG_TX)
    Clear_Status_Out                         0x0800098d   Thumb Code    34  usb_regs.o(i.Clear_Status_Out)
    ConsumerKeyProcess                       0x080009b5   Thumb Code   124  mykeyboard.o(i.ConsumerKeyProcess)
    DebugMon_Handler                         0x08000e4d   Thumb Code     2  stm32f10x_it.o(i.DebugMon_Handler)
    DelayInit                                0x08000e51   Thumb Code    50  delay.o(i.DelayInit)
    DelayMs                                  0x08000e95   Thumb Code    72  delay.o(i.DelayMs)
    DelayUs                                  0x08000ee1   Thumb Code    72  delay.o(i.DelayUs)
    EP1_IN_Callback                          0x08000f2d   Thumb Code     8  usb_endp.o(i.EP1_IN_Callback)
    EXTI_ClearITPendingBit                   0x08000f39   Thumb Code     6  stm32f10x_exti.o(i.EXTI_ClearITPendingBit)
    EXTI_Init                                0x08000f45   Thumb Code   142  stm32f10x_exti.o(i.EXTI_Init)
    Enter_LowPowerMode                       0x08000fd9   Thumb Code     8  hw_config.o(i.Enter_LowPowerMode)
    GPIO_DeInit                              0x08000fe5   Thumb Code   172  stm32f10x_gpio.o(i.GPIO_DeInit)
    GPIO_Init                                0x080010ad   Thumb Code   278  stm32f10x_gpio.o(i.GPIO_Init)
    GPIO_ReadInputDataBit                    0x080011c3   Thumb Code    18  stm32f10x_gpio.o(i.GPIO_ReadInputDataBit)
    GPIO_ResetBits                           0x080011d5   Thumb Code     4  stm32f10x_gpio.o(i.GPIO_ResetBits)
    GPIO_SetBits                             0x080011d9   Thumb Code     4  stm32f10x_gpio.o(i.GPIO_SetBits)
    GetEPRxAddr                              0x080011dd   Thumb Code    24  usb_regs.o(i.GetEPRxAddr)
    GetEPTxAddr                              0x080011fd   Thumb Code    22  usb_regs.o(i.GetEPTxAddr)
    Get_SerialNum                            0x0800121d   Thumb Code    42  hw_config.o(i.Get_SerialNum)
    HardFault_Handler                        0x08001251   Thumb Code     4  stm32f10x_it.o(i.HardFault_Handler)
    I2C_WriteByte                            0x08001255   Thumb Code    46  led.o(i.I2C_WriteByte)
    IIC_Send_Byte                            0x08001285   Thumb Code   108  led.o(i.IIC_Send_Byte)
    IIC_Start                                0x080012f5   Thumb Code    70  led.o(i.IIC_Start)
    IIC_Stop                                 0x08001341   Thumb Code    70  led.o(i.IIC_Stop)
    IIC_Wait_Ack                             0x0800138d   Thumb Code    96  led.o(i.IIC_Wait_Ack)
    In0_Process                              0x080013f1   Thumb Code    98  usb_core.o(i.In0_Process)
    Joystick_Data_Setup                      0x080014a1   Thumb Code   108  usb_prop.o(i.Joystick_Data_Setup)
    Joystick_GetConfigDescriptor             0x0800151d   Thumb Code    14  usb_prop.o(i.Joystick_GetConfigDescriptor)
    Joystick_GetDeviceDescriptor             0x08001531   Thumb Code    14  usb_prop.o(i.Joystick_GetDeviceDescriptor)
    Joystick_GetHIDDescriptor                0x08001545   Thumb Code    14  usb_prop.o(i.Joystick_GetHIDDescriptor)
    Joystick_GetProtocolValue                0x08001559   Thumb Code    20  usb_prop.o(i.Joystick_GetProtocolValue)
    Joystick_GetReportDescriptor             0x08001575   Thumb Code    14  usb_prop.o(i.Joystick_GetReportDescriptor)
    Joystick_GetStringDescriptor             0x08001589   Thumb Code    32  usb_prop.o(i.Joystick_GetStringDescriptor)
    Joystick_Get_Interface_Setting           0x080015b1   Thumb Code    22  usb_prop.o(i.Joystick_Get_Interface_Setting)
    Joystick_NoData_Setup                    0x080015c9   Thumb Code    32  usb_prop.o(i.Joystick_NoData_Setup)
    Joystick_Reset                           0x080015ed   Thumb Code   148  usb_prop.o(i.Joystick_Reset)
    Joystick_SetConfiguration                0x08001691   Thumb Code    14  usb_prop.o(i.Joystick_SetConfiguration)
    Joystick_SetDeviceAddress                0x080016a9   Thumb Code     8  usb_prop.o(i.Joystick_SetDeviceAddress)
    Joystick_SetProtocol                     0x080016b5   Thumb Code    14  usb_prop.o(i.Joystick_SetProtocol)
    Joystick_Status_In                       0x080016cd   Thumb Code     2  usb_prop.o(i.Joystick_Status_In)
    Joystick_Status_Out                      0x080016cf   Thumb Code     2  usb_prop.o(i.Joystick_Status_Out)
    Joystick_init                            0x080016d1   Thumb Code    30  usb_prop.o(i.Joystick_init)
    Keyboard_Send                            0x080016f9   Thumb Code    22  hw_config.o(i.Keyboard_Send)
    LED_BreathProcess                        0x08001711   Thumb Code    98  led.o(i.LED_BreathProcess)
    LED_DrawPoint                            0x0800177d   Thumb Code   108  led.o(i.LED_DrawPoint)
    LED_ESCOFF                               0x080017ed   Thumb Code    32  led.o(i.LED_ESCOFF)
    LED_FreashRam                            0x08001811   Thumb Code   112  led.o(i.LED_FreashRam)
    LED_GoToSleep                            0x08001885   Thumb Code    12  led.o(i.LED_GoToSleep)
    LED_HT16K33_Init                         0x08001891   Thumb Code    38  led.o(i.LED_HT16K33_Init)
    LED_I2C_Configuration                    0x080018bd   Thumb Code    46  led.o(i.LED_I2C_Configuration)
    LED_LOGO_GPIO_Init                       0x080018f1   Thumb Code    18  led.o(i.LED_LOGO_GPIO_Init)
    LED_Mode1                                0x0800190d   Thumb Code    38  led.o(i.LED_Mode1)
    LED_Mode2                                0x08001939   Thumb Code   118  led.o(i.LED_Mode2)
    LED_Mode3                                0x080019b5   Thumb Code    58  led.o(i.LED_Mode3)
    LED_RamClearWith                         0x080019f5   Thumb Code    48  led.o(i.LED_RamClearWith)
    LED_SetBreathEfect                       0x08001a29   Thumb Code    38  led.o(i.LED_SetBreathEfect)
    LED_SetBrightness                        0x08001a59   Thumb Code    26  led.o(i.LED_SetBrightness)
    LED_SetDisplay                           0x08001a73   Thumb Code    86  led.o(i.LED_SetDisplay)
    LED_SetFlash                             0x08001ac9   Thumb Code    46  led.o(i.LED_SetFlash)
    LED_WakeUp                               0x08001b01   Thumb Code    12  led.o(i.LED_WakeUp)
    Leave_LowPowerMode                       0x08001b0d   Thumb Code    22  hw_config.o(i.Leave_LowPowerMode)
    MemManage_Handler                        0x08001b2d   Thumb Code     4  stm32f10x_it.o(i.MemManage_Handler)
    NMI_Handler                              0x08001b31   Thumb Code     2  stm32f10x_it.o(i.NMI_Handler)
    NOP_Process                              0x08001b33   Thumb Code     2  usb_core.o(i.NOP_Process)
    NVIC_Init                                0x08001b35   Thumb Code   100  misc.o(i.NVIC_Init)
    NVIC_PriorityGroupConfig                 0x08001ba5   Thumb Code    10  misc.o(i.NVIC_PriorityGroupConfig)
    Out0_Process                             0x08001cf1   Thumb Code    70  usb_core.o(i.Out0_Process)
    PMAToUserBufferCopy                      0x08001d41   Thumb Code    34  usb_mem.o(i.PMAToUserBufferCopy)
    Post0_Process                            0x08001d69   Thumb Code    54  usb_core.o(i.Post0_Process)
    PowerOn                                  0x08001db1   Thumb Code    54  usb_pwr.o(i.PowerOn)
    RCC_APB1PeriphClockCmd                   0x08001df1   Thumb Code    26  stm32f10x_rcc.o(i.RCC_APB1PeriphClockCmd)
    RCC_APB1PeriphResetCmd                   0x08001e11   Thumb Code    26  stm32f10x_rcc.o(i.RCC_APB1PeriphResetCmd)
    RCC_APB2PeriphClockCmd                   0x08001e31   Thumb Code    26  stm32f10x_rcc.o(i.RCC_APB2PeriphClockCmd)
    RCC_APB2PeriphResetCmd                   0x08001e51   Thumb Code    26  stm32f10x_rcc.o(i.RCC_APB2PeriphResetCmd)
    RCC_GetClocksFreq                        0x08001e71   Thumb Code   192  stm32f10x_rcc.o(i.RCC_GetClocksFreq)
    RCC_USBCLKConfig                         0x08001f45   Thumb Code     6  stm32f10x_rcc.o(i.RCC_USBCLKConfig)
    Resume                                   0x08001f51   Thumb Code   194  usb_pwr.o(i.Resume)
    Resume_Init                              0x08002021   Thumb Code    30  usb_pwr.o(i.Resume_Init)
    SVC_Handler                              0x08002045   Thumb Code     2  stm32f10x_it.o(i.SVC_Handler)
    SetBTABLE                                0x08002049   Thumb Code    12  usb_regs.o(i.SetBTABLE)
    SetDeviceAddress                         0x08002059   Thumb Code    68  usb_core.o(i.SetDeviceAddress)
    SetEPRxAddr                              0x080020a9   Thumb Code    26  usb_regs.o(i.SetEPRxAddr)
    SetEPRxCount                             0x080020cd   Thumb Code    68  usb_regs.o(i.SetEPRxCount)
    SetEPRxStatus                            0x08002119   Thumb Code    60  usb_regs.o(i.SetEPRxStatus)
    SetEPRxValid                             0x08002159   Thumb Code    48  usb_regs.o(i.SetEPRxValid)
    SetEPTxAddr                              0x0800218d   Thumb Code    24  usb_regs.o(i.SetEPTxAddr)
    SetEPTxCount                             0x080021ad   Thumb Code    20  usb_regs.o(i.SetEPTxCount)
    SetEPTxStatus                            0x080021c9   Thumb Code    60  usb_regs.o(i.SetEPTxStatus)
    SetEPTxValid                             0x08002209   Thumb Code    48  usb_regs.o(i.SetEPTxValid)
    SetEPType                                0x0800223d   Thumb Code    32  usb_regs.o(i.SetEPType)
    Set_USBClock                             0x08002349   Thumb Code    18  hw_config.o(i.Set_USBClock)
    Setup0_Process                           0x0800235d   Thumb Code   170  usb_core.o(i.Setup0_Process)
    Standard_ClearFeature                    0x08002415   Thumb Code   342  usb_core.o(i.Standard_ClearFeature)
    Standard_GetConfiguration                0x08002581   Thumb Code    34  usb_core.o(i.Standard_GetConfiguration)
    Standard_GetDescriptorData               0x080025ad   Thumb Code    32  usb_core.o(i.Standard_GetDescriptorData)
    Standard_GetInterface                    0x080025d1   Thumb Code    34  usb_core.o(i.Standard_GetInterface)
    Standard_GetStatus                       0x080025fd   Thumb Code   238  usb_core.o(i.Standard_GetStatus)
    Standard_SetConfiguration                0x080026fd   Thumb Code    60  usb_core.o(i.Standard_SetConfiguration)
    Standard_SetDeviceFeature                0x08002745   Thumb Code    30  usb_core.o(i.Standard_SetDeviceFeature)
    Standard_SetEndPointFeature              0x0800276d   Thumb Code   192  usb_core.o(i.Standard_SetEndPointFeature)
    Standard_SetInterface                    0x0800283d   Thumb Code    96  usb_core.o(i.Standard_SetInterface)
    Suspend                                  0x080028a9   Thumb Code   142  usb_pwr.o(i.Suspend)
    SysTick_CLKSourceConfig                  0x08002945   Thumb Code    40  misc.o(i.SysTick_CLKSourceConfig)
    SysTick_Handler                          0x0800296d   Thumb Code     2  stm32f10x_it.o(i.SysTick_Handler)
    SystemInit                               0x08002971   Thumb Code    78  system_stm32f10x.o(i.SystemInit)
    TIM2_IRQHandler                          0x080029d1   Thumb Code    86  main.o(i.TIM2_IRQHandler)
    TIM2_Int_Init                            0x08002a39   Thumb Code    92  main.o(i.TIM2_Int_Init)
    TIM_ClearITPendingBit                    0x08002a95   Thumb Code     6  stm32f10x_tim.o(i.TIM_ClearITPendingBit)
    TIM_Cmd                                  0x08002a9b   Thumb Code    24  stm32f10x_tim.o(i.TIM_Cmd)
    TIM_GetITStatus                          0x08002ab3   Thumb Code    34  stm32f10x_tim.o(i.TIM_GetITStatus)
    TIM_ITConfig                             0x08002ad5   Thumb Code    18  stm32f10x_tim.o(i.TIM_ITConfig)
    TIM_TimeBaseInit                         0x08002ae9   Thumb Code   122  stm32f10x_tim.o(i.TIM_TimeBaseInit)
    USART1_IRQHandler                        0x08002b8d   Thumb Code    50  btk05.o(i.USART1_IRQHandler)
    USART_ClearFlag                          0x08002bd1   Thumb Code    18  stm32f10x_usart.o(i.USART_ClearFlag)
    USART_ClearITPendingBit                  0x08002be3   Thumb Code    30  stm32f10x_usart.o(i.USART_ClearITPendingBit)
    USART_Cmd                                0x08002c01   Thumb Code    24  stm32f10x_usart.o(i.USART_Cmd)
    USART_DeInit                             0x08002c19   Thumb Code   134  stm32f10x_usart.o(i.USART_DeInit)
    USART_GetFlagStatus                      0x08002cb5   Thumb Code    26  stm32f10x_usart.o(i.USART_GetFlagStatus)
    USART_GetITStatus                        0x08002ccf   Thumb Code    84  stm32f10x_usart.o(i.USART_GetITStatus)
    USART_ITConfig                           0x08002d23   Thumb Code    74  stm32f10x_usart.o(i.USART_ITConfig)
    USART_Init                               0x08002d6d   Thumb Code   210  stm32f10x_usart.o(i.USART_Init)
    USART_ReceiveData                        0x08002e45   Thumb Code    10  stm32f10x_usart.o(i.USART_ReceiveData)
    USART_SendData                           0x08002e4f   Thumb Code     8  stm32f10x_usart.o(i.USART_SendData)
    USBWakeUp_IRQHandler                     0x08002e57   Thumb Code    12  hw_config.o(i.USBWakeUp_IRQHandler)
    USB_Cable_Config                         0x08002e63   Thumb Code     2  hw_config.o(i.USB_Cable_Config)
    USB_Init                                 0x08002e65   Thumb Code    36  usb_init.o(i.USB_Init)
    USB_Interrupts_Config                    0x08002ea1   Thumb Code    84  hw_config.o(i.USB_Interrupts_Config)
    USB_Istr                                 0x08002ef5   Thumb Code   422  usb_istr.o(i.USB_Istr)
    USB_LP_CAN1_RX0_IRQHandler               0x080030c1   Thumb Code     8  hw_config.o(i.USB_LP_CAN1_RX0_IRQHandler)
    USB_Mode                                 0x080030c9   Thumb Code    28  main.o(i.USB_Mode)
    USB_Port_Set                             0x080030ed   Thumb Code    84  hw_config.o(i.USB_Port_Set)
    USB_SIL_Init                             0x08003145   Thumb Code    28  usb_sil.o(i.USB_SIL_Init)
    USB_SIL_Write                            0x08003169   Thumb Code    46  usb_sil.o(i.USB_SIL_Write)
    UsageFault_Handler                       0x08003197   Thumb Code     4  stm32f10x_it.o(i.UsageFault_Handler)
    UserToPMABufferCopy                      0x0800319d   Thumb Code    52  usb_mem.o(i.UserToPMABufferCopy)
    main                                     0x080031d5   Thumb Code   348  main.o(i.main)
    myKeyBoard_ControlKeyProcess             0x08003359   Thumb Code   238  mykeyboard.o(i.myKeyBoard_ControlKeyProcess)
    myKeyBoard_GPIO_Init                     0x08003489   Thumb Code    86  mykeyboard.o(i.myKeyBoard_GPIO_Init)
    myKeyBoard_JudgeKeyPressWithName         0x080034ed   Thumb Code    78  mykeyboard.o(i.myKeyBoard_JudgeKeyPressWithName)
    myKeyBoard_JudgeKeyStateChange           0x08003545   Thumb Code   106  mykeyboard.o(i.myKeyBoard_JudgeKeyStateChange)
    myKeyBoard_KeyScan                       0x080035bd   Thumb Code    48  mykeyboard.o(i.myKeyBoard_KeyScan)
    myKeyBoard_KeyScan_rowScan               0x080035f9   Thumb Code   230  mykeyboard.o(i.myKeyBoard_KeyScan_rowScan)
    myKeyBoard_ScanKeyAndUpdataATBuffer      0x080036e9   Thumb Code    34  mykeyboard.o(i.myKeyBoard_ScanKeyAndUpdataATBuffer)
    myKeyBoard_UpdataATDataPack              0x08003715   Thumb Code   706  mykeyboard.o(i.myKeyBoard_UpdataATDataPack)
    myUSB_Init                               0x08003a65   Thumb Code    22  main.o(i.myUSB_Init)
    sysInit                                  0x08003a7d   Thumb Code    94  main.o(i.sysInit)
    myKeyBoard_KeyMap_ATValue                0x08003aec   Data          96  mykeyboard.o(.constdata)
    key_Col_Pin                              0x08003b4c   Data          32  mykeyboard.o(.constdata)
    Joystick_DeviceDescriptor                0x08003b6c   Data          18  usb_desc.o(.constdata)
    Joystick_ConfigDescriptor                0x08003b7e   Data          41  usb_desc.o(.constdata)
    Joystick_ReportDescriptor                0x08003ba7   Data          61  usb_desc.o(.constdata)
    Joystick_StringLangID                    0x08003be4   Data           4  usb_desc.o(.constdata)
    Joystick_StringVendor                    0x08003be8   Data          38  usb_desc.o(.constdata)
    Joystick_StringProduct                   0x08003c0e   Data          40  usb_desc.o(.constdata)
    Region$$Table$$Base                      0x08003dd8   Number         0  anon$$obj.o(Region$$Table)
    Region$$Table$$Limit                     0x08003df8   Number         0  anon$$obj.o(Region$$Table)
    sleepTime50MsCounter                     0x20000016   Data           1  main.o(.data)
    LED_breath_Flag                          0x20000017   Data           1  main.o(.data)
    LED_LOGOBreath_Flag                      0x20000018   Data           1  main.o(.data)
    LED_LOGOENBreath_Flag                    0x20000019   Data           1  main.o(.data)
    system_Status                            0x2000001a   Data           1  main.o(.data)
    g_Flag                                   0x2000001b   Data           1  main.o(.data)
    ledLogoPWM                               0x2000001c   Data           1  main.o(.data)
    ledLogoPWMDelt                           0x2000001d   Data           1  main.o(.data)
    g_USBModeFlag                            0x2000001e   Data           1  main.o(.data)
    SystemCoreClock                          0x20000020   Data           4  system_stm32f10x.o(.data)
    AHBPrescTable                            0x20000024   Data          16  system_stm32f10x.o(.data)
    LED_Brightness                           0x20000038   Data           1  led.o(.data)
    LED_FlashSwitchFlag                      0x20000039   Data           1  led.o(.data)
    LED_BreathEfectFlag                      0x2000003a   Data           1  led.o(.data)
    LED_Delt_Flag                            0x2000003b   Data           1  led.o(.data)
    LED_Status                               0x2000003c   Data           1  led.o(.data)
    myKeyBoard_KeyMap_Name                   0x20000040   Data         384  mykeyboard.o(.data)
    ATKeyControlByte5                        0x200001c0   Data           1  mykeyboard.o(.data)
    LOGO_LED_Status                          0x200001c1   Data           1  mykeyboard.o(.data)
    myKeyBoard_KeyStateChangedFlag           0x200001c2   Data           1  mykeyboard.o(.data)
    myKeyBoard_KeyIsControl                  0x200001c3   Data           1  mykeyboard.o(.data)
    g_myKeyBoard_DataWaitForUploadFlag       0x200001c4   Data           1  mykeyboard.o(.data)
    specialKeyenum                           0x200001c5   Data           1  mykeyboard.o(.data)
    BTK05_ATKeyDataPack                      0x200001c6   Data          12  btk05.o(.data)
    ATReturnSuccessedFlag                    0x200001d2   Data           1  btk05.o(.data)
    RxBuffer_Tail                            0x200001d3   Data           1  btk05.o(.data)
    RxBuffer_OK_Tail                         0x200001d4   Data           1  btk05.o(.data)
    BTK05_ConsumerPack                       0x200001d5   Data           8  btk05.o(.data)
    BTK05_Status                             0x200001dd   Data           1  btk05.o(.data)
    StatusInfo                               0x200001de   Data           2  usb_core.o(.data)
    Data_Mul_MaxPacketSize                   0x200001e0   Data           1  usb_core.o(.data)
    EPindex                                  0x200001e4   Data           1  usb_init.o(.data)
    pInformation                             0x200001e8   Data           4  usb_init.o(.data)
    pProperty                                0x200001ec   Data           4  usb_init.o(.data)
    SaveState                                0x200001f0   Data           2  usb_init.o(.data)
    wInterrupt_Mask                          0x200001f2   Data           2  usb_init.o(.data)
    pUser_Standard_Requests                  0x200001f4   Data           4  usb_init.o(.data)
    SaveRState                               0x200001f8   Data           2  usb_int.o(.data)
    SaveTState                               0x200001fa   Data           2  usb_int.o(.data)
    PrevXferComplete                         0x200001fc   Data           1  hw_config.o(.data)
    Joystick_StringSerial                    0x200001fd   Data          26  usb_desc.o(.data)
    wIstr                                    0x20000218   Data           2  usb_istr.o(.data)
    bIntPackSOF                              0x2000021a   Data           1  usb_istr.o(.data)
    esof_counter                             0x2000021c   Data           4  usb_istr.o(.data)
    wCNTR                                    0x20000220   Data           4  usb_istr.o(.data)
    pEpInt_IN                                0x20000224   Data          28  usb_istr.o(.data)
    pEpInt_OUT                               0x20000240   Data          28  usb_istr.o(.data)
    ProtocolValue                            0x2000025c   Data           4  usb_prop.o(.data)
    Device_Table                             0x20000260   Data           2  usb_prop.o(.data)
    Device_Property                          0x20000264   Data          48  usb_prop.o(.data)
    User_Standard_Requests                   0x20000294   Data          36  usb_prop.o(.data)
    Device_Descriptor                        0x200002b8   Data           8  usb_prop.o(.data)
    Config_Descriptor                        0x200002c0   Data           8  usb_prop.o(.data)
    Joystick_Report_Descriptor               0x200002c8   Data           8  usb_prop.o(.data)
    Mouse_Hid_Descriptor                     0x200002d0   Data           8  usb_prop.o(.data)
    String_Descriptor                        0x200002d8   Data          32  usb_prop.o(.data)
    bDeviceState                             0x200002f8   Data           4  usb_pwr.o(.data)
    fSuspendEnabled                          0x200002fc   Data           1  usb_pwr.o(.data)
    ResumeS                                  0x200002fd   Data           2  usb_pwr.o(.data)
    remotewakeupon                           0x20000300   Data           4  usb_pwr.o(.data)
    LED_Ram                                  0x20000304   Data          12  led.o(.bss)
    ATKeyData                                0x20000310   Data          18  mykeyboard.o(.bss)
    myKeyBoard_KeyState                      0x20000322   Data          96  mykeyboard.o(.bss)
    myKeyBoard_KeyState_Ex                   0x20000382   Data          96  mykeyboard.o(.bss)
    RxBuffer                                 0x200003e2   Data          50  btk05.o(.bss)
    RxBuffer_OK                              0x20000414   Data          10  btk05.o(.bss)
    Device_Info                              0x20000420   Data          28  usb_init.o(.bss)
    EP                                       0x2000043c   Data          32  usb_pwr.o(.bss)
    __libspace_start                         0x2000045c   Data          96  libspace.o(.bss)
    __temporary_stack_top$libspace           0x200004bc   Data           0  libspace.o(.bss)



==============================================================================

Memory Map of the image

  Image Entry point : 0x08000131

  Load Region LR_IROM1 (Base: 0x08000000, Size: 0x000040fc, Max: 0x00040000, ABSOLUTE, COMPRESSED[0x00003fa8])

    Execution Region ER_IROM1 (Exec base: 0x08000000, Load base: 0x08000000, Size: 0x00003df8, Max: 0x00040000, ABSOLUTE)

    Exec Addr    Load Addr    Size         Type   Attr      Idx    E Section Name        Object

    0x08000000   0x08000000   0x00000130   Data   RO           19    RESET               startup_stm32f10x_hd.o
    0x08000130   0x08000130   0x00000008   Code   RO         4552  * !!!main             c_w.l(__main.o)
    0x08000138   0x08000138   0x00000034   Code   RO         4713    !!!scatter          c_w.l(__scatter.o)
    0x0800016c   0x0800016c   0x0000005a   Code   RO         4711    !!dczerorl2         c_w.l(__dczerorl2.o)
    0x080001c6   0x080001c6   0x00000002   PAD
    0x080001c8   0x080001c8   0x0000001c   Code   RO         4715    !!handler_zi        c_w.l(__scatter_zi.o)
    0x080001e4   0x080001e4   0x00000002   Code   RO         4579    .ARM.Collect$$libinit$$00000000  c_w.l(libinit.o)
    0x080001e6   0x080001e6   0x00000000   Code   RO         4586    .ARM.Collect$$libinit$$00000002  c_w.l(libinit2.o)
    0x080001e6   0x080001e6   0x00000000   Code   RO         4588    .ARM.Collect$$libinit$$00000004  c_w.l(libinit2.o)
    0x080001e6   0x080001e6   0x00000000   Code   RO         4591    .ARM.Collect$$libinit$$0000000A  c_w.l(libinit2.o)
    0x080001e6   0x080001e6   0x00000000   Code   RO         4593    .ARM.Collect$$libinit$$0000000C  c_w.l(libinit2.o)
    0x080001e6   0x080001e6   0x00000000   Code   RO         4595    .ARM.Collect$$libinit$$0000000E  c_w.l(libinit2.o)
    0x080001e6   0x080001e6   0x00000000   Code   RO         4598    .ARM.Collect$$libinit$$00000011  c_w.l(libinit2.o)
    0x080001e6   0x080001e6   0x00000000   Code   RO         4600    .ARM.Collect$$libinit$$00000013  c_w.l(libinit2.o)
    0x080001e6   0x080001e6   0x00000000   Code   RO         4602    .ARM.Collect$$libinit$$00000015  c_w.l(libinit2.o)
    0x080001e6   0x080001e6   0x00000000   Code   RO         4604    .ARM.Collect$$libinit$$00000017  c_w.l(libinit2.o)
    0x080001e6   0x080001e6   0x00000000   Code   RO         4606    .ARM.Collect$$libinit$$00000019  c_w.l(libinit2.o)
    0x080001e6   0x080001e6   0x00000000   Code   RO         4608    .ARM.Collect$$libinit$$0000001B  c_w.l(libinit2.o)
    0x080001e6   0x080001e6   0x00000000   Code   RO         4610    .ARM.Collect$$libinit$$0000001D  c_w.l(libinit2.o)
    0x080001e6   0x080001e6   0x00000000   Code   RO         4612    .ARM.Collect$$libinit$$0000001F  c_w.l(libinit2.o)
    0x080001e6   0x080001e6   0x00000000   Code   RO         4614    .ARM.Collect$$libinit$$00000021  c_w.l(libinit2.o)
    0x080001e6   0x080001e6   0x00000000   Code   RO         4616    .ARM.Collect$$libinit$$00000023  c_w.l(libinit2.o)
    0x080001e6   0x080001e6   0x00000000   Code   RO         4618    .ARM.Collect$$libinit$$00000025  c_w.l(libinit2.o)
    0x080001e6   0x080001e6   0x00000000   Code   RO         4622    .ARM.Collect$$libinit$$0000002C  c_w.l(libinit2.o)
    0x080001e6   0x080001e6   0x00000000   Code   RO         4624    .ARM.Collect$$libinit$$0000002E  c_w.l(libinit2.o)
    0x080001e6   0x080001e6   0x00000000   Code   RO         4626    .ARM.Collect$$libinit$$00000030  c_w.l(libinit2.o)
    0x080001e6   0x080001e6   0x00000000   Code   RO         4628    .ARM.Collect$$libinit$$00000032  c_w.l(libinit2.o)
    0x080001e6   0x080001e6   0x00000002   Code   RO         4629    .ARM.Collect$$libinit$$00000033  c_w.l(libinit2.o)
    0x080001e8   0x080001e8   0x00000002   Code   RO         4649    .ARM.Collect$$libshutdown$$00000000  c_w.l(libshutdown.o)
    0x080001ea   0x080001ea   0x00000000   Code   RO         4662    .ARM.Collect$$libshutdown$$00000002  c_w.l(libshutdown2.o)
    0x080001ea   0x080001ea   0x00000000   Code   RO         4664    .ARM.Collect$$libshutdown$$00000004  c_w.l(libshutdown2.o)
    0x080001ea   0x080001ea   0x00000000   Code   RO         4666    .ARM.Collect$$libshutdown$$00000006  c_w.l(libshutdown2.o)
    0x080001ea   0x080001ea   0x00000000   Code   RO         4669    .ARM.Collect$$libshutdown$$00000009  c_w.l(libshutdown2.o)
    0x080001ea   0x080001ea   0x00000000   Code   RO         4672    .ARM.Collect$$libshutdown$$0000000C  c_w.l(libshutdown2.o)
    0x080001ea   0x080001ea   0x00000000   Code   RO         4674    .ARM.Collect$$libshutdown$$0000000E  c_w.l(libshutdown2.o)
    0x080001ea   0x080001ea   0x00000000   Code   RO         4677    .ARM.Collect$$libshutdown$$00000011  c_w.l(libshutdown2.o)
    0x080001ea   0x080001ea   0x00000002   Code   RO         4678    .ARM.Collect$$libshutdown$$00000012  c_w.l(libshutdown2.o)
    0x080001ec   0x080001ec   0x00000000   Code   RO         4554    .ARM.Collect$$rtentry$$00000000  c_w.l(__rtentry.o)
    0x080001ec   0x080001ec   0x00000000   Code   RO         4556    .ARM.Collect$$rtentry$$00000002  c_w.l(__rtentry2.o)
    0x080001ec   0x080001ec   0x00000006   Code   RO         4568    .ARM.Collect$$rtentry$$00000004  c_w.l(__rtentry4.o)
    0x080001f2   0x080001f2   0x00000000   Code   RO         4558    .ARM.Collect$$rtentry$$00000009  c_w.l(__rtentry2.o)
    0x080001f2   0x080001f2   0x00000004   Code   RO         4559    .ARM.Collect$$rtentry$$0000000A  c_w.l(__rtentry2.o)
    0x080001f6   0x080001f6   0x00000000   Code   RO         4561    .ARM.Collect$$rtentry$$0000000C  c_w.l(__rtentry2.o)
    0x080001f6   0x080001f6   0x00000008   Code   RO         4562    .ARM.Collect$$rtentry$$0000000D  c_w.l(__rtentry2.o)
    0x080001fe   0x080001fe   0x00000002   Code   RO         4583    .ARM.Collect$$rtexit$$00000000  c_w.l(rtexit.o)
    0x08000200   0x08000200   0x00000000   Code   RO         4631    .ARM.Collect$$rtexit$$00000002  c_w.l(rtexit2.o)
    0x08000200   0x08000200   0x00000004   Code   RO         4632    .ARM.Collect$$rtexit$$00000003  c_w.l(rtexit2.o)
    0x08000204   0x08000204   0x00000006   Code   RO         4633    .ARM.Collect$$rtexit$$00000004  c_w.l(rtexit2.o)
    0x0800020a   0x0800020a   0x00000002   PAD
    0x0800020c   0x0800020c   0x00000040   Code   RO           20    .text               startup_stm32f10x_hd.o
    0x0800024c   0x0800024c   0x00000080   Code   RO         4548    .text               c_w.l(strcmpv7m.o)
    0x080002cc   0x080002cc   0x00000006   Code   RO         4550    .text               c_w.l(heapauxi.o)
    0x080002d2   0x080002d2   0x0000004a   Code   RO         4570    .text               c_w.l(sys_stackheap_outer.o)
    0x0800031c   0x0800031c   0x00000012   Code   RO         4572    .text               c_w.l(exit.o)
    0x0800032e   0x0800032e   0x00000002   PAD
    0x08000330   0x08000330   0x00000008   Code   RO         4580    .text               c_w.l(libspace.o)
    0x08000338   0x08000338   0x0000000c   Code   RO         4641    .text               c_w.l(sys_exit.o)
    0x08000344   0x08000344   0x00000002   Code   RO         4652    .text               c_w.l(use_no_semi.o)
    0x08000346   0x08000346   0x00000000   Code   RO         4654    .text               c_w.l(indicate_semi.o)
    0x08000346   0x08000346   0x00000002   PAD
    0x08000348   0x08000348   0x00000024   Code   RO         3074    i.BLUETEETH_Mode    main.o
    0x0800036c   0x0800036c   0x0000002c   Code   RO         3567    i.BTK05_ATMode      btk05.o
    0x08000398   0x08000398   0x0000002c   Code   RO         3568    i.BTK05_ATMode_Init  btk05.o
    0x080003c4   0x080003c4   0x00000028   Code   RO         3569    i.BTK05_DeleteConnectInfo  btk05.o
    0x080003ec   0x080003ec   0x00000014   Code   RO         3570    i.BTK05_Init        btk05.o
    0x08000400   0x08000400   0x00000014   Code   RO         3571    i.BTK05_KEYMode     btk05.o
    0x08000414   0x08000414   0x0000002c   Code   RO         3572    i.BTK05_LowEnerageMode  btk05.o
    0x08000440   0x08000440   0x00000024   Code   RO         3573    i.BTK05_PairMode    btk05.o
    0x08000464   0x08000464   0x00000028   Code   RO         3574    i.BTK05_RESET       btk05.o
    0x0800048c   0x0800048c   0x00000020   Code   RO         3575    i.BTK05_Sleep       btk05.o
    0x080004ac   0x080004ac   0x000000c0   Code   RO         3576    i.BTK05_UART_Init   btk05.o
    0x0800056c   0x0800056c   0x00000090   Code   RO         3577    i.BTK05_UART_SendATCmd  btk05.o
    0x080005fc   0x080005fc   0x00000028   Code   RO         3578    i.BTK05_UART_SendChar  btk05.o
    0x08000624   0x08000624   0x0000001a   Code   RO         3579    i.BTK05_UART_SendKeyData  btk05.o
    0x0800063e   0x0800063e   0x00000002   PAD
    0x08000640   0x08000640   0x0000002c   Code   RO         3581    i.BTK05_WAKEUP_Init  btk05.o
    0x0800066c   0x0800066c   0x00000020   Code   RO         3582    i.BTK05_Wake        btk05.o
    0x0800068c   0x0800068c   0x00000004   Code   RO         3195    i.BusFault_Handler  stm32f10x_it.o
    0x08000690   0x08000690   0x0000000c   Code   RO         3872    i.ByteSwap          usb_regs.o
    0x0800069c   0x0800069c   0x00000288   Code   RO         3825    i.CTR_LP            usb_int.o
    0x08000924   0x08000924   0x00000034   Code   RO         3873    i.ClearDTOG_RX      usb_regs.o
    0x08000958   0x08000958   0x00000034   Code   RO         3874    i.ClearDTOG_TX      usb_regs.o
    0x0800098c   0x0800098c   0x00000028   Code   RO         3879    i.Clear_Status_Out  usb_regs.o
    0x080009b4   0x080009b4   0x00000084   Code   RO         3495    i.ConsumerKeyProcess  mykeyboard.o
    0x08000a38   0x08000a38   0x000000c0   Code   RO         3682    i.DataStageIn       usb_core.o
    0x08000af8   0x08000af8   0x000000bc   Code   RO         3683    i.DataStageOut      usb_core.o
    0x08000bb4   0x08000bb4   0x00000298   Code   RO         3684    i.Data_Setup0       usb_core.o
    0x08000e4c   0x08000e4c   0x00000002   Code   RO         3196    i.DebugMon_Handler  stm32f10x_it.o
    0x08000e4e   0x08000e4e   0x00000002   PAD
    0x08000e50   0x08000e50   0x00000044   Code   RO         3283    i.DelayInit         delay.o
    0x08000e94   0x08000e94   0x0000004c   Code   RO         3284    i.DelayMs           delay.o
    0x08000ee0   0x08000ee0   0x0000004c   Code   RO         3286    i.DelayUs           delay.o
    0x08000f2c   0x08000f2c   0x0000000c   Code   RO         4356    i.EP1_IN_Callback   usb_endp.o
    0x08000f38   0x08000f38   0x0000000c   Code   RO          896    i.EXTI_ClearITPendingBit  stm32f10x_exti.o
    0x08000f44   0x08000f44   0x00000094   Code   RO          901    i.EXTI_Init         stm32f10x_exti.o
    0x08000fd8   0x08000fd8   0x0000000c   Code   RO         4256    i.Enter_LowPowerMode  hw_config.o
    0x08000fe4   0x08000fe4   0x000000c8   Code   RO         1247    i.GPIO_DeInit       stm32f10x_gpio.o
    0x080010ac   0x080010ac   0x00000116   Code   RO         1252    i.GPIO_Init         stm32f10x_gpio.o
    0x080011c2   0x080011c2   0x00000012   Code   RO         1256    i.GPIO_ReadInputDataBit  stm32f10x_gpio.o
    0x080011d4   0x080011d4   0x00000004   Code   RO         1259    i.GPIO_ResetBits    stm32f10x_gpio.o
    0x080011d8   0x080011d8   0x00000004   Code   RO         1260    i.GPIO_SetBits      stm32f10x_gpio.o
    0x080011dc   0x080011dc   0x00000020   Code   RO         3891    i.GetEPRxAddr       usb_regs.o
    0x080011fc   0x080011fc   0x00000020   Code   RO         3894    i.GetEPTxAddr       usb_regs.o
    0x0800121c   0x0800121c   0x00000034   Code   RO         4257    i.Get_SerialNum     hw_config.o
    0x08001250   0x08001250   0x00000004   Code   RO         3197    i.HardFault_Handler  stm32f10x_it.o
    0x08001254   0x08001254   0x0000002e   Code   RO         3315    i.I2C_WriteByte     led.o
    0x08001282   0x08001282   0x00000002   PAD
    0x08001284   0x08001284   0x00000070   Code   RO         3319    i.IIC_Send_Byte     led.o
    0x080012f4   0x080012f4   0x0000004c   Code   RO         3320    i.IIC_Start         led.o
    0x08001340   0x08001340   0x0000004c   Code   RO         3321    i.IIC_Stop          led.o
    0x0800138c   0x0800138c   0x00000064   Code   RO         3322    i.IIC_Wait_Ack      led.o
    0x080013f0   0x080013f0   0x00000070   Code   RO         3685    i.In0_Process       usb_core.o
    0x08001460   0x08001460   0x0000003e   Code   RO         4258    i.IntToUnicode      hw_config.o
    0x0800149e   0x0800149e   0x00000002   PAD
    0x080014a0   0x080014a0   0x0000007c   Code   RO         4390    i.Joystick_Data_Setup  usb_prop.o
    0x0800151c   0x0800151c   0x00000014   Code   RO         4391    i.Joystick_GetConfigDescriptor  usb_prop.o
    0x08001530   0x08001530   0x00000014   Code   RO         4392    i.Joystick_GetDeviceDescriptor  usb_prop.o
    0x08001544   0x08001544   0x00000014   Code   RO         4393    i.Joystick_GetHIDDescriptor  usb_prop.o
    0x08001558   0x08001558   0x0000001c   Code   RO         4394    i.Joystick_GetProtocolValue  usb_prop.o
    0x08001574   0x08001574   0x00000014   Code   RO         4395    i.Joystick_GetReportDescriptor  usb_prop.o
    0x08001588   0x08001588   0x00000028   Code   RO         4396    i.Joystick_GetStringDescriptor  usb_prop.o
    0x080015b0   0x080015b0   0x00000016   Code   RO         4397    i.Joystick_Get_Interface_Setting  usb_prop.o
    0x080015c6   0x080015c6   0x00000002   PAD
    0x080015c8   0x080015c8   0x00000024   Code   RO         4398    i.Joystick_NoData_Setup  usb_prop.o
    0x080015ec   0x080015ec   0x000000a4   Code   RO         4399    i.Joystick_Reset    usb_prop.o
    0x08001690   0x08001690   0x00000018   Code   RO         4400    i.Joystick_SetConfiguration  usb_prop.o
    0x080016a8   0x080016a8   0x0000000c   Code   RO         4401    i.Joystick_SetDeviceAddress  usb_prop.o
    0x080016b4   0x080016b4   0x00000018   Code   RO         4402    i.Joystick_SetProtocol  usb_prop.o
    0x080016cc   0x080016cc   0x00000002   Code   RO         4403    i.Joystick_Status_In  usb_prop.o
    0x080016ce   0x080016ce   0x00000002   Code   RO         4404    i.Joystick_Status_Out  usb_prop.o
    0x080016d0   0x080016d0   0x00000028   Code   RO         4405    i.Joystick_init     usb_prop.o
    0x080016f8   0x080016f8   0x00000016   Code   RO         4260    i.Keyboard_Send     hw_config.o
    0x0800170e   0x0800170e   0x00000002   PAD
    0x08001710   0x08001710   0x0000006c   Code   RO         3324    i.LED_BreathProcess  led.o
    0x0800177c   0x0800177c   0x00000070   Code   RO         3325    i.LED_DrawPoint     led.o
    0x080017ec   0x080017ec   0x00000024   Code   RO         3326    i.LED_ESCOFF        led.o
    0x08001810   0x08001810   0x00000074   Code   RO         3327    i.LED_FreashRam     led.o
    0x08001884   0x08001884   0x0000000c   Code   RO         3328    i.LED_GoToSleep     led.o
    0x08001890   0x08001890   0x0000002c   Code   RO         3329    i.LED_HT16K33_Init  led.o
    0x080018bc   0x080018bc   0x00000034   Code   RO         3330    i.LED_I2C_Configuration  led.o
    0x080018f0   0x080018f0   0x0000001c   Code   RO         3331    i.LED_LOGO_GPIO_Init  led.o
    0x0800190c   0x0800190c   0x0000002c   Code   RO         3332    i.LED_Mode1         led.o
    0x08001938   0x08001938   0x0000007c   Code   RO         3333    i.LED_Mode2         led.o
    0x080019b4   0x080019b4   0x00000040   Code   RO         3334    i.LED_Mode3         led.o
    0x080019f4   0x080019f4   0x00000034   Code   RO         3336    i.LED_RamClearWith  led.o
    0x08001a28   0x08001a28   0x00000030   Code   RO         3337    i.LED_SetBreathEfect  led.o
    0x08001a58   0x08001a58   0x0000001a   Code   RO         3338    i.LED_SetBrightness  led.o
    0x08001a72   0x08001a72   0x00000056   Code   RO         3339    i.LED_SetDisplay    led.o
    0x08001ac8   0x08001ac8   0x00000038   Code   RO         3340    i.LED_SetFlash      led.o
    0x08001b00   0x08001b00   0x0000000c   Code   RO         3341    i.LED_WakeUp        led.o
    0x08001b0c   0x08001b0c   0x00000020   Code   RO         4261    i.Leave_LowPowerMode  hw_config.o
    0x08001b2c   0x08001b2c   0x00000004   Code   RO         3198    i.MemManage_Handler  stm32f10x_it.o
    0x08001b30   0x08001b30   0x00000002   Code   RO         3199    i.NMI_Handler       stm32f10x_it.o
    0x08001b32   0x08001b32   0x00000002   Code   RO         3686    i.NOP_Process       usb_core.o
    0x08001b34   0x08001b34   0x00000070   Code   RO           24    i.NVIC_Init         misc.o
    0x08001ba4   0x08001ba4   0x00000014   Code   RO           25    i.NVIC_PriorityGroupConfig  misc.o
    0x08001bb8   0x08001bb8   0x00000138   Code   RO         3687    i.NoData_Setup0     usb_core.o
    0x08001cf0   0x08001cf0   0x00000050   Code   RO         3688    i.Out0_Process      usb_core.o
    0x08001d40   0x08001d40   0x00000028   Code   RO         3854    i.PMAToUserBufferCopy  usb_mem.o
    0x08001d68   0x08001d68   0x00000048   Code   RO         3689    i.Post0_Process     usb_core.o
    0x08001db0   0x08001db0   0x00000040   Code   RO         4504    i.PowerOn           usb_pwr.o
    0x08001df0   0x08001df0   0x00000020   Code   RO         1671    i.RCC_APB1PeriphClockCmd  stm32f10x_rcc.o
    0x08001e10   0x08001e10   0x00000020   Code   RO         1672    i.RCC_APB1PeriphResetCmd  stm32f10x_rcc.o
    0x08001e30   0x08001e30   0x00000020   Code   RO         1673    i.RCC_APB2PeriphClockCmd  stm32f10x_rcc.o
    0x08001e50   0x08001e50   0x00000020   Code   RO         1674    i.RCC_APB2PeriphResetCmd  stm32f10x_rcc.o
    0x08001e70   0x08001e70   0x000000d4   Code   RO         1681    i.RCC_GetClocksFreq  stm32f10x_rcc.o
    0x08001f44   0x08001f44   0x0000000c   Code   RO         1699    i.RCC_USBCLKConfig  stm32f10x_rcc.o
    0x08001f50   0x08001f50   0x000000d0   Code   RO         4505    i.Resume            usb_pwr.o
    0x08002020   0x08002020   0x00000024   Code   RO         4506    i.Resume_Init       usb_pwr.o
    0x08002044   0x08002044   0x00000002   Code   RO         3200    i.SVC_Handler       stm32f10x_it.o
    0x08002046   0x08002046   0x00000002   PAD
    0x08002048   0x08002048   0x00000010   Code   RO         3902    i.SetBTABLE         usb_regs.o
    0x08002058   0x08002058   0x00000050   Code   RO         3690    i.SetDeviceAddress  usb_core.o
    0x080020a8   0x080020a8   0x00000024   Code   RO         3916    i.SetEPRxAddr       usb_regs.o
    0x080020cc   0x080020cc   0x0000004c   Code   RO         3917    i.SetEPRxCount      usb_regs.o
    0x08002118   0x08002118   0x00000040   Code   RO         3918    i.SetEPRxStatus     usb_regs.o
    0x08002158   0x08002158   0x00000034   Code   RO         3919    i.SetEPRxValid      usb_regs.o
    0x0800218c   0x0800218c   0x00000020   Code   RO         3920    i.SetEPTxAddr       usb_regs.o
    0x080021ac   0x080021ac   0x0000001c   Code   RO         3921    i.SetEPTxCount      usb_regs.o
    0x080021c8   0x080021c8   0x00000040   Code   RO         3922    i.SetEPTxStatus     usb_regs.o
    0x08002208   0x08002208   0x00000034   Code   RO         3923    i.SetEPTxValid      usb_regs.o
    0x0800223c   0x0800223c   0x00000024   Code   RO         3924    i.SetEPType         usb_regs.o
    0x08002260   0x08002260   0x00000008   Code   RO         3249    i.SetSysClock       system_stm32f10x.o
    0x08002268   0x08002268   0x000000e0   Code   RO         3250    i.SetSysClockTo72   system_stm32f10x.o
    0x08002348   0x08002348   0x00000012   Code   RO         4262    i.Set_USBClock      hw_config.o
    0x0800235a   0x0800235a   0x00000002   PAD
    0x0800235c   0x0800235c   0x000000b8   Code   RO         3691    i.Setup0_Process    usb_core.o
    0x08002414   0x08002414   0x0000016c   Code   RO         3692    i.Standard_ClearFeature  usb_core.o
    0x08002580   0x08002580   0x0000002c   Code   RO         3693    i.Standard_GetConfiguration  usb_core.o
    0x080025ac   0x080025ac   0x00000024   Code   RO         3694    i.Standard_GetDescriptorData  usb_core.o
    0x080025d0   0x080025d0   0x0000002c   Code   RO         3695    i.Standard_GetInterface  usb_core.o
    0x080025fc   0x080025fc   0x00000100   Code   RO         3696    i.Standard_GetStatus  usb_core.o
    0x080026fc   0x080026fc   0x00000048   Code   RO         3697    i.Standard_SetConfiguration  usb_core.o
    0x08002744   0x08002744   0x00000028   Code   RO         3698    i.Standard_SetDeviceFeature  usb_core.o
    0x0800276c   0x0800276c   0x000000d0   Code   RO         3699    i.Standard_SetEndPointFeature  usb_core.o
    0x0800283c   0x0800283c   0x0000006c   Code   RO         3700    i.Standard_SetInterface  usb_core.o
    0x080028a8   0x080028a8   0x0000009c   Code   RO         4507    i.Suspend           usb_pwr.o
    0x08002944   0x08002944   0x00000028   Code   RO           28    i.SysTick_CLKSourceConfig  misc.o
    0x0800296c   0x0800296c   0x00000002   Code   RO         3201    i.SysTick_Handler   stm32f10x_it.o
    0x0800296e   0x0800296e   0x00000002   PAD
    0x08002970   0x08002970   0x00000060   Code   RO         3252    i.SystemInit        system_stm32f10x.o
    0x080029d0   0x080029d0   0x00000068   Code   RO         3075    i.TIM2_IRQHandler   main.o
    0x08002a38   0x08002a38   0x0000005c   Code   RO         3076    i.TIM2_Int_Init     main.o
    0x08002a94   0x08002a94   0x00000006   Code   RO         2303    i.TIM_ClearITPendingBit  stm32f10x_tim.o
    0x08002a9a   0x08002a9a   0x00000018   Code   RO         2308    i.TIM_Cmd           stm32f10x_tim.o
    0x08002ab2   0x08002ab2   0x00000022   Code   RO         2329    i.TIM_GetITStatus   stm32f10x_tim.o
    0x08002ad4   0x08002ad4   0x00000012   Code   RO         2333    i.TIM_ITConfig      stm32f10x_tim.o
    0x08002ae6   0x08002ae6   0x00000002   PAD
    0x08002ae8   0x08002ae8   0x000000a4   Code   RO         2379    i.TIM_TimeBaseInit  stm32f10x_tim.o
    0x08002b8c   0x08002b8c   0x00000044   Code   RO         3583    i.USART1_IRQHandler  btk05.o
    0x08002bd0   0x08002bd0   0x00000012   Code   RO         2840    i.USART_ClearFlag   stm32f10x_usart.o
    0x08002be2   0x08002be2   0x0000001e   Code   RO         2841    i.USART_ClearITPendingBit  stm32f10x_usart.o
    0x08002c00   0x08002c00   0x00000018   Code   RO         2844    i.USART_Cmd         stm32f10x_usart.o
    0x08002c18   0x08002c18   0x0000009c   Code   RO         2846    i.USART_DeInit      stm32f10x_usart.o
    0x08002cb4   0x08002cb4   0x0000001a   Code   RO         2847    i.USART_GetFlagStatus  stm32f10x_usart.o
    0x08002cce   0x08002cce   0x00000054   Code   RO         2848    i.USART_GetITStatus  stm32f10x_usart.o
    0x08002d22   0x08002d22   0x0000004a   Code   RO         2850    i.USART_ITConfig    stm32f10x_usart.o
    0x08002d6c   0x08002d6c   0x000000d8   Code   RO         2851    i.USART_Init        stm32f10x_usart.o
    0x08002e44   0x08002e44   0x0000000a   Code   RO         2858    i.USART_ReceiveData  stm32f10x_usart.o
    0x08002e4e   0x08002e4e   0x00000008   Code   RO         2861    i.USART_SendData    stm32f10x_usart.o
    0x08002e56   0x08002e56   0x0000000c   Code   RO         4263    i.USBWakeUp_IRQHandler  hw_config.o
    0x08002e62   0x08002e62   0x00000002   Code   RO         4264    i.USB_Cable_Config  hw_config.o
    0x08002e64   0x08002e64   0x0000003c   Code   RO         3801    i.USB_Init          usb_init.o
    0x08002ea0   0x08002ea0   0x00000054   Code   RO         4265    i.USB_Interrupts_Config  hw_config.o
    0x08002ef4   0x08002ef4   0x000001cc   Code   RO         4369    i.USB_Istr          usb_istr.o
    0x080030c0   0x080030c0   0x00000008   Code   RO         4266    i.USB_LP_CAN1_RX0_IRQHandler  hw_config.o
    0x080030c8   0x080030c8   0x00000024   Code   RO         3078    i.USB_Mode          main.o
    0x080030ec   0x080030ec   0x00000058   Code   RO         4267    i.USB_Port_Set      hw_config.o
    0x08003144   0x08003144   0x00000024   Code   RO         4232    i.USB_SIL_Init      usb_sil.o
    0x08003168   0x08003168   0x0000002e   Code   RO         4234    i.USB_SIL_Write     usb_sil.o
    0x08003196   0x08003196   0x00000004   Code   RO         3202    i.UsageFault_Handler  stm32f10x_it.o
    0x0800319a   0x0800319a   0x00000002   PAD
    0x0800319c   0x0800319c   0x00000038   Code   RO         3855    i.UserToPMABufferCopy  usb_mem.o
    0x080031d4   0x080031d4   0x00000184   Code   RO         3079    i.main              main.o
    0x08003358   0x08003358   0x00000130   Code   RO         3496    i.myKeyBoard_ControlKeyProcess  mykeyboard.o
    0x08003488   0x08003488   0x00000064   Code   RO         3497    i.myKeyBoard_GPIO_Init  mykeyboard.o
    0x080034ec   0x080034ec   0x00000058   Code   RO         3498    i.myKeyBoard_JudgeKeyPressWithName  mykeyboard.o
    0x08003544   0x08003544   0x00000078   Code   RO         3499    i.myKeyBoard_JudgeKeyStateChange  mykeyboard.o
    0x080035bc   0x080035bc   0x0000003c   Code   RO         3500    i.myKeyBoard_KeyScan  mykeyboard.o
    0x080035f8   0x080035f8   0x000000f0   Code   RO         3501    i.myKeyBoard_KeyScan_rowScan  mykeyboard.o
    0x080036e8   0x080036e8   0x0000002c   Code   RO         3502    i.myKeyBoard_ScanKeyAndUpdataATBuffer  mykeyboard.o
    0x08003714   0x08003714   0x00000350   Code   RO         3503    i.myKeyBoard_UpdataATDataPack  mykeyboard.o
    0x08003a64   0x08003a64   0x00000016   Code   RO         3080    i.myUSB_Init        main.o
    0x08003a7a   0x08003a7a   0x00000002   PAD
    0x08003a7c   0x08003a7c   0x0000006c   Code   RO         3081    i.sysInit           main.o
    0x08003ae8   0x08003ae8   0x00000004   Data   RO         3343    .constdata          led.o
    0x08003aec   0x08003aec   0x00000080   Data   RO         3505    .constdata          mykeyboard.o
    0x08003b6c   0x08003b6c   0x000000ca   Data   RO         4343    .constdata          usb_desc.o
    0x08003c36   0x08003c36   0x00000002   PAD
    0x08003c38   0x08003c38   0x0000019d   Data   RO         3506    .conststring        mykeyboard.o
    0x08003dd5   0x08003dd5   0x00000003   PAD
    0x08003dd8   0x08003dd8   0x00000020   Data   RO         4709    Region$$Table       anon$$obj.o


    Execution Region RW_IRAM1 (Exec base: 0x20000000, Load base: 0x08003df8, Size: 0x00000ac0, Max: 0x0000c000, ABSOLUTE, COMPRESSED[0x000001b0])

    Exec Addr    Load Addr    Size         Type   Attr      Idx    E Section Name        Object

    0x20000000   COMPRESSED   0x00000014   Data   RW         1701    .data               stm32f10x_rcc.o
    0x20000014   COMPRESSED   0x0000000b   Data   RW         3082    .data               main.o
    0x2000001f   COMPRESSED   0x00000001   PAD
    0x20000020   COMPRESSED   0x00000014   Data   RW         3253    .data               system_stm32f10x.o
    0x20000034   COMPRESSED   0x00000004   Data   RW         3287    .data               delay.o
    0x20000038   COMPRESSED   0x00000005   Data   RW         3344    .data               led.o
    0x2000003d   COMPRESSED   0x00000003   PAD
    0x20000040   COMPRESSED   0x00000186   Data   RW         3507    .data               mykeyboard.o
    0x200001c6   COMPRESSED   0x00000018   Data   RW         3585    .data               btk05.o
    0x200001de   COMPRESSED   0x00000003   Data   RW         3701    .data               usb_core.o
    0x200001e1   COMPRESSED   0x00000003   PAD
    0x200001e4   COMPRESSED   0x00000014   Data   RW         3803    .data               usb_init.o
    0x200001f8   COMPRESSED   0x00000004   Data   RW         3826    .data               usb_int.o
    0x200001fc   COMPRESSED   0x00000001   Data   RW         4268    .data               hw_config.o
    0x200001fd   COMPRESSED   0x0000001a   Data   RW         4344    .data               usb_desc.o
    0x20000217   COMPRESSED   0x00000001   PAD
    0x20000218   COMPRESSED   0x00000044   Data   RW         4370    .data               usb_istr.o
    0x2000025c   COMPRESSED   0x0000009c   Data   RW         4406    .data               usb_prop.o
    0x200002f8   COMPRESSED   0x0000000c   Data   RW         4509    .data               usb_pwr.o
    0x20000304        -       0x0000000c   Zero   RW         3342    .bss                led.o
    0x20000310        -       0x000000d2   Zero   RW         3504    .bss                mykeyboard.o
    0x200003e2        -       0x0000003c   Zero   RW         3584    .bss                btk05.o
    0x2000041e   COMPRESSED   0x00000002   PAD
    0x20000420        -       0x0000001c   Zero   RW         3802    .bss                usb_init.o
    0x2000043c        -       0x00000020   Zero   RW         4508    .bss                usb_pwr.o
    0x2000045c        -       0x00000060   Zero   RW         4581    .bss                c_w.l(libspace.o)
    0x200004bc   COMPRESSED   0x00000004   PAD
    0x200004c0        -       0x00000200   Zero   RW           18    HEAP                startup_stm32f10x_hd.o
    0x200006c0        -       0x00000400   Zero   RW           17    STACK               startup_stm32f10x_hd.o


==============================================================================

Image component sizes


      Code (inc. data)   RO Data    RW Data    ZI Data      Debug   Object Name

       866        140          0         24         60      10991   btk05.o
         0          0          0          0          0       4604   core_cm3.o
       220         26          0          4          0       1856   delay.o
       392         28          0          1          0       7162   hw_config.o
      1430        106          4          5         12      14710   led.o
       786         88          0         11          0       7950   main.o
       172         22          0          0          0     254961   misc.o
      1936        292        541        390        210      10240   mykeyboard.o
        64         26        304          0       1536        836   startup_stm32f10x_hd.o
       160         12          0          0          0       1677   stm32f10x_exti.o
       504         28          0          0          0       4538   stm32f10x_gpio.o
        24          0          0          0          0       3769   stm32f10x_it.o
       352         50          0         20          0       6395   stm32f10x_rcc.o
       246         42          0          0          0       3802   stm32f10x_tim.o
       646         28          0          0          0       8332   stm32f10x_usart.o
       328         28          0         20          0       2569   system_stm32f10x.o
      3058        288          0          3          0      16059   usb_core.o
         0          0        202         26          0       1293   usb_desc.o
        12          4          0          0          0        486   usb_endp.o
        60         24          0         20         28       4502   usb_init.o
       648         32          0          4          0       2076   usb_int.o
       460         38          0         68          0       1899   usb_istr.o
        96         10          0          0          0       2116   usb_mem.o
       598        110          0        156          0      13584   usb_prop.o
       464         52          0         12         32       4120   usb_pwr.o
       676         90          0          0          0      10580   usb_regs.o
        82          8          0          0          0       1843   usb_sil.o

    ----------------------------------------------------------------------
     14304       1572       1088        772       1880     402950   Object Totals
         0          0         32          0          0          0   (incl. Generated)
        24          0          5          8          2          0   (incl. Padding)

    ----------------------------------------------------------------------

      Code (inc. data)   RO Data    RW Data    ZI Data      Debug   Library Member Name

        90          0          0          0          0          0   __dczerorl2.o
         8          0          0          0          0         68   __main.o
         0          0          0          0          0          0   __rtentry.o
        12          0          0          0          0          0   __rtentry2.o
         6          0          0          0          0          0   __rtentry4.o
        52          8          0          0          0          0   __scatter.o
        28          0          0          0          0          0   __scatter_zi.o
        18          0          0          0          0         80   exit.o
         6          0          0          0          0        152   heapauxi.o
         0          0          0          0          0          0   indicate_semi.o
         2          0          0          0          0          0   libinit.o
         2          0          0          0          0          0   libinit2.o
         2          0          0          0          0          0   libshutdown.o
         2          0          0          0          0          0   libshutdown2.o
         8          4          0          0         96         68   libspace.o
         2          0          0          0          0          0   rtexit.o
        10          0          0          0          0          0   rtexit2.o
       128          0          0          0          0         68   strcmpv7m.o
        12          4          0          0          0         68   sys_exit.o
        74          0          0          0          0         80   sys_stackheap_outer.o
         2          0          0          0          0         68   use_no_semi.o

    ----------------------------------------------------------------------
       472         16          0          0        100        652   Library Totals
         8          0          0          0          4          0   (incl. Padding)

    ----------------------------------------------------------------------

      Code (inc. data)   RO Data    RW Data    ZI Data      Debug   Library Name

       464         16          0          0         96        652   c_w.l

    ----------------------------------------------------------------------
       472         16          0          0        100        652   Library Totals

    ----------------------------------------------------------------------

==============================================================================


      Code (inc. data)   RO Data    RW Data    ZI Data      Debug   

     14776       1588       1088        772       1980     394654   Grand Totals
     14776       1588       1088        432       1980     394654   ELF Image Totals (compressed)
     14776       1588       1088        432          0          0   ROM Totals

==============================================================================

    Total RO  Size (Code + RO Data)                15864 (  15.49kB)
    Total RW  Size (RW Data + ZI Data)              2752 (   2.69kB)
    Total ROM Size (Code + RO Data + RW Data)      16296 (  15.91kB)

==============================================================================

